<?xml version="1.0" encoding="ISO-8859-1" ?>
<link_info>
   <banner>TI ARM Linker PC v20.2.4.LTS</banner>
   <copyright>Copyright (c) 1996-2018 Texas Instruments Incorporated</copyright>
   <link_time>0x64257254</link_time>
   <link_errors>0x0</link_errors>
   <output_file>Master_V1.out</output_file>
   <entry_point>
      <name>_c_int00_noargs</name>
      <address>0x1439</address>
   </entry_point>
   <input_file_list>
      <input_file id="fl-2">
         <path>.\</path>
         <kind>object</kind>
         <file>main.obj</file>
         <name>main.obj</name>
      </input_file>
      <input_file id="fl-3">
         <path>.\</path>
         <kind>object</kind>
         <file>startup_ccs.obj</file>
         <name>startup_ccs.obj</name>
      </input_file>
      <input_file id="fl-4">
         <path>.\drivers\</path>
         <kind>object</kind>
         <file>pinout.obj</file>
         <name>pinout.obj</name>
      </input_file>
      <input_file id="fl-5">
         <path>.\src\</path>
         <kind>object</kind>
         <file>RS_232.obj</file>
         <name>RS_232.obj</name>
      </input_file>
      <input_file id="fl-6">
         <path>.\src\</path>
         <kind>object</kind>
         <file>Timer0_A.obj</file>
         <name>Timer0_A.obj</name>
      </input_file>
      <input_file id="fl-7">
         <path>.\src\</path>
         <kind>object</kind>
         <file>bicolor.obj</file>
         <name>bicolor.obj</name>
      </input_file>
      <input_file id="fl-8">
         <path>.\src\</path>
         <kind>object</kind>
         <file>controller.obj</file>
         <name>controller.obj</name>
      </input_file>
      <input_file id="fl-9">
         <path>.\src\</path>
         <kind>object</kind>
         <file>dbg.obj</file>
         <name>dbg.obj</name>
      </input_file>
      <input_file id="fl-a">
         <path>.\src\</path>
         <kind>object</kind>
         <file>hw.obj</file>
         <name>hw.obj</name>
      </input_file>
      <input_file id="fl-b">
         <path>.\src\</path>
         <kind>object</kind>
         <file>modbus.obj</file>
         <name>modbus.obj</name>
      </input_file>
      <input_file id="fl-c">
         <path>.\src\</path>
         <kind>object</kind>
         <file>pneumatic.obj</file>
         <name>pneumatic.obj</name>
      </input_file>
      <input_file id="fl-d">
         <path>.\src\</path>
         <kind>object</kind>
         <file>ser_term.obj</file>
         <name>ser_term.obj</name>
      </input_file>
      <input_file id="fl-e">
         <path>.\src\</path>
         <kind>object</kind>
         <file>stepper_driver.obj</file>
         <name>stepper_driver.obj</name>
      </input_file>
      <input_file id="fl-f">
         <path>.\utils\</path>
         <kind>object</kind>
         <file>uartstdio.obj</file>
         <name>uartstdio.obj</name>
      </input_file>
      <input_file id="fl-14">
         <kind>object</kind>
         <file>&lt;internal&gt;</file>
         <name>&lt;internal&gt;</name>
      </input_file>
      <input_file id="fl-15">
         <path>C:\ti\TivaWare_C_Series-2.2.0.295\driverlib\ccs\Debug\</path>
         <kind>archive</kind>
         <file>driverlib.lib</file>
         <name>gpio.obj</name>
      </input_file>
      <input_file id="fl-16">
         <path>C:\ti\TivaWare_C_Series-2.2.0.295\driverlib\ccs\Debug\</path>
         <kind>archive</kind>
         <file>driverlib.lib</file>
         <name>interrupt.obj</name>
      </input_file>
      <input_file id="fl-17">
         <path>C:\ti\TivaWare_C_Series-2.2.0.295\driverlib\ccs\Debug\</path>
         <kind>archive</kind>
         <file>driverlib.lib</file>
         <name>sysctl.obj</name>
      </input_file>
      <input_file id="fl-18">
         <path>C:\ti\TivaWare_C_Series-2.2.0.295\driverlib\ccs\Debug\</path>
         <kind>archive</kind>
         <file>driverlib.lib</file>
         <name>systick.obj</name>
      </input_file>
      <input_file id="fl-19">
         <path>C:\ti\TivaWare_C_Series-2.2.0.295\driverlib\ccs\Debug\</path>
         <kind>archive</kind>
         <file>driverlib.lib</file>
         <name>timer.obj</name>
      </input_file>
      <input_file id="fl-1a">
         <path>C:\ti\TivaWare_C_Series-2.2.0.295\driverlib\ccs\Debug\</path>
         <kind>archive</kind>
         <file>driverlib.lib</file>
         <name>uart.obj</name>
      </input_file>
      <input_file id="fl-1b">
         <path>C:\ti\TivaWare_C_Series-2.2.0.295\driverlib\ccs\Debug\</path>
         <kind>archive</kind>
         <file>driverlib.lib</file>
         <name>cpu.obj</name>
      </input_file>
      <input_file id="fl-d1">
         <path>C:\ti\ccs1031\ccs\tools\compiler\ti-cgt-arm_20.2.4.LTS\lib\</path>
         <kind>archive</kind>
         <file>rtsv7M4_T_le_v4SPD16_eabi.lib</file>
         <name>u_divt2.asm.obj</name>
      </input_file>
      <input_file id="fl-d2">
         <path>C:\ti\ccs1031\ccs\tools\compiler\ti-cgt-arm_20.2.4.LTS\lib\</path>
         <kind>archive</kind>
         <file>rtsv7M4_T_le_v4SPD16_eabi.lib</file>
         <name>memset_t2.asm.obj</name>
      </input_file>
      <input_file id="fl-d3">
         <path>C:\ti\ccs1031\ccs\tools\compiler\ti-cgt-arm_20.2.4.LTS\lib\</path>
         <kind>archive</kind>
         <file>rtsv7M4_T_le_v4SPD16_eabi.lib</file>
         <name>copy_zero_init.c.obj</name>
      </input_file>
      <input_file id="fl-d4">
         <path>C:\ti\ccs1031\ccs\tools\compiler\ti-cgt-arm_20.2.4.LTS\lib\</path>
         <kind>archive</kind>
         <file>rtsv7M4_T_le_v4SPD16_eabi.lib</file>
         <name>copy_decompress_none.c.obj</name>
      </input_file>
      <input_file id="fl-d5">
         <path>C:\ti\ccs1031\ccs\tools\compiler\ti-cgt-arm_20.2.4.LTS\lib\</path>
         <kind>archive</kind>
         <file>rtsv7M4_T_le_v4SPD16_eabi.lib</file>
         <name>copy_decompress_lzss.c.obj</name>
      </input_file>
      <input_file id="fl-d6">
         <path>C:\ti\ccs1031\ccs\tools\compiler\ti-cgt-arm_20.2.4.LTS\lib\</path>
         <kind>archive</kind>
         <file>rtsv7M4_T_le_v4SPD16_eabi.lib</file>
         <name>atoi.c.obj</name>
      </input_file>
      <input_file id="fl-d7">
         <path>C:\ti\ccs1031\ccs\tools\compiler\ti-cgt-arm_20.2.4.LTS\lib\</path>
         <kind>archive</kind>
         <file>rtsv7M4_T_le_v4SPD16_eabi.lib</file>
         <name>ctype.c.obj</name>
      </input_file>
      <input_file id="fl-d8">
         <path>C:\ti\ccs1031\ccs\tools\compiler\ti-cgt-arm_20.2.4.LTS\lib\</path>
         <kind>archive</kind>
         <file>rtsv7M4_T_le_v4SPD16_eabi.lib</file>
         <name>strlen.c.obj</name>
      </input_file>
      <input_file id="fl-d9">
         <path>C:\ti\ccs1031\ccs\tools\compiler\ti-cgt-arm_20.2.4.LTS\lib\</path>
         <kind>archive</kind>
         <file>rtsv7M4_T_le_v4SPD16_eabi.lib</file>
         <name>boot_cortex_m.c.obj</name>
      </input_file>
      <input_file id="fl-da">
         <path>C:\ti\ccs1031\ccs\tools\compiler\ti-cgt-arm_20.2.4.LTS\lib\</path>
         <kind>archive</kind>
         <file>rtsv7M4_T_le_v4SPD16_eabi.lib</file>
         <name>div0.asm.obj</name>
      </input_file>
      <input_file id="fl-db">
         <path>C:\ti\ccs1031\ccs\tools\compiler\ti-cgt-arm_20.2.4.LTS\lib\</path>
         <kind>archive</kind>
         <file>rtsv7M4_T_le_v4SPD16_eabi.lib</file>
         <name>memcpy_t2.asm.obj</name>
      </input_file>
      <input_file id="fl-dc">
         <path>C:\ti\ccs1031\ccs\tools\compiler\ti-cgt-arm_20.2.4.LTS\lib\</path>
         <kind>archive</kind>
         <file>rtsv7M4_T_le_v4SPD16_eabi.lib</file>
         <name>autoinit.c.obj</name>
      </input_file>
      <input_file id="fl-dd">
         <path>C:\ti\ccs1031\ccs\tools\compiler\ti-cgt-arm_20.2.4.LTS\lib\</path>
         <kind>archive</kind>
         <file>rtsv7M4_T_le_v4SPD16_eabi.lib</file>
         <name>pre_init.c.obj</name>
      </input_file>
      <input_file id="fl-de">
         <path>C:\ti\ccs1031\ccs\tools\compiler\ti-cgt-arm_20.2.4.LTS\lib\</path>
         <kind>archive</kind>
         <file>rtsv7M4_T_le_v4SPD16_eabi.lib</file>
         <name>cpy_tbl.c.obj</name>
      </input_file>
      <input_file id="fl-df">
         <path>C:\ti\ccs1031\ccs\tools\compiler\ti-cgt-arm_20.2.4.LTS\lib\</path>
         <kind>archive</kind>
         <file>rtsv7M4_T_le_v4SPD16_eabi.lib</file>
         <name>exit.c.obj</name>
      </input_file>
      <input_file id="fl-e0">
         <path>C:\ti\ccs1031\ccs\tools\compiler\ti-cgt-arm_20.2.4.LTS\lib\</path>
         <kind>archive</kind>
         <file>rtsv7M4_T_le_v4SPD16_eabi.lib</file>
         <name>_lock.c.obj</name>
      </input_file>
      <input_file id="fl-e1">
         <path>C:\ti\ccs1031\ccs\tools\compiler\ti-cgt-arm_20.2.4.LTS\lib\</path>
         <kind>archive</kind>
         <file>rtsv7M4_T_le_v4SPD16_eabi.lib</file>
         <name>args_main.c.obj</name>
      </input_file>
   </input_file_list>
   <object_component_list>
      <object_component id="oc-13">
         <name>.intvecs</name>
         <load_address>0x0</load_address>
         <run_address>0x0</run_address>
         <size>0x200</size>
         <input_file_ref idref="fl-3"/>
      </object_component>
      <object_component id="oc-16e">
         <name>.text:SysCtlClockFreqSet</name>
         <load_address>0x200</load_address>
         <run_address>0x200</run_address>
         <size>0x200</size>
         <input_file_ref idref="fl-17"/>
      </object_component>
      <object_component id="oc-121">
         <name>.text:dbg_printf</name>
         <load_address>0x400</load_address>
         <run_address>0x400</run_address>
         <size>0x1bc</size>
         <input_file_ref idref="fl-9"/>
      </object_component>
      <object_component id="oc-2fd">
         <name>.text:GPIOPadConfigSet</name>
         <load_address>0x5bc</load_address>
         <run_address>0x5bc</run_address>
         <size>0x16c</size>
         <input_file_ref idref="fl-15"/>
      </object_component>
      <object_component id="oc-96">
         <name>.text:processCommand</name>
         <load_address>0x728</load_address>
         <run_address>0x728</run_address>
         <size>0xc4</size>
         <input_file_ref idref="fl-a"/>
      </object_component>
      <object_component id="oc-476">
         <name>.text:ModbusMasterTransaction_m</name>
         <load_address>0x7ec</load_address>
         <run_address>0x7ec</run_address>
         <size>0xbc</size>
         <input_file_ref idref="fl-b"/>
      </object_component>
      <object_component id="oc-46d">
         <name>.text:ModbusMasterTransaction</name>
         <load_address>0x8a8</load_address>
         <run_address>0x8a8</run_address>
         <size>0xa8</size>
         <input_file_ref idref="fl-b"/>
      </object_component>
      <object_component id="oc-174">
         <name>.text:hw_init</name>
         <load_address>0x950</load_address>
         <run_address>0x950</run_address>
         <size>0xa4</size>
         <input_file_ref idref="fl-a"/>
      </object_component>
      <object_component id="oc-5a">
         <name>.text</name>
         <load_address>0x9f4</load_address>
         <run_address>0x9f4</run_address>
         <size>0x9c</size>
         <input_file_ref idref="fl-db"/>
      </object_component>
      <object_component id="oc-25f">
         <name>.text:Start_Sequence</name>
         <load_address>0xa90</load_address>
         <run_address>0xa90</run_address>
         <size>0x96</size>
         <input_file_ref idref="fl-8"/>
      </object_component>
      <object_component id="oc-358">
         <name>.text:Stop_Sequence</name>
         <load_address>0xb26</load_address>
         <run_address>0xb26</run_address>
         <size>0x8a</size>
         <input_file_ref idref="fl-8"/>
      </object_component>
      <object_component id="oc-40">
         <name>.text:UART0IntHandler</name>
         <load_address>0xbb0</load_address>
         <run_address>0xbb0</run_address>
         <size>0x88</size>
         <input_file_ref idref="fl-a"/>
      </object_component>
      <object_component id="oc-241">
         <name>.text:hw_Start_Stop_init</name>
         <load_address>0xc38</load_address>
         <run_address>0xc38</run_address>
         <size>0x84</size>
         <input_file_ref idref="fl-a"/>
      </object_component>
      <object_component id="oc-46">
         <name>.text:PortNIntHandler</name>
         <load_address>0xcbc</load_address>
         <run_address>0xcbc</run_address>
         <size>0x7c</size>
         <input_file_ref idref="fl-a"/>
      </object_component>
      <object_component id="oc-f0">
         <name>.text</name>
         <load_address>0xd38</load_address>
         <run_address>0xd38</run_address>
         <size>0x7a</size>
         <input_file_ref idref="fl-d2"/>
      </object_component>
      <object_component id="oc-34">
         <name>.text:FaultISR</name>
         <load_address>0xdb2</load_address>
         <run_address>0xdb2</run_address>
         <size>0x2</size>
         <input_file_ref idref="fl-3"/>
      </object_component>
      <object_component id="oc-2da">
         <name>.text:UART0_init</name>
         <load_address>0xdb4</load_address>
         <run_address>0xdb4</run_address>
         <size>0x74</size>
         <input_file_ref idref="fl-5"/>
      </object_component>
      <object_component id="oc-3b2">
         <name>.text:IntEnable</name>
         <load_address>0xe28</load_address>
         <run_address>0xe28</run_address>
         <size>0x68</size>
         <input_file_ref idref="fl-16"/>
      </object_component>
      <object_component id="oc-16">
         <name>.text:decompress:lzss:__TI_decompress_lzss</name>
         <load_address>0xe90</load_address>
         <run_address>0xe90</run_address>
         <size>0x68</size>
         <input_file_ref idref="fl-d5"/>
      </object_component>
      <object_component id="oc-3c5">
         <name>.text:UARTStdioConfig</name>
         <load_address>0xef8</load_address>
         <run_address>0xef8</run_address>
         <size>0x60</size>
         <input_file_ref idref="fl-f"/>
      </object_component>
      <object_component id="oc-303">
         <name>.text:GPIOIntTypeSet</name>
         <load_address>0xf58</load_address>
         <run_address>0xf58</run_address>
         <size>0x58</size>
         <input_file_ref idref="fl-15"/>
      </object_component>
      <object_component id="oc-23b">
         <name>.text:hw_hard_reset_init</name>
         <load_address>0xfb0</load_address>
         <run_address>0xfb0</run_address>
         <size>0x58</size>
         <input_file_ref idref="fl-a"/>
      </object_component>
      <object_component id="oc-2e0">
         <name>.text:UART2_init</name>
         <load_address>0x1008</load_address>
         <run_address>0x1008</run_address>
         <size>0x50</size>
         <input_file_ref idref="fl-5"/>
      </object_component>
      <object_component id="oc-223">
         <name>.text:rs232_init</name>
         <load_address>0x1058</load_address>
         <run_address>0x1058</run_address>
         <size>0x50</size>
         <input_file_ref idref="fl-5"/>
      </object_component>
      <object_component id="oc-39a">
         <name>.text:GPIOPinConfigure</name>
         <load_address>0x10a8</load_address>
         <run_address>0x10a8</run_address>
         <size>0x4c</size>
         <input_file_ref idref="fl-15"/>
      </object_component>
      <object_component id="oc-11b">
         <name>.text:atoi</name>
         <load_address>0x10f4</load_address>
         <run_address>0x10f4</run_address>
         <size>0x4c</size>
         <input_file_ref idref="fl-d6"/>
      </object_component>
      <object_component id="oc-206">
         <name>.text:_SysCtlFrequencyGet</name>
         <load_address>0x1140</load_address>
         <run_address>0x1140</run_address>
         <size>0x48</size>
         <input_file_ref idref="fl-17"/>
      </object_component>
      <object_component id="oc-266">
         <name>.text:hw_recall</name>
         <load_address>0x1188</load_address>
         <run_address>0x1188</run_address>
         <size>0x48</size>
         <input_file_ref idref="fl-a"/>
      </object_component>
      <object_component id="oc-3ac">
         <name>.text:UARTConfigSetExpClk</name>
         <load_address>0x11d0</load_address>
         <run_address>0x11d0</run_address>
         <size>0x46</size>
         <input_file_ref idref="fl-1a"/>
      </object_component>
      <object_component id="oc-3a">
         <name>.text:IntDefaultHandler</name>
         <load_address>0x1216</load_address>
         <run_address>0x1216</run_address>
         <size>0x2</size>
         <input_file_ref idref="fl-3"/>
      </object_component>
      <object_component id="oc-3dc">
         <name>.text:_GPIOIntNumberGet</name>
         <load_address>0x1218</load_address>
         <run_address>0x1218</run_address>
         <size>0x44</size>
         <input_file_ref idref="fl-15"/>
      </object_component>
      <object_component id="oc-18e">
         <name>.text:__TI_auto_init_nobinit_nopinit:__TI_auto_init_nobinit_nopinit</name>
         <load_address>0x125c</load_address>
         <run_address>0x125c</run_address>
         <size>0x44</size>
         <input_file_ref idref="fl-dc"/>
      </object_component>
      <object_component id="oc-fc">
         <name>.text:main</name>
         <load_address>0x12a0</load_address>
         <run_address>0x12a0</run_address>
         <size>0x44</size>
         <input_file_ref idref="fl-2"/>
      </object_component>
      <object_component id="oc-22f">
         <name>.text:bicolor_init</name>
         <load_address>0x12e4</load_address>
         <run_address>0x12e4</run_address>
         <size>0x40</size>
         <input_file_ref idref="fl-7"/>
      </object_component>
      <object_component id="oc-40d">
         <name>.text:hw_elevator_stop</name>
         <load_address>0x1324</load_address>
         <run_address>0x1324</run_address>
         <size>0x3c</size>
         <input_file_ref idref="fl-a"/>
      </object_component>
      <object_component id="oc-1de">
         <name>.text:divOut</name>
         <load_address>0x1360</load_address>
         <run_address>0x1360</run_address>
         <size>0x38</size>
         <input_file_ref idref="fl-9"/>
      </object_component>
      <object_component id="oc-24d">
         <name>.text:hw_Raw_relay_init</name>
         <load_address>0x1398</load_address>
         <run_address>0x1398</run_address>
         <size>0x38</size>
         <input_file_ref idref="fl-a"/>
      </object_component>
      <object_component id="oc-38f">
         <name>.text:IntRegister</name>
         <load_address>0x13d0</load_address>
         <run_address>0x13d0</run_address>
         <size>0x34</size>
         <input_file_ref idref="fl-16"/>
      </object_component>
      <object_component id="oc-217">
         <name>.text:SysCtlPeripheralEnable</name>
         <load_address>0x1404</load_address>
         <run_address>0x1404</run_address>
         <size>0x34</size>
         <input_file_ref idref="fl-17"/>
      </object_component>
      <object_component id="oc-78">
         <name>.text:_c_int00_noargs:_c_int00_noargs</name>
         <load_address>0x1438</load_address>
         <run_address>0x1438</run_address>
         <size>0x34</size>
         <input_file_ref idref="fl-d9"/>
      </object_component>
      <object_component id="oc-c0">
         <name>.text:hw_Raw_relay1_ON</name>
         <load_address>0x146c</load_address>
         <run_address>0x146c</run_address>
         <size>0x34</size>
         <input_file_ref idref="fl-a"/>
      </object_component>
      <object_component id="oc-c6">
         <name>.text:hw_Raw_relay2_ON</name>
         <load_address>0x14a0</load_address>
         <run_address>0x14a0</run_address>
         <size>0x34</size>
         <input_file_ref idref="fl-a"/>
      </object_component>
      <object_component id="oc-247">
         <name>.text:hw_towerlamp_init</name>
         <load_address>0x14d4</load_address>
         <run_address>0x14d4</run_address>
         <size>0x34</size>
         <input_file_ref idref="fl-a"/>
      </object_component>
      <object_component id="oc-cc">
         <name>.text:hw_red_lamp_ON</name>
         <load_address>0x1508</load_address>
         <run_address>0x1508</run_address>
         <size>0x30</size>
         <input_file_ref idref="fl-a"/>
      </object_component>
      <object_component id="oc-1e4">
         <name>.text:outDgt</name>
         <load_address>0x1538</load_address>
         <run_address>0x1538</run_address>
         <size>0x30</size>
         <input_file_ref idref="fl-9"/>
      </object_component>
      <object_component id="oc-3d2">
         <name>.text:GPIODirModeSet</name>
         <load_address>0x1568</load_address>
         <run_address>0x1568</run_address>
         <size>0x2c</size>
         <input_file_ref idref="fl-15"/>
      </object_component>
      <object_component id="oc-339">
         <name>.text:Singularizer_connect</name>
         <load_address>0x1594</load_address>
         <run_address>0x1594</run_address>
         <size>0x2c</size>
         <input_file_ref idref="fl-a"/>
      </object_component>
      <object_component id="oc-419">
         <name>.text:Singularizer_disconnect</name>
         <load_address>0x15c0</load_address>
         <run_address>0x15c0</run_address>
         <size>0x2c</size>
         <input_file_ref idref="fl-a"/>
      </object_component>
      <object_component id="oc-33f">
         <name>.text:Singularizer_run</name>
         <load_address>0x15ec</load_address>
         <run_address>0x15ec</run_address>
         <size>0x2c</size>
         <input_file_ref idref="fl-a"/>
      </object_component>
      <object_component id="oc-413">
         <name>.text:Singularizer_stop</name>
         <load_address>0x1618</load_address>
         <run_address>0x1618</run_address>
         <size>0x2c</size>
         <input_file_ref idref="fl-a"/>
      </object_component>
      <object_component id="oc-32d">
         <name>.text:hw_conveyor_forward</name>
         <load_address>0x1644</load_address>
         <run_address>0x1644</run_address>
         <size>0x2c</size>
         <input_file_ref idref="fl-a"/>
      </object_component>
      <object_component id="oc-401">
         <name>.text:hw_conveyor_stop</name>
         <load_address>0x1670</load_address>
         <run_address>0x1670</run_address>
         <size>0x2c</size>
         <input_file_ref idref="fl-a"/>
      </object_component>
      <object_component id="oc-259">
         <name>.text:hw_Linear_drive_init</name>
         <load_address>0x169c</load_address>
         <run_address>0x169c</run_address>
         <size>0x28</size>
         <input_file_ref idref="fl-a"/>
      </object_component>
      <object_component id="oc-115">
         <name>.text:removeBraces</name>
         <load_address>0x16c4</load_address>
         <run_address>0x16c4</run_address>
         <size>0x26</size>
         <input_file_ref idref="fl-a"/>
      </object_component>
      <object_component id="oc-2e">
         <name>.text:NmiSR</name>
         <load_address>0x16ea</load_address>
         <run_address>0x16ea</run_address>
         <size>0x2</size>
         <input_file_ref idref="fl-3"/>
      </object_component>
      <object_component id="oc-21d">
         <name>.text:Systick_init</name>
         <load_address>0x16ec</load_address>
         <run_address>0x16ec</run_address>
         <size>0x24</size>
         <input_file_ref idref="fl-a"/>
      </object_component>
      <object_component id="oc-449">
         <name>.text:UARTDisable</name>
         <load_address>0x1710</load_address>
         <run_address>0x1710</run_address>
         <size>0x20</size>
         <input_file_ref idref="fl-1a"/>
      </object_component>
      <object_component id="oc-200">
         <name>.text:_SysCtlMemTimingGet</name>
         <load_address>0x1730</load_address>
         <run_address>0x1730</run_address>
         <size>0x20</size>
         <input_file_ref idref="fl-17"/>
      </object_component>
      <object_component id="oc-2c1">
         <name>.text:SysTickIntRegister</name>
         <load_address>0x1750</load_address>
         <run_address>0x1750</run_address>
         <size>0x1c</size>
         <input_file_ref idref="fl-18"/>
      </object_component>
      <object_component id="oc-66">
         <name>.text:decompress:ZI:__TI_zero_init_nomemset:__TI_zero_init_nomemset</name>
         <load_address>0x176c</load_address>
         <run_address>0x176c</run_address>
         <size>0x1c</size>
         <input_file_ref idref="fl-d3"/>
      </object_component>
      <object_component id="oc-2ef">
         <name>.text:GPIOPinTypeGPIOOutput</name>
         <load_address>0x1788</load_address>
         <run_address>0x1788</run_address>
         <size>0x1a</size>
         <input_file_ref idref="fl-15"/>
      </object_component>
      <object_component id="oc-309">
         <name>.text:GPIOIntRegister</name>
         <load_address>0x17a2</load_address>
         <run_address>0x17a2</run_address>
         <size>0x18</size>
         <input_file_ref idref="fl-15"/>
      </object_component>
      <object_component id="oc-49b">
         <name>.text:crc16_update</name>
         <load_address>0x17ba</load_address>
         <run_address>0x17ba</run_address>
         <size>0x18</size>
         <input_file_ref idref="fl-b"/>
      </object_component>
      <object_component id="oc-3ee">
         <name>.text:test_writingRegisters</name>
         <load_address>0x17d4</load_address>
         <run_address>0x17d4</run_address>
         <size>0x18</size>
         <input_file_ref idref="fl-b"/>
      </object_component>
      <object_component id="oc-1ea">
         <name>.text:uart_putc</name>
         <load_address>0x17ec</load_address>
         <run_address>0x17ec</run_address>
         <size>0x18</size>
         <input_file_ref idref="fl-9"/>
      </object_component>
      <object_component id="oc-3f7">
         <name>.text:writeMultipleRegisters</name>
         <load_address>0x1804</load_address>
         <run_address>0x1804</run_address>
         <size>0x18</size>
         <input_file_ref idref="fl-b"/>
      </object_component>
      <object_component id="oc-2f7">
         <name>.text:GPIOPinTypeGPIOInput</name>
         <load_address>0x181c</load_address>
         <run_address>0x181c</run_address>
         <size>0x16</size>
         <input_file_ref idref="fl-15"/>
      </object_component>
      <object_component id="oc-3a0">
         <name>.text:GPIOPinTypeUART</name>
         <load_address>0x1832</load_address>
         <run_address>0x1832</run_address>
         <size>0x16</size>
         <input_file_ref idref="fl-15"/>
      </object_component>
      <object_component id="oc-31b">
         <name>.text:delay_ms</name>
         <load_address>0x1848</load_address>
         <run_address>0x1848</run_address>
         <size>0x16</size>
         <input_file_ref idref="fl-a"/>
      </object_component>
      <object_component id="oc-2cd">
         <name>.text:SysTickEnable</name>
         <load_address>0x1860</load_address>
         <run_address>0x1860</run_address>
         <size>0x14</size>
         <input_file_ref idref="fl-18"/>
      </object_component>
      <object_component id="oc-2c7">
         <name>.text:SysTickIntEnable</name>
         <load_address>0x1874</load_address>
         <run_address>0x1874</run_address>
         <size>0x14</size>
         <input_file_ref idref="fl-18"/>
      </object_component>
      <object_component id="oc-3be">
         <name>.text:UARTEnable</name>
         <load_address>0x1888</load_address>
         <run_address>0x1888</run_address>
         <size>0x14</size>
         <input_file_ref idref="fl-1a"/>
      </object_component>
      <object_component id="oc-1cc">
         <name>.text:strlen</name>
         <load_address>0x189c</load_address>
         <run_address>0x189c</run_address>
         <size>0x14</size>
         <input_file_ref idref="fl-d8"/>
      </object_component>
      <object_component id="oc-2bb">
         <name>.text:IntMasterEnable</name>
         <load_address>0x18b0</load_address>
         <run_address>0x18b0</run_address>
         <size>0x10</size>
         <input_file_ref idref="fl-16"/>
      </object_component>
      <object_component id="oc-2d3">
         <name>.text:SysTickIntHandler</name>
         <load_address>0x18c0</load_address>
         <run_address>0x18c0</run_address>
         <size>0x10</size>
         <input_file_ref idref="fl-a"/>
      </object_component>
      <object_component id="oc-2b5">
         <name>.text:SysTickPeriodSet</name>
         <load_address>0x18d0</load_address>
         <run_address>0x18d0</run_address>
         <size>0x10</size>
         <input_file_ref idref="fl-18"/>
      </object_component>
      <object_component id="oc-133">
         <name>.text:hw_Raw_relay1_OFF</name>
         <load_address>0x18e0</load_address>
         <run_address>0x18e0</run_address>
         <size>0x10</size>
         <input_file_ref idref="fl-a"/>
      </object_component>
      <object_component id="oc-139">
         <name>.text:hw_Raw_relay2_OFF</name>
         <load_address>0x18f0</load_address>
         <run_address>0x18f0</run_address>
         <size>0x10</size>
         <input_file_ref idref="fl-a"/>
      </object_component>
      <object_component id="oc-407">
         <name>.text:hw_contactor1_OFF</name>
         <load_address>0x1900</load_address>
         <run_address>0x1900</run_address>
         <size>0x10</size>
         <input_file_ref idref="fl-a"/>
      </object_component>
      <object_component id="oc-345">
         <name>.text:hw_contactor1_ON</name>
         <load_address>0x1910</load_address>
         <run_address>0x1910</run_address>
         <size>0x10</size>
         <input_file_ref idref="fl-a"/>
      </object_component>
      <object_component id="oc-41f">
         <name>.text:hw_contactor2_OFF</name>
         <load_address>0x1920</load_address>
         <run_address>0x1920</run_address>
         <size>0x10</size>
         <input_file_ref idref="fl-a"/>
      </object_component>
      <object_component id="oc-333">
         <name>.text:hw_contactor2_ON</name>
         <load_address>0x1930</load_address>
         <run_address>0x1930</run_address>
         <size>0x10</size>
         <input_file_ref idref="fl-a"/>
      </object_component>
      <object_component id="oc-425">
         <name>.text:hw_contactor3_OFF</name>
         <load_address>0x1940</load_address>
         <run_address>0x1940</run_address>
         <size>0x10</size>
         <input_file_ref idref="fl-a"/>
      </object_component>
      <object_component id="oc-321">
         <name>.text:hw_contactor3_ON</name>
         <load_address>0x1950</load_address>
         <run_address>0x1950</run_address>
         <size>0x10</size>
         <input_file_ref idref="fl-a"/>
      </object_component>
      <object_component id="oc-127">
         <name>.text:hw_contactor4_OFF</name>
         <load_address>0x1960</load_address>
         <run_address>0x1960</run_address>
         <size>0x10</size>
         <input_file_ref idref="fl-a"/>
      </object_component>
      <object_component id="oc-12d">
         <name>.text:hw_contactor4_ON</name>
         <load_address>0x1970</load_address>
         <run_address>0x1970</run_address>
         <size>0x10</size>
         <input_file_ref idref="fl-a"/>
      </object_component>
      <object_component id="oc-ba">
         <name>.text:hw_green_lamp_OFF</name>
         <load_address>0x1980</load_address>
         <run_address>0x1980</run_address>
         <size>0x10</size>
         <input_file_ref idref="fl-a"/>
      </object_component>
      <object_component id="oc-34b">
         <name>.text:hw_green_lamp_ON</name>
         <load_address>0x1990</load_address>
         <run_address>0x1990</run_address>
         <size>0x10</size>
         <input_file_ref idref="fl-a"/>
      </object_component>
      <object_component id="oc-1d8">
         <name>.text:out</name>
         <load_address>0x19a0</load_address>
         <run_address>0x19a0</run_address>
         <size>0x10</size>
         <input_file_ref idref="fl-9"/>
      </object_component>
      <object_component id="oc-a8">
         <name>.text:GPIOIntStatus</name>
         <load_address>0x19b0</load_address>
         <run_address>0x19b0</run_address>
         <size>0xe</size>
         <input_file_ref idref="fl-15"/>
      </object_component>
      <object_component id="oc-90">
         <name>.text:UARTCharGetNonBlocking</name>
         <load_address>0x19be</load_address>
         <run_address>0x19be</run_address>
         <size>0xe</size>
         <input_file_ref idref="fl-1a"/>
      </object_component>
      <object_component id="oc-1c">
         <name>.text:decompress:none:__TI_decompress_none</name>
         <load_address>0x19cc</load_address>
         <run_address>0x19cc</run_address>
         <size>0xe</size>
         <input_file_ref idref="fl-d4"/>
      </object_component>
      <object_component id="oc-388">
         <name>.text:CPUcpsie</name>
         <load_address>0x19da</load_address>
         <run_address>0x19da</run_address>
         <size>0xc</size>
         <input_file_ref idref="fl-1b"/>
      </object_component>
      <object_component id="oc-30f">
         <name>.text:GPIOIntEnable</name>
         <load_address>0x19e6</load_address>
         <run_address>0x19e6</run_address>
         <size>0xc</size>
         <input_file_ref idref="fl-15"/>
      </object_component>
      <object_component id="oc-327">
         <name>.text:ModbusMaster_assign</name>
         <load_address>0x19f4</load_address>
         <run_address>0x19f4</run_address>
         <size>0xc</size>
         <input_file_ref idref="fl-b"/>
      </object_component>
      <object_component id="oc-229">
         <name>.text:ModbusMaster_begin</name>
         <load_address>0x1a00</load_address>
         <run_address>0x1a00</run_address>
         <size>0xc</size>
         <input_file_ref idref="fl-b"/>
      </object_component>
      <object_component id="oc-253">
         <name>.text:hw_contactor_init</name>
         <load_address>0x1a0c</load_address>
         <run_address>0x1a0c</run_address>
         <size>0xc</size>
         <input_file_ref idref="fl-a"/>
      </object_component>
      <object_component id="oc-235">
         <name>.text:hw_pneumatic_init</name>
         <load_address>0x1a18</load_address>
         <run_address>0x1a18</run_address>
         <size>0xc</size>
         <input_file_ref idref="fl-a"/>
      </object_component>
      <object_component id="oc-3e4">
         <name>.text:millis</name>
         <load_address>0x1a24</load_address>
         <run_address>0x1a24</run_address>
         <size>0xc</size>
         <input_file_ref idref="fl-a"/>
      </object_component>
      <object_component id="oc-3b8">
         <name>.text:UARTIntEnable</name>
         <load_address>0x1a30</load_address>
         <run_address>0x1a30</run_address>
         <size>0x8</size>
         <input_file_ref idref="fl-1a"/>
      </object_component>
      <object_component id="oc-17a">
         <name>.text:controller</name>
         <load_address>0x1a38</load_address>
         <run_address>0x1a38</run_address>
         <size>0x8</size>
         <input_file_ref idref="fl-8"/>
      </object_component>
      <object_component id="oc-ae">
         <name>.text:GPIOIntClear</name>
         <load_address>0x1a40</load_address>
         <run_address>0x1a40</run_address>
         <size>0x6</size>
         <input_file_ref idref="fl-15"/>
      </object_component>
      <object_component id="oc-352">
         <name>.text:GPIOPinRead</name>
         <load_address>0x1a46</load_address>
         <run_address>0x1a46</run_address>
         <size>0x6</size>
         <input_file_ref idref="fl-15"/>
      </object_component>
      <object_component id="oc-b4">
         <name>.text:GPIOPinWrite</name>
         <load_address>0x1a4c</load_address>
         <run_address>0x1a4c</run_address>
         <size>0x6</size>
         <input_file_ref idref="fl-15"/>
      </object_component>
      <object_component id="oc-28">
         <name>.text:ResetISR</name>
         <load_address>0x1a52</load_address>
         <run_address>0x1a52</run_address>
         <size>0x6</size>
         <input_file_ref idref="fl-3"/>
      </object_component>
      <object_component id="oc-3ed">
         <name>.text:SysCtlDelay</name>
         <load_address>0x1a58</load_address>
         <run_address>0x1a58</run_address>
         <size>0x6</size>
         <input_file_ref idref="fl-17"/>
      </object_component>
      <object_component id="oc-3a6">
         <name>.text:UARTClockSourceSet</name>
         <load_address>0x1a5e</load_address>
         <run_address>0x1a5e</run_address>
         <size>0x6</size>
         <input_file_ref idref="fl-1a"/>
      </object_component>
      <object_component id="oc-f6">
         <name>.text:_system_pre_init</name>
         <load_address>0x1a64</load_address>
         <run_address>0x1a64</run_address>
         <size>0x4</size>
         <input_file_ref idref="fl-dd"/>
      </object_component>
      <object_component id="oc-182">
         <name>.text:abort:abort</name>
         <load_address>0x1a68</load_address>
         <run_address>0x1a68</run_address>
         <size>0x4</size>
         <input_file_ref idref="fl-df"/>
      </object_component>
      <object_component id="oc-20f">
         <name>.const:g_pppui32XTALtoVCO</name>
         <load_address>0x1a6c</load_address>
         <run_address>0x1a6c</run_address>
         <size>0x1b0</size>
         <input_file_ref idref="fl-17"/>
      </object_component>
      <object_component id="oc-1d3">
         <name>.const:.string:_ctypes_</name>
         <load_address>0x1c1c</load_address>
         <run_address>0x1c1c</run_address>
         <size>0x101</size>
         <input_file_ref idref="fl-d7"/>
      </object_component>
      <object_component id="oc-468">
         <name>.const:g_ppui32GPIOIntMapSnowflake</name>
         <load_address>0x1d20</load_address>
         <run_address>0x1d20</run_address>
         <size>0xd8</size>
         <input_file_ref idref="fl-15"/>
      </object_component>
      <object_component id="oc-465">
         <name>.const:g_ppui32GPIOIntMapBlizzard</name>
         <load_address>0x1df8</load_address>
         <run_address>0x1df8</run_address>
         <size>0xc0</size>
         <input_file_ref idref="fl-15"/>
      </object_component>
      <object_component id="oc-443">
         <name>.const:g_pui32GPIOBaseAddrs</name>
         <load_address>0x1eb8</load_address>
         <run_address>0x1eb8</run_address>
         <size>0x90</size>
         <input_file_ref idref="fl-15"/>
      </object_component>
      <object_component id="oc-20c">
         <name>.const:g_pui32Xtals</name>
         <load_address>0x1f48</load_address>
         <run_address>0x1f48</run_address>
         <size>0x6c</size>
         <input_file_ref idref="fl-17"/>
      </object_component>
      <object_component id="oc-29e">
         <name>.const:g_sXTALtoMEMTIM</name>
         <load_address>0x1fb4</load_address>
         <run_address>0x1fb4</run_address>
         <size>0x30</size>
         <input_file_ref idref="fl-17"/>
      </object_component>
      <object_component id="oc-450">
         <name>.const:g_pui32EnRegs</name>
         <load_address>0x1fe4</load_address>
         <run_address>0x1fe4</run_address>
         <size>0x14</size>
         <input_file_ref idref="fl-16"/>
      </object_component>
      <object_component id="oc-459">
         <name>.const:g_ui32UARTBase</name>
         <load_address>0x1ff8</load_address>
         <run_address>0x1ff8</run_address>
         <size>0xc</size>
         <input_file_ref idref="fl-f"/>
      </object_component>
      <object_component id="oc-456">
         <name>.const:g_ui32UARTPeriph</name>
         <load_address>0x2004</load_address>
         <run_address>0x2004</run_address>
         <size>0xc</size>
         <input_file_ref idref="fl-f"/>
      </object_component>
      <object_component id="oc-212">
         <name>.const:g_pui32VCOFrequencies</name>
         <load_address>0x2010</load_address>
         <run_address>0x2010</run_address>
         <size>0x8</size>
         <input_file_ref idref="fl-17"/>
      </object_component>
      <object_component id="oc-4d9">
         <name>.cinit..data.load</name>
         <load_address>0x2018</load_address>
         <run_address>0x2018</run_address>
         <size>0xe</size>
      </object_component>
      <object_component id="oc-4d6">
         <name>__TI_handler_table</name>
         <load_address>0x2028</load_address>
         <run_address>0x2028</run_address>
         <size>0xc</size>
      </object_component>
      <object_component id="oc-4da">
         <name>.cinit..bss.load</name>
         <load_address>0x2038</load_address>
         <run_address>0x2038</run_address>
         <size>0x8</size>
      </object_component>
      <object_component id="oc-4d8">
         <name>.cinit..vtable.load</name>
         <load_address>0x2040</load_address>
         <run_address>0x2040</run_address>
         <size>0x8</size>
      </object_component>
      <object_component id="oc-4d7">
         <name>__TI_cinit_table</name>
         <load_address>0x2048</load_address>
         <run_address>0x2048</run_address>
         <size>0x18</size>
      </object_component>
      <object_component id="oc-43e">
         <name>.vtable</name>
         <uninitialized>true</uninitialized>
         <run_address>0x20000000</run_address>
         <size>0x26c</size>
         <input_file_ref idref="fl-16"/>
      </object_component>
      <object_component id="oc-9c">
         <name>.data</name>
         <load_address>0x20000538</load_address>
         <run_address>0x20000538</run_address>
         <size>0xc</size>
         <input_file_ref idref="fl-a"/>
      </object_component>
      <object_component id="oc-45c">
         <name>.data</name>
         <load_address>0x20000544</load_address>
         <run_address>0x20000544</run_address>
         <size>0x5</size>
         <input_file_ref idref="fl-f"/>
      </object_component>
      <object_component id="oc-1f0">
         <name>.bss</name>
         <uninitialized>true</uninitialized>
         <run_address>0x20000514</run_address>
         <size>0xa</size>
         <input_file_ref idref="fl-9"/>
      </object_component>
      <object_component id="oc-1f3">
         <name>.bss:buf</name>
         <uninitialized>true</uninitialized>
         <run_address>0x20000508</run_address>
         <size>0xc</size>
         <input_file_ref idref="fl-9"/>
      </object_component>
      <object_component id="oc-180">
         <name>.common:g_ui32SysClock</name>
         <uninitialized>true</uninitialized>
         <run_address>0x20000520</run_address>
         <size>0x4</size>
      </object_component>
      <object_component id="oc-2e7">
         <name>.common:_u8MBSlave</name>
         <uninitialized>true</uninitialized>
         <run_address>0x20000530</run_address>
         <size>0x1</size>
      </object_component>
      <object_component id="oc-473">
         <name>.common:_u16ReadAddress</name>
         <uninitialized>true</uninitialized>
         <run_address>0x2000051e</run_address>
         <size>0x2</size>
      </object_component>
      <object_component id="oc-474">
         <name>.common:_u16ReadQty</name>
         <uninitialized>true</uninitialized>
         <run_address>0x2000052c</run_address>
         <size>0x2</size>
      </object_component>
      <object_component id="oc-4a2">
         <name>.common:u8ModbusADU</name>
         <uninitialized>true</uninitialized>
         <run_address>0x200004d4</run_address>
         <size>0x34</size>
      </object_component>
      <object_component id="oc-4a4">
         <name>.common:i</name>
         <uninitialized>true</uninitialized>
         <run_address>0x20000531</run_address>
         <size>0x1</size>
      </object_component>
      <object_component id="oc-4a5">
         <name>.common:u16CRC</name>
         <uninitialized>true</uninitialized>
         <run_address>0x2000052e</run_address>
         <size>0x2</size>
      </object_component>
      <object_component id="oc-4a3">
         <name>.common:u8BytesLeft</name>
         <uninitialized>true</uninitialized>
         <run_address>0x20000533</run_address>
         <size>0x1</size>
      </object_component>
      <object_component id="oc-4a1">
         <name>.common:u8MBStatus</name>
         <uninitialized>true</uninitialized>
         <run_address>0x20000534</run_address>
         <size>0x1</size>
      </object_component>
      <object_component id="oc-d2">
         <name>.common:systemState</name>
         <uninitialized>true</uninitialized>
         <run_address>0x20000532</run_address>
         <size>0x1</size>
      </object_component>
      <object_component id="oc-9f">
         <name>.common:str</name>
         <uninitialized>true</uninitialized>
         <run_address>0x20000470</run_address>
         <size>0x64</size>
      </object_component>
      <object_component id="oc-13f">
         <name>.common:str2int</name>
         <uninitialized>true</uninitialized>
         <run_address>0x20000528</run_address>
         <size>0x4</size>
      </object_component>
      <object_component id="oc-398">
         <name>.common:milliseconds</name>
         <uninitialized>true</uninitialized>
         <run_address>0x20000524</run_address>
         <size>0x4</size>
      </object_component>
      <object_component id="oc-25">
         <name>.stack</name>
         <uninitialized>true</uninitialized>
         <run_address>0x20000270</run_address>
         <size>0x4</size>
         <input_file_ref idref="fl-d9"/>
      </object_component>
      <object_component id="oc-4dc">
         <name>.stack</name>
         <uninitialized>true</uninitialized>
         <run_address>0x20000270</run_address>
         <size>0x0</size>
      </object_component>
      <object_component id="oc-15c">
         <name>.debug_info</name>
         <load_address>0x0</load_address>
         <run_address>0x0</run_address>
         <size>0x34f</size>
         <input_file_ref idref="fl-2"/>
      </object_component>
      <object_component id="oc-ff">
         <name>.debug_info</name>
         <load_address>0x34f</load_address>
         <run_address>0x34f</run_address>
         <size>0x12f</size>
         <input_file_ref idref="fl-2"/>
      </object_component>
      <object_component id="oc-d6">
         <name>.debug_info</name>
         <load_address>0x47e</load_address>
         <run_address>0x47e</run_address>
         <size>0x26b</size>
         <input_file_ref idref="fl-2"/>
      </object_component>
      <object_component id="oc-14a">
         <name>.debug_info</name>
         <load_address>0x6e9</load_address>
         <run_address>0x6e9</run_address>
         <size>0x110</size>
         <input_file_ref idref="fl-2"/>
      </object_component>
      <object_component id="oc-55">
         <name>.debug_info</name>
         <load_address>0x7f9</load_address>
         <run_address>0x7f9</run_address>
         <size>0x84</size>
         <input_file_ref idref="fl-2"/>
      </object_component>
      <object_component id="oc-14f">
         <name>.debug_info</name>
         <load_address>0x87d</load_address>
         <run_address>0x87d</run_address>
         <size>0x2a4</size>
         <input_file_ref idref="fl-2"/>
      </object_component>
      <object_component id="oc-a3">
         <name>.debug_info</name>
         <load_address>0xb21</load_address>
         <run_address>0xb21</run_address>
         <size>0xbb</size>
         <input_file_ref idref="fl-2"/>
      </object_component>
      <object_component id="oc-4e">
         <name>.debug_info</name>
         <load_address>0xbdc</load_address>
         <run_address>0xbdc</run_address>
         <size>0x2e2</size>
         <input_file_ref idref="fl-3"/>
      </object_component>
      <object_component id="oc-14">
         <name>.debug_info</name>
         <load_address>0xebe</load_address>
         <run_address>0xebe</run_address>
         <size>0xd5</size>
         <input_file_ref idref="fl-3"/>
      </object_component>
      <object_component id="oc-29">
         <name>.debug_info</name>
         <load_address>0xf93</load_address>
         <run_address>0xf93</run_address>
         <size>0x105</size>
         <input_file_ref idref="fl-3"/>
      </object_component>
      <object_component id="oc-2f">
         <name>.debug_info</name>
         <load_address>0x1098</load_address>
         <run_address>0x1098</run_address>
         <size>0xf3</size>
         <input_file_ref idref="fl-3"/>
      </object_component>
      <object_component id="oc-3b">
         <name>.debug_info</name>
         <load_address>0x118b</load_address>
         <run_address>0x118b</run_address>
         <size>0x10e</size>
         <input_file_ref idref="fl-3"/>
      </object_component>
      <object_component id="oc-35">
         <name>.debug_info</name>
         <load_address>0x1299</load_address>
         <run_address>0x1299</run_address>
         <size>0xf9</size>
         <input_file_ref idref="fl-3"/>
      </object_component>
      <object_component id="oc-143">
         <name>.debug_info</name>
         <load_address>0x1392</load_address>
         <run_address>0x1392</run_address>
         <size>0x8b</size>
         <input_file_ref idref="fl-4"/>
      </object_component>
      <object_component id="oc-2db">
         <name>.debug_info</name>
         <load_address>0x141d</load_address>
         <run_address>0x141d</run_address>
         <size>0x1d6</size>
         <input_file_ref idref="fl-5"/>
      </object_component>
      <object_component id="oc-2e1">
         <name>.debug_info</name>
         <load_address>0x15f3</load_address>
         <run_address>0x15f3</run_address>
         <size>0x1b3</size>
         <input_file_ref idref="fl-5"/>
      </object_component>
      <object_component id="oc-224">
         <name>.debug_info</name>
         <load_address>0x17a6</load_address>
         <run_address>0x17a6</run_address>
         <size>0x15f</size>
         <input_file_ref idref="fl-5"/>
      </object_component>
      <object_component id="oc-2e8">
         <name>.debug_info</name>
         <load_address>0x1905</load_address>
         <run_address>0x1905</run_address>
         <size>0x646</size>
         <input_file_ref idref="fl-6"/>
      </object_component>
      <object_component id="oc-230">
         <name>.debug_info</name>
         <load_address>0x1f4b</load_address>
         <run_address>0x1f4b</run_address>
         <size>0x156</size>
         <input_file_ref idref="fl-7"/>
      </object_component>
      <object_component id="oc-2ea">
         <name>.debug_info</name>
         <load_address>0x20a1</load_address>
         <run_address>0x20a1</run_address>
         <size>0x825</size>
         <input_file_ref idref="fl-8"/>
      </object_component>
      <object_component id="oc-17c">
         <name>.debug_info</name>
         <load_address>0x28c6</load_address>
         <run_address>0x28c6</run_address>
         <size>0x120</size>
         <input_file_ref idref="fl-8"/>
      </object_component>
      <object_component id="oc-359">
         <name>.debug_info</name>
         <load_address>0x29e6</load_address>
         <run_address>0x29e6</run_address>
         <size>0x306</size>
         <input_file_ref idref="fl-8"/>
      </object_component>
      <object_component id="oc-261">
         <name>.debug_info</name>
         <load_address>0x2cec</load_address>
         <run_address>0x2cec</run_address>
         <size>0x32e</size>
         <input_file_ref idref="fl-8"/>
      </object_component>
      <object_component id="oc-1f7">
         <name>.debug_info</name>
         <load_address>0x301a</load_address>
         <run_address>0x301a</run_address>
         <size>0x272</size>
         <input_file_ref idref="fl-9"/>
      </object_component>
      <object_component id="oc-1f1">
         <name>.debug_info</name>
         <load_address>0x328c</load_address>
         <run_address>0x328c</run_address>
         <size>0xfa</size>
         <input_file_ref idref="fl-9"/>
      </object_component>
      <object_component id="oc-1f4">
         <name>.debug_info</name>
         <load_address>0x3386</load_address>
         <run_address>0x3386</run_address>
         <size>0xbe</size>
         <input_file_ref idref="fl-9"/>
      </object_component>
      <object_component id="oc-1db">
         <name>.debug_info</name>
         <load_address>0x3444</load_address>
         <run_address>0x3444</run_address>
         <size>0x104</size>
         <input_file_ref idref="fl-9"/>
      </object_component>
      <object_component id="oc-1e8">
         <name>.debug_info</name>
         <load_address>0x3548</load_address>
         <run_address>0x3548</run_address>
         <size>0x11c</size>
         <input_file_ref idref="fl-9"/>
      </object_component>
      <object_component id="oc-1e1">
         <name>.debug_info</name>
         <load_address>0x3664</load_address>
         <run_address>0x3664</run_address>
         <size>0x12e</size>
         <input_file_ref idref="fl-9"/>
      </object_component>
      <object_component id="oc-1ee">
         <name>.debug_info</name>
         <load_address>0x3792</load_address>
         <run_address>0x3792</run_address>
         <size>0x117</size>
         <input_file_ref idref="fl-9"/>
      </object_component>
      <object_component id="oc-124">
         <name>.debug_info</name>
         <load_address>0x38a9</load_address>
         <run_address>0x38a9</run_address>
         <size>0x204</size>
         <input_file_ref idref="fl-9"/>
      </object_component>
      <object_component id="oc-a0">
         <name>.debug_info</name>
         <load_address>0x3aad</load_address>
         <run_address>0x3aad</run_address>
         <size>0xad0</size>
         <input_file_ref idref="fl-a"/>
      </object_component>
      <object_component id="oc-9d">
         <name>.debug_info</name>
         <load_address>0x457d</load_address>
         <run_address>0x457d</run_address>
         <size>0x18e</size>
         <input_file_ref idref="fl-a"/>
      </object_component>
      <object_component id="oc-116">
         <name>.debug_info</name>
         <load_address>0x470b</load_address>
         <run_address>0x470b</run_address>
         <size>0x137</size>
         <input_file_ref idref="fl-a"/>
      </object_component>
      <object_component id="oc-128">
         <name>.debug_info</name>
         <load_address>0x4842</load_address>
         <run_address>0x4842</run_address>
         <size>0x119</size>
         <input_file_ref idref="fl-a"/>
      </object_component>
      <object_component id="oc-12e">
         <name>.debug_info</name>
         <load_address>0x495b</load_address>
         <run_address>0x495b</run_address>
         <size>0x117</size>
         <input_file_ref idref="fl-a"/>
      </object_component>
      <object_component id="oc-c1">
         <name>.debug_info</name>
         <load_address>0x4a72</load_address>
         <run_address>0x4a72</run_address>
         <size>0x12d</size>
         <input_file_ref idref="fl-a"/>
      </object_component>
      <object_component id="oc-c7">
         <name>.debug_info</name>
         <load_address>0x4b9f</load_address>
         <run_address>0x4b9f</run_address>
         <size>0x12d</size>
         <input_file_ref idref="fl-a"/>
      </object_component>
      <object_component id="oc-134">
         <name>.debug_info</name>
         <load_address>0x4ccc</load_address>
         <run_address>0x4ccc</run_address>
         <size>0x119</size>
         <input_file_ref idref="fl-a"/>
      </object_component>
      <object_component id="oc-13a">
         <name>.debug_info</name>
         <load_address>0x4de5</load_address>
         <run_address>0x4de5</run_address>
         <size>0x119</size>
         <input_file_ref idref="fl-a"/>
      </object_component>
      <object_component id="oc-97">
         <name>.debug_info</name>
         <load_address>0x4efe</load_address>
         <run_address>0x4efe</run_address>
         <size>0x1fd</size>
         <input_file_ref idref="fl-a"/>
      </object_component>
      <object_component id="oc-3e5">
         <name>.debug_info</name>
         <load_address>0x50fb</load_address>
         <run_address>0x50fb</run_address>
         <size>0xf6</size>
         <input_file_ref idref="fl-a"/>
      </object_component>
      <object_component id="oc-248">
         <name>.debug_info</name>
         <load_address>0x51f1</load_address>
         <run_address>0x51f1</run_address>
         <size>0x138</size>
         <input_file_ref idref="fl-a"/>
      </object_component>
      <object_component id="oc-cd">
         <name>.debug_info</name>
         <load_address>0x5329</load_address>
         <run_address>0x5329</run_address>
         <size>0x129</size>
         <input_file_ref idref="fl-a"/>
      </object_component>
      <object_component id="oc-bb">
         <name>.debug_info</name>
         <load_address>0x5452</load_address>
         <run_address>0x5452</run_address>
         <size>0x119</size>
         <input_file_ref idref="fl-a"/>
      </object_component>
      <object_component id="oc-34c">
         <name>.debug_info</name>
         <load_address>0x556b</load_address>
         <run_address>0x556b</run_address>
         <size>0x117</size>
         <input_file_ref idref="fl-a"/>
      </object_component>
      <object_component id="oc-267">
         <name>.debug_info</name>
         <load_address>0x5682</load_address>
         <run_address>0x5682</run_address>
         <size>0x178</size>
         <input_file_ref idref="fl-a"/>
      </object_component>
      <object_component id="oc-236">
         <name>.debug_info</name>
         <load_address>0x57fa</load_address>
         <run_address>0x57fa</run_address>
         <size>0x122</size>
         <input_file_ref idref="fl-a"/>
      </object_component>
      <object_component id="oc-21e">
         <name>.debug_info</name>
         <load_address>0x591c</load_address>
         <run_address>0x591c</run_address>
         <size>0x16f</size>
         <input_file_ref idref="fl-a"/>
      </object_component>
      <object_component id="oc-23c">
         <name>.debug_info</name>
         <load_address>0x5a8b</load_address>
         <run_address>0x5a8b</run_address>
         <size>0x18c</size>
         <input_file_ref idref="fl-a"/>
      </object_component>
      <object_component id="oc-242">
         <name>.debug_info</name>
         <load_address>0x5c17</load_address>
         <run_address>0x5c17</run_address>
         <size>0x1e2</size>
         <input_file_ref idref="fl-a"/>
      </object_component>
      <object_component id="oc-24e">
         <name>.debug_info</name>
         <load_address>0x5df9</load_address>
         <run_address>0x5df9</run_address>
         <size>0x138</size>
         <input_file_ref idref="fl-a"/>
      </object_component>
      <object_component id="oc-254">
         <name>.debug_info</name>
         <load_address>0x5f31</load_address>
         <run_address>0x5f31</run_address>
         <size>0x122</size>
         <input_file_ref idref="fl-a"/>
      </object_component>
      <object_component id="oc-25a">
         <name>.debug_info</name>
         <load_address>0x6053</load_address>
         <run_address>0x6053</run_address>
         <size>0x165</size>
         <input_file_ref idref="fl-a"/>
      </object_component>
      <object_component id="oc-175">
         <name>.debug_info</name>
         <load_address>0x61b8</load_address>
         <run_address>0x61b8</run_address>
         <size>0x317</size>
         <input_file_ref idref="fl-a"/>
      </object_component>
      <object_component id="oc-40e">
         <name>.debug_info</name>
         <load_address>0x64cf</load_address>
         <run_address>0x64cf</run_address>
         <size>0x155</size>
         <input_file_ref idref="fl-a"/>
      </object_component>
      <object_component id="oc-402">
         <name>.debug_info</name>
         <load_address>0x6624</load_address>
         <run_address>0x6624</run_address>
         <size>0x16d</size>
         <input_file_ref idref="fl-a"/>
      </object_component>
      <object_component id="oc-32e">
         <name>.debug_info</name>
         <load_address>0x6791</load_address>
         <run_address>0x6791</run_address>
         <size>0x173</size>
         <input_file_ref idref="fl-a"/>
      </object_component>
      <object_component id="oc-322">
         <name>.debug_info</name>
         <load_address>0x6904</load_address>
         <run_address>0x6904</run_address>
         <size>0x117</size>
         <input_file_ref idref="fl-a"/>
      </object_component>
      <object_component id="oc-426">
         <name>.debug_info</name>
         <load_address>0x6a1b</load_address>
         <run_address>0x6a1b</run_address>
         <size>0x119</size>
         <input_file_ref idref="fl-a"/>
      </object_component>
      <object_component id="oc-334">
         <name>.debug_info</name>
         <load_address>0x6b34</load_address>
         <run_address>0x6b34</run_address>
         <size>0x117</size>
         <input_file_ref idref="fl-a"/>
      </object_component>
      <object_component id="oc-421">
         <name>.debug_info</name>
         <load_address>0x6c4b</load_address>
         <run_address>0x6c4b</run_address>
         <size>0x119</size>
         <input_file_ref idref="fl-a"/>
      </object_component>
      <object_component id="oc-347">
         <name>.debug_info</name>
         <load_address>0x6d64</load_address>
         <run_address>0x6d64</run_address>
         <size>0x117</size>
         <input_file_ref idref="fl-a"/>
      </object_component>
      <object_component id="oc-409">
         <name>.debug_info</name>
         <load_address>0x6e7b</load_address>
         <run_address>0x6e7b</run_address>
         <size>0x119</size>
         <input_file_ref idref="fl-a"/>
      </object_component>
      <object_component id="oc-31d">
         <name>.debug_info</name>
         <load_address>0x6f94</load_address>
         <run_address>0x6f94</run_address>
         <size>0x15e</size>
         <input_file_ref idref="fl-a"/>
      </object_component>
      <object_component id="oc-47">
         <name>.debug_info</name>
         <load_address>0x70f2</load_address>
         <run_address>0x70f2</run_address>
         <size>0x1d8</size>
         <input_file_ref idref="fl-a"/>
      </object_component>
      <object_component id="oc-2d4">
         <name>.debug_info</name>
         <load_address>0x72ca</load_address>
         <run_address>0x72ca</run_address>
         <size>0x108</size>
         <input_file_ref idref="fl-a"/>
      </object_component>
      <object_component id="oc-41">
         <name>.debug_info</name>
         <load_address>0x73d2</load_address>
         <run_address>0x73d2</run_address>
         <size>0x168</size>
         <input_file_ref idref="fl-a"/>
      </object_component>
      <object_component id="oc-414">
         <name>.debug_info</name>
         <load_address>0x753a</load_address>
         <run_address>0x753a</run_address>
         <size>0x16f</size>
         <input_file_ref idref="fl-a"/>
      </object_component>
      <object_component id="oc-340">
         <name>.debug_info</name>
         <load_address>0x76a9</load_address>
         <run_address>0x76a9</run_address>
         <size>0x16e</size>
         <input_file_ref idref="fl-a"/>
      </object_component>
      <object_component id="oc-41a">
         <name>.debug_info</name>
         <load_address>0x7817</load_address>
         <run_address>0x7817</run_address>
         <size>0x17b</size>
         <input_file_ref idref="fl-a"/>
      </object_component>
      <object_component id="oc-33a">
         <name>.debug_info</name>
         <load_address>0x7992</load_address>
         <run_address>0x7992</run_address>
         <size>0x175</size>
         <input_file_ref idref="fl-a"/>
      </object_component>
      <object_component id="oc-2ec">
         <name>.debug_info</name>
         <load_address>0x7b07</load_address>
         <run_address>0x7b07</run_address>
         <size>0x428</size>
         <input_file_ref idref="fl-b"/>
      </object_component>
      <object_component id="oc-49c">
         <name>.debug_info</name>
         <load_address>0x7f2f</load_address>
         <run_address>0x7f2f</run_address>
         <size>0x141</size>
         <input_file_ref idref="fl-b"/>
      </object_component>
      <object_component id="oc-477">
         <name>.debug_info</name>
         <load_address>0x8070</load_address>
         <run_address>0x8070</run_address>
         <size>0x184</size>
         <input_file_ref idref="fl-b"/>
      </object_component>
      <object_component id="oc-3f8">
         <name>.debug_info</name>
         <load_address>0x81f4</load_address>
         <run_address>0x81f4</run_address>
         <size>0x1c1</size>
         <input_file_ref idref="fl-b"/>
      </object_component>
      <object_component id="oc-46e">
         <name>.debug_info</name>
         <load_address>0x83b5</load_address>
         <run_address>0x83b5</run_address>
         <size>0x180</size>
         <input_file_ref idref="fl-b"/>
      </object_component>
      <object_component id="oc-3ef">
         <name>.debug_info</name>
         <load_address>0x8535</load_address>
         <run_address>0x8535</run_address>
         <size>0x1bd</size>
         <input_file_ref idref="fl-b"/>
      </object_component>
      <object_component id="oc-22b">
         <name>.debug_info</name>
         <load_address>0x86f2</load_address>
         <run_address>0x86f2</run_address>
         <size>0x116</size>
         <input_file_ref idref="fl-b"/>
      </object_component>
      <object_component id="oc-329">
         <name>.debug_info</name>
         <load_address>0x8808</load_address>
         <run_address>0x8808</run_address>
         <size>0x14a</size>
         <input_file_ref idref="fl-b"/>
      </object_component>
      <object_component id="oc-463">
         <name>.debug_info</name>
         <load_address>0x8952</load_address>
         <run_address>0x8952</run_address>
         <size>0x2b2</size>
         <input_file_ref idref="fl-f"/>
      </object_component>
      <object_component id="oc-45d">
         <name>.debug_info</name>
         <load_address>0x8c04</load_address>
         <run_address>0x8c04</run_address>
         <size>0xf3</size>
         <input_file_ref idref="fl-f"/>
      </object_component>
      <object_component id="oc-45a">
         <name>.debug_info</name>
         <load_address>0x8cf7</load_address>
         <run_address>0x8cf7</run_address>
         <size>0xfb</size>
         <input_file_ref idref="fl-f"/>
      </object_component>
      <object_component id="oc-457">
         <name>.debug_info</name>
         <load_address>0x8df2</load_address>
         <run_address>0x8df2</run_address>
         <size>0xff</size>
         <input_file_ref idref="fl-f"/>
      </object_component>
      <object_component id="oc-45f">
         <name>.debug_info</name>
         <load_address>0x8ef1</load_address>
         <run_address>0x8ef1</run_address>
         <size>0x235</size>
         <input_file_ref idref="fl-f"/>
      </object_component>
      <object_component id="oc-3c6">
         <name>.debug_info</name>
         <load_address>0x9126</load_address>
         <run_address>0x9126</run_address>
         <size>0x24d</size>
         <input_file_ref idref="fl-f"/>
      </object_component>
      <object_component id="oc-155">
         <name>.debug_info</name>
         <load_address>0x9373</load_address>
         <run_address>0x9373</run_address>
         <size>0x3e4</size>
         <input_file_ref idref="fl-15"/>
      </object_component>
      <object_component id="oc-466">
         <name>.debug_info</name>
         <load_address>0x9757</load_address>
         <run_address>0x9757</run_address>
         <size>0x170</size>
         <input_file_ref idref="fl-15"/>
      </object_component>
      <object_component id="oc-469">
         <name>.debug_info</name>
         <load_address>0x98c7</load_address>
         <run_address>0x98c7</run_address>
         <size>0x172</size>
         <input_file_ref idref="fl-15"/>
      </object_component>
      <object_component id="oc-444">
         <name>.debug_info</name>
         <load_address>0x9a39</load_address>
         <run_address>0x9a39</run_address>
         <size>0x164</size>
         <input_file_ref idref="fl-15"/>
      </object_component>
      <object_component id="oc-b6">
         <name>.debug_info</name>
         <load_address>0x9b9d</load_address>
         <run_address>0x9b9d</run_address>
         <size>0x2ac</size>
         <input_file_ref idref="fl-15"/>
      </object_component>
      <object_component id="oc-3d4">
         <name>.debug_info</name>
         <load_address>0x9e49</load_address>
         <run_address>0x9e49</run_address>
         <size>0x2bc</size>
         <input_file_ref idref="fl-15"/>
      </object_component>
      <object_component id="oc-2ff">
         <name>.debug_info</name>
         <load_address>0xa105</load_address>
         <run_address>0xa105</run_address>
         <size>0x31f</size>
         <input_file_ref idref="fl-15"/>
      </object_component>
      <object_component id="oc-3a2">
         <name>.debug_info</name>
         <load_address>0xa424</load_address>
         <run_address>0xa424</run_address>
         <size>0x29b</size>
         <input_file_ref idref="fl-15"/>
      </object_component>
      <object_component id="oc-2f1">
         <name>.debug_info</name>
         <load_address>0xa6bf</load_address>
         <run_address>0xa6bf</run_address>
         <size>0x2c0</size>
         <input_file_ref idref="fl-15"/>
      </object_component>
      <object_component id="oc-2f9">
         <name>.debug_info</name>
         <load_address>0xa97f</load_address>
         <run_address>0xa97f</run_address>
         <size>0x2a5</size>
         <input_file_ref idref="fl-15"/>
      </object_component>
      <object_component id="oc-355">
         <name>.debug_info</name>
         <load_address>0xac24</load_address>
         <run_address>0xac24</run_address>
         <size>0x284</size>
         <input_file_ref idref="fl-15"/>
      </object_component>
      <object_component id="oc-39d">
         <name>.debug_info</name>
         <load_address>0xaea8</load_address>
         <run_address>0xaea8</run_address>
         <size>0x289</size>
         <input_file_ref idref="fl-15"/>
      </object_component>
      <object_component id="oc-3de">
         <name>.debug_info</name>
         <load_address>0xb131</load_address>
         <run_address>0xb131</run_address>
         <size>0x2a1</size>
         <input_file_ref idref="fl-15"/>
      </object_component>
      <object_component id="oc-305">
         <name>.debug_info</name>
         <load_address>0xb3d2</load_address>
         <run_address>0xb3d2</run_address>
         <size>0x2c4</size>
         <input_file_ref idref="fl-15"/>
      </object_component>
      <object_component id="oc-aa">
         <name>.debug_info</name>
         <load_address>0xb696</load_address>
         <run_address>0xb696</run_address>
         <size>0x288</size>
         <input_file_ref idref="fl-15"/>
      </object_component>
      <object_component id="oc-30b">
         <name>.debug_info</name>
         <load_address>0xb91e</load_address>
         <run_address>0xb91e</run_address>
         <size>0x2d8</size>
         <input_file_ref idref="fl-15"/>
      </object_component>
      <object_component id="oc-311">
         <name>.debug_info</name>
         <load_address>0xbbf6</load_address>
         <run_address>0xbbf6</run_address>
         <size>0x298</size>
         <input_file_ref idref="fl-15"/>
      </object_component>
      <object_component id="oc-b0">
         <name>.debug_info</name>
         <load_address>0xbe8e</load_address>
         <run_address>0xbe8e</run_address>
         <size>0x296</size>
         <input_file_ref idref="fl-15"/>
      </object_component>
      <object_component id="oc-1c7">
         <name>.debug_info</name>
         <load_address>0xc124</load_address>
         <run_address>0xc124</run_address>
         <size>0x26b</size>
         <input_file_ref idref="fl-15"/>
      </object_component>
      <object_component id="oc-1c0">
         <name>.debug_info</name>
         <load_address>0xc38f</load_address>
         <run_address>0xc38f</run_address>
         <size>0x297</size>
         <input_file_ref idref="fl-15"/>
      </object_component>
      <object_component id="oc-2a3">
         <name>.debug_info</name>
         <load_address>0xc626</load_address>
         <run_address>0xc626</run_address>
         <size>0xef</size>
         <input_file_ref idref="fl-15"/>
      </object_component>
      <object_component id="oc-10f">
         <name>.debug_info</name>
         <load_address>0xc715</load_address>
         <run_address>0xc715</run_address>
         <size>0xbb</size>
         <input_file_ref idref="fl-15"/>
      </object_component>
      <object_component id="oc-442">
         <name>.debug_info</name>
         <load_address>0xc7d0</load_address>
         <run_address>0xc7d0</run_address>
         <size>0x3b7</size>
         <input_file_ref idref="fl-16"/>
      </object_component>
      <object_component id="oc-451">
         <name>.debug_info</name>
         <load_address>0xcb87</load_address>
         <run_address>0xcb87</run_address>
         <size>0x15b</size>
         <input_file_ref idref="fl-16"/>
      </object_component>
      <object_component id="oc-43f">
         <name>.debug_info</name>
         <load_address>0xcce2</load_address>
         <run_address>0xcce2</run_address>
         <size>0x160</size>
         <input_file_ref idref="fl-16"/>
      </object_component>
      <object_component id="oc-392">
         <name>.debug_info</name>
         <load_address>0xce42</load_address>
         <run_address>0xce42</run_address>
         <size>0x2ca</size>
         <input_file_ref idref="fl-16"/>
      </object_component>
      <object_component id="oc-2be">
         <name>.debug_info</name>
         <load_address>0xd10c</load_address>
         <run_address>0xd10c</run_address>
         <size>0x247</size>
         <input_file_ref idref="fl-16"/>
      </object_component>
      <object_component id="oc-3b5">
         <name>.debug_info</name>
         <load_address>0xd353</load_address>
         <run_address>0xd353</run_address>
         <size>0x271</size>
         <input_file_ref idref="fl-16"/>
      </object_component>
      <object_component id="oc-216">
         <name>.debug_info</name>
         <load_address>0xd5c4</load_address>
         <run_address>0xd5c4</run_address>
         <size>0x441</size>
         <input_file_ref idref="fl-17"/>
      </object_component>
      <object_component id="oc-20d">
         <name>.debug_info</name>
         <load_address>0xda05</load_address>
         <run_address>0xda05</run_address>
         <size>0x156</size>
         <input_file_ref idref="fl-17"/>
      </object_component>
      <object_component id="oc-210">
         <name>.debug_info</name>
         <load_address>0xdb5b</load_address>
         <run_address>0xdb5b</run_address>
         <size>0x162</size>
         <input_file_ref idref="fl-17"/>
      </object_component>
      <object_component id="oc-29f">
         <name>.debug_info</name>
         <load_address>0xdcbd</load_address>
         <run_address>0xdcbd</run_address>
         <size>0x15c</size>
         <input_file_ref idref="fl-17"/>
      </object_component>
      <object_component id="oc-213">
         <name>.debug_info</name>
         <load_address>0xde19</load_address>
         <run_address>0xde19</run_address>
         <size>0x169</size>
         <input_file_ref idref="fl-17"/>
      </object_component>
      <object_component id="oc-219">
         <name>.debug_info</name>
         <load_address>0xdf82</load_address>
         <run_address>0xdf82</run_address>
         <size>0x286</size>
         <input_file_ref idref="fl-17"/>
      </object_component>
      <object_component id="oc-201">
         <name>.debug_info</name>
         <load_address>0xe208</load_address>
         <run_address>0xe208</run_address>
         <size>0x279</size>
         <input_file_ref idref="fl-17"/>
      </object_component>
      <object_component id="oc-207">
         <name>.debug_info</name>
         <load_address>0xe481</load_address>
         <run_address>0xe481</run_address>
         <size>0x2c3</size>
         <input_file_ref idref="fl-17"/>
      </object_component>
      <object_component id="oc-16f">
         <name>.debug_info</name>
         <load_address>0xe744</load_address>
         <run_address>0xe744</run_address>
         <size>0x4a3</size>
         <input_file_ref idref="fl-17"/>
      </object_component>
      <object_component id="oc-2b0">
         <name>.debug_info</name>
         <load_address>0xebe7</load_address>
         <run_address>0xebe7</run_address>
         <size>0x51</size>
         <input_file_ref idref="fl-17"/>
      </object_component>
      <object_component id="oc-387">
         <name>.debug_info</name>
         <load_address>0xec38</load_address>
         <run_address>0xec38</run_address>
         <size>0x346</size>
         <input_file_ref idref="fl-18"/>
      </object_component>
      <object_component id="oc-2b6">
         <name>.debug_info</name>
         <load_address>0xef7e</load_address>
[...]
         <value>0x2000051e</value>
      </symbol>
      <symbol id="sm-c2">
         <name>_u16ReadQty</name>
         <value>0x2000052c</value>
      </symbol>
      <symbol id="sm-c3">
         <name>u8ModbusADU</name>
         <value>0x200004d4</value>
      </symbol>
      <symbol id="sm-c4">
         <name>i</name>
         <value>0x20000531</value>
      </symbol>
      <symbol id="sm-c5">
         <name>u16CRC</name>
         <value>0x2000052e</value>
      </symbol>
      <symbol id="sm-c6">
         <name>u8BytesLeft</name>
         <value>0x20000533</value>
      </symbol>
      <symbol id="sm-c7">
         <name>u8MBStatus</name>
         <value>0x20000534</value>
      </symbol>
      <symbol id="sm-d6">
         <name>bicolor_init</name>
         <value>0x12e5</value>
         <object_component_ref idref="oc-22f"/>
      </symbol>
      <symbol id="sm-f5">
         <name>controller</name>
         <value>0x1a39</value>
         <object_component_ref idref="oc-17a"/>
      </symbol>
      <symbol id="sm-f6">
         <name>Stop_Sequence</name>
         <value>0xb27</value>
         <object_component_ref idref="oc-358"/>
      </symbol>
      <symbol id="sm-f7">
         <name>Start_Sequence</name>
         <value>0xa91</value>
         <object_component_ref idref="oc-25f"/>
      </symbol>
      <symbol id="sm-163">
         <name>dbg_printf</name>
         <value>0x401</value>
         <object_component_ref idref="oc-121"/>
      </symbol>
      <symbol id="sm-337">
         <name>systemState</name>
         <value>0x20000532</value>
      </symbol>
      <symbol id="sm-338">
         <name>str</name>
         <value>0x20000470</value>
      </symbol>
      <symbol id="sm-339">
         <name>str2int</name>
         <value>0x20000528</value>
      </symbol>
      <symbol id="sm-33a">
         <name>milliseconds</name>
         <value>0x20000524</value>
      </symbol>
      <symbol id="sm-33b">
         <name>hw_green_lamp_ON</name>
         <value>0x1991</value>
         <object_component_ref idref="oc-34b"/>
      </symbol>
      <symbol id="sm-33c">
         <name>hw_contactor3_ON</name>
         <value>0x1951</value>
         <object_component_ref idref="oc-321"/>
      </symbol>
      <symbol id="sm-33d">
         <name>hw_contactor4_OFF</name>
         <value>0x1961</value>
         <object_component_ref idref="oc-127"/>
      </symbol>
      <symbol id="sm-33e">
         <name>hw_pneumatic_init</name>
         <value>0x1a19</value>
         <object_component_ref idref="oc-235"/>
      </symbol>
      <symbol id="sm-33f">
         <name>SysTickIntHandler</name>
         <value>0x18c1</value>
         <object_component_ref idref="oc-2d3"/>
      </symbol>
      <symbol id="sm-340">
         <name>hw_conveyor_forward</name>
         <value>0x1645</value>
         <object_component_ref idref="oc-32d"/>
      </symbol>
      <symbol id="sm-341">
         <name>hw_hard_reset_init</name>
         <value>0xfb1</value>
         <object_component_ref idref="oc-23b"/>
      </symbol>
      <symbol id="sm-342">
         <name>hw_contactor3_OFF</name>
         <value>0x1941</value>
         <object_component_ref idref="oc-425"/>
      </symbol>
      <symbol id="sm-343">
         <name>UART0IntHandler</name>
         <value>0xbb1</value>
         <object_component_ref idref="oc-40"/>
      </symbol>
      <symbol id="sm-344">
         <name>hw_Linear_drive_init</name>
         <value>0x169d</value>
         <object_component_ref idref="oc-259"/>
      </symbol>
      <symbol id="sm-345">
         <name>Singularizer_disconnect</name>
         <value>0x15c1</value>
         <object_component_ref idref="oc-419"/>
      </symbol>
      <symbol id="sm-346">
         <name>hw_contactor4_ON</name>
         <value>0x1971</value>
         <object_component_ref idref="oc-12d"/>
      </symbol>
      <symbol id="sm-347">
         <name>systemUp</name>
         <value>0x2000053c</value>
         <object_component_ref idref="oc-9c"/>
      </symbol>
      <symbol id="sm-348">
         <name>hw_contactor2_OFF</name>
         <value>0x1921</value>
         <object_component_ref idref="oc-41f"/>
      </symbol>
      <symbol id="sm-349">
         <name>hw_Raw_relay1_ON</name>
         <value>0x146d</value>
         <object_component_ref idref="oc-c0"/>
      </symbol>
      <symbol id="sm-34a">
         <name>hw_init</name>
         <value>0x951</value>
         <object_component_ref idref="oc-174"/>
      </symbol>
      <symbol id="sm-34b">
         <name>hw_contactor1_OFF</name>
         <value>0x1901</value>
         <object_component_ref idref="oc-407"/>
      </symbol>
      <symbol id="sm-34c">
         <name>m</name>
         <value>0x20000538</value>
         <object_component_ref idref="oc-9c"/>
      </symbol>
      <symbol id="sm-34d">
         <name>hw_contactor_init</name>
         <value>0x1a0d</value>
         <object_component_ref idref="oc-253"/>
      </symbol>
      <symbol id="sm-34e">
         <name>removeBraces</name>
         <value>0x16c5</value>
         <object_component_ref idref="oc-115"/>
      </symbol>
      <symbol id="sm-34f">
         <name>hw_Raw_relay_init</name>
         <value>0x1399</value>
         <object_component_ref idref="oc-24d"/>
      </symbol>
      <symbol id="sm-350">
         <name>millis</name>
         <value>0x1a25</value>
         <object_component_ref idref="oc-3e4"/>
      </symbol>
      <symbol id="sm-351">
         <name>hw_recall</name>
         <value>0x1189</value>
         <object_component_ref idref="oc-266"/>
      </symbol>
      <symbol id="sm-352">
         <name>hw_Raw_relay2_ON</name>
         <value>0x14a1</value>
         <object_component_ref idref="oc-c6"/>
      </symbol>
      <symbol id="sm-353">
         <name>Systick_init</name>
         <value>0x16ed</value>
         <object_component_ref idref="oc-21d"/>
      </symbol>
      <symbol id="sm-354">
         <name>Singularizer_stop</name>
         <value>0x1619</value>
         <object_component_ref idref="oc-413"/>
      </symbol>
      <symbol id="sm-355">
         <name>processCommand</name>
         <value>0x729</value>
         <object_component_ref idref="oc-96"/>
      </symbol>
      <symbol id="sm-356">
         <name>emergency_reset</name>
         <value>0x2000053b</value>
         <object_component_ref idref="oc-9c"/>
      </symbol>
      <symbol id="sm-357">
         <name>PortNIntHandler</name>
         <value>0xcbd</value>
         <object_component_ref idref="oc-46"/>
      </symbol>
      <symbol id="sm-358">
         <name>hw_towerlamp_init</name>
         <value>0x14d5</value>
         <object_component_ref idref="oc-247"/>
      </symbol>
      <symbol id="sm-359">
         <name>j2</name>
         <value>0x2000053a</value>
         <object_component_ref idref="oc-9c"/>
      </symbol>
      <symbol id="sm-35a">
         <name>hw_contactor1_ON</name>
         <value>0x1911</value>
         <object_component_ref idref="oc-345"/>
      </symbol>
      <symbol id="sm-35b">
         <name>i2</name>
         <value>0x20000539</value>
         <object_component_ref idref="oc-9c"/>
      </symbol>
      <symbol id="sm-35c">
         <name>frame_rcvd</name>
         <value>0x2000053d</value>
         <object_component_ref idref="oc-9c"/>
      </symbol>
      <symbol id="sm-35d">
         <name>hw_elevator_stop</name>
         <value>0x1325</value>
         <object_component_ref idref="oc-40d"/>
      </symbol>
      <symbol id="sm-35e">
         <name>hw_green_lamp_OFF</name>
         <value>0x1981</value>
         <object_component_ref idref="oc-ba"/>
      </symbol>
      <symbol id="sm-35f">
         <name>hw_conveyor_stop</name>
         <value>0x1671</value>
         <object_component_ref idref="oc-401"/>
      </symbol>
      <symbol id="sm-360">
         <name>hw_Raw_relay2_OFF</name>
         <value>0x18f1</value>
         <object_component_ref idref="oc-139"/>
      </symbol>
      <symbol id="sm-361">
         <name>delay_ms</name>
         <value>0x1849</value>
         <object_component_ref idref="oc-31b"/>
      </symbol>
      <symbol id="sm-362">
         <name>hw_Start_Stop_init</name>
         <value>0xc39</value>
         <object_component_ref idref="oc-241"/>
      </symbol>
      <symbol id="sm-363">
         <name>hw_contactor2_ON</name>
         <value>0x1931</value>
         <object_component_ref idref="oc-333"/>
      </symbol>
      <symbol id="sm-364">
         <name>Singularizer_connect</name>
         <value>0x1595</value>
         <object_component_ref idref="oc-339"/>
      </symbol>
      <symbol id="sm-365">
         <name>hw_Raw_relay1_OFF</name>
         <value>0x18e1</value>
         <object_component_ref idref="oc-133"/>
      </symbol>
      <symbol id="sm-366">
         <name>hw_red_lamp_ON</name>
         <value>0x1509</value>
         <object_component_ref idref="oc-cc"/>
      </symbol>
      <symbol id="sm-367">
         <name>Singularizer_run</name>
         <value>0x15ed</value>
         <object_component_ref idref="oc-33f"/>
      </symbol>
      <symbol id="sm-368">
         <name>prev_millis_tilter</name>
         <value>0x20000540</value>
         <object_component_ref idref="oc-9c"/>
      </symbol>
      <symbol id="sm-3cc">
         <name>ModbusMaster_begin</name>
         <value>0x1a01</value>
         <object_component_ref idref="oc-229"/>
      </symbol>
      <symbol id="sm-3cd">
         <name>ModbusMaster_assign</name>
         <value>0x19f5</value>
         <object_component_ref idref="oc-327"/>
      </symbol>
      <symbol id="sm-3ce">
         <name>writeMultipleRegisters</name>
         <value>0x1805</value>
         <object_component_ref idref="oc-3f7"/>
      </symbol>
      <symbol id="sm-3cf">
         <name>test_writingRegisters</name>
         <value>0x17d5</value>
         <object_component_ref idref="oc-3ee"/>
      </symbol>
      <symbol id="sm-3d0">
         <name>ModbusMasterTransaction</name>
         <value>0x8a9</value>
         <object_component_ref idref="oc-46d"/>
      </symbol>
      <symbol id="sm-3d1">
         <name>ModbusMasterTransaction_m</name>
         <value>0x7ed</value>
         <object_component_ref idref="oc-476"/>
      </symbol>
      <symbol id="sm-402">
         <name>UARTStdioConfig</name>
         <value>0xef9</value>
         <object_component_ref idref="oc-3c5"/>
      </symbol>
      <symbol id="sm-4b7">
         <name>GPIOIntRegister</name>
         <value>0x17a3</value>
         <object_component_ref idref="oc-309"/>
      </symbol>
      <symbol id="sm-4b8">
         <name>GPIOPinConfigure</name>
         <value>0x10a9</value>
         <object_component_ref idref="oc-39a"/>
      </symbol>
      <symbol id="sm-4b9">
         <name>GPIOIntEnable</name>
         <value>0x19e7</value>
         <object_component_ref idref="oc-30f"/>
      </symbol>
      <symbol id="sm-4ba">
         <name>GPIOIntTypeSet</name>
         <value>0xf59</value>
         <object_component_ref idref="oc-303"/>
      </symbol>
      <symbol id="sm-4bb">
         <name>GPIOPinTypeGPIOInput</name>
         <value>0x181d</value>
         <object_component_ref idref="oc-2f7"/>
      </symbol>
      <symbol id="sm-4bc">
         <name>GPIOIntClear</name>
         <value>0x1a41</value>
         <object_component_ref idref="oc-ae"/>
      </symbol>
      <symbol id="sm-4bd">
         <name>GPIOPinTypeUART</name>
         <value>0x1833</value>
         <object_component_ref idref="oc-3a0"/>
      </symbol>
      <symbol id="sm-4be">
         <name>GPIOIntStatus</name>
         <value>0x19b1</value>
         <object_component_ref idref="oc-a8"/>
      </symbol>
      <symbol id="sm-4bf">
         <name>GPIOPinTypeGPIOOutput</name>
         <value>0x1789</value>
         <object_component_ref idref="oc-2ef"/>
      </symbol>
      <symbol id="sm-4c0">
         <name>GPIOPinRead</name>
         <value>0x1a47</value>
         <object_component_ref idref="oc-352"/>
      </symbol>
      <symbol id="sm-4c1">
         <name>GPIODirModeSet</name>
         <value>0x1569</value>
         <object_component_ref idref="oc-3d2"/>
      </symbol>
      <symbol id="sm-4c2">
         <name>GPIOPinWrite</name>
         <value>0x1a4d</value>
         <object_component_ref idref="oc-b4"/>
      </symbol>
      <symbol id="sm-4c3">
         <name>GPIOPadConfigSet</name>
         <value>0x5bd</value>
         <object_component_ref idref="oc-2fd"/>
      </symbol>
      <symbol id="sm-4fd">
         <name>IntEnable</name>
         <value>0xe29</value>
         <object_component_ref idref="oc-3b2"/>
      </symbol>
      <symbol id="sm-4fe">
         <name>IntRegister</name>
         <value>0x13d1</value>
         <object_component_ref idref="oc-38f"/>
      </symbol>
      <symbol id="sm-4ff">
         <name>g_pfnRAMVectors</name>
         <value>0x20000000</value>
         <object_component_ref idref="oc-43e"/>
      </symbol>
      <symbol id="sm-500">
         <name>IntMasterEnable</name>
         <value>0x18b1</value>
         <object_component_ref idref="oc-2bb"/>
      </symbol>
      <symbol id="sm-570">
         <name>SysCtlDelay</name>
         <value>0x1a59</value>
         <object_component_ref idref="oc-3ed"/>
      </symbol>
      <symbol id="sm-571">
         <name>SysCtlPeripheralEnable</name>
         <value>0x1405</value>
         <object_component_ref idref="oc-217"/>
      </symbol>
      <symbol id="sm-572">
         <name>SysCtlClockFreqSet</name>
         <value>0x201</value>
         <object_component_ref idref="oc-16e"/>
      </symbol>
      <symbol id="sm-59f">
         <name>SysTickEnable</name>
         <value>0x1861</value>
         <object_component_ref idref="oc-2cd"/>
      </symbol>
      <symbol id="sm-5a0">
         <name>SysTickIntRegister</name>
         <value>0x1751</value>
         <object_component_ref idref="oc-2c1"/>
      </symbol>
      <symbol id="sm-5a1">
         <name>SysTickIntEnable</name>
         <value>0x1875</value>
         <object_component_ref idref="oc-2c7"/>
      </symbol>
      <symbol id="sm-5a2">
         <name>SysTickPeriodSet</name>
         <value>0x18d1</value>
         <object_component_ref idref="oc-2b5"/>
      </symbol>
      <symbol id="sm-5dc">
         <name>UARTConfigSetExpClk</name>
         <value>0x11d1</value>
         <object_component_ref idref="oc-3ac"/>
      </symbol>
      <symbol id="sm-5dd">
         <name>UARTDisable</name>
         <value>0x1711</value>
         <object_component_ref idref="oc-449"/>
      </symbol>
      <symbol id="sm-5de">
         <name>UARTIntEnable</name>
         <value>0x1a31</value>
         <object_component_ref idref="oc-3b8"/>
      </symbol>
      <symbol id="sm-5df">
         <name>UARTCharGetNonBlocking</name>
         <value>0x19bf</value>
         <object_component_ref idref="oc-90"/>
      </symbol>
      <symbol id="sm-5e0">
         <name>UARTClockSourceSet</name>
         <value>0x1a5f</value>
         <object_component_ref idref="oc-3a6"/>
      </symbol>
      <symbol id="sm-5e1">
         <name>UARTEnable</name>
         <value>0x1889</value>
         <object_component_ref idref="oc-3be"/>
      </symbol>
      <symbol id="sm-5eb">
         <name>CPUcpsie</name>
         <value>0x19db</value>
         <object_component_ref idref="oc-388"/>
      </symbol>
      <symbol id="sm-5fb">
         <name>__aeabi_memset</name>
         <value>0xd3b</value>
         <object_component_ref idref="oc-f0"/>
      </symbol>
      <symbol id="sm-5fc">
         <name>memset</name>
         <value>0xd41</value>
         <object_component_ref idref="oc-f0"/>
      </symbol>
      <symbol id="sm-5fd">
         <name>__aeabi_memset8</name>
         <value>0xd3b</value>
         <object_component_ref idref="oc-f0"/>
      </symbol>
      <symbol id="sm-5fe">
         <name>__aeabi_memset4</name>
         <value>0xd3b</value>
         <object_component_ref idref="oc-f0"/>
      </symbol>
      <symbol id="sm-5ff">
         <name>__aeabi_memclr8</name>
         <value>0xd39</value>
         <object_component_ref idref="oc-f0"/>
      </symbol>
      <symbol id="sm-600">
         <name>__aeabi_memclr4</name>
         <value>0xd39</value>
         <object_component_ref idref="oc-f0"/>
      </symbol>
      <symbol id="sm-601">
         <name>__aeabi_memclr</name>
         <value>0xd39</value>
         <object_component_ref idref="oc-f0"/>
      </symbol>
      <symbol id="sm-61a">
         <name>__TI_zero_init_nomemset</name>
         <value>0x176d</value>
         <object_component_ref idref="oc-66"/>
      </symbol>
      <symbol id="sm-631">
         <name>__TI_decompress_none</name>
         <value>0x19cd</value>
         <object_component_ref idref="oc-1c"/>
      </symbol>
      <symbol id="sm-654">
         <name>__TI_decompress_lzss</name>
         <value>0xe91</value>
         <object_component_ref idref="oc-16"/>
      </symbol>
      <symbol id="sm-66a">
         <name>atoi</name>
         <value>0x10f5</value>
         <object_component_ref idref="oc-11b"/>
      </symbol>
      <symbol id="sm-675">
         <name>_ctypes_</name>
         <value>0x1c1c</value>
         <object_component_ref idref="oc-1d3"/>
      </symbol>
      <symbol id="sm-683">
         <name>strlen</name>
         <value>0x189d</value>
         <object_component_ref idref="oc-1cc"/>
      </symbol>
      <symbol id="sm-696">
         <name>__stack</name>
         <value>0x20000270</value>
         <object_component_ref idref="oc-25"/>
      </symbol>
      <symbol id="sm-697">
         <name>_c_int00_noargs</name>
         <value>0x1439</value>
         <object_component_ref idref="oc-78"/>
      </symbol>
      <symbol id="sm-6b3">
         <name>memcpy</name>
         <value>0x9f5</value>
         <object_component_ref idref="oc-5a"/>
      </symbol>
      <symbol id="sm-6b4">
         <name>__aeabi_memcpy</name>
         <value>0x9f5</value>
         <object_component_ref idref="oc-5a"/>
      </symbol>
      <symbol id="sm-6b5">
         <name>__aeabi_memcpy8</name>
         <value>0x9f5</value>
         <object_component_ref idref="oc-5a"/>
      </symbol>
      <symbol id="sm-6b6">
         <name>__aeabi_memcpy4</name>
         <value>0x9f5</value>
         <object_component_ref idref="oc-5a"/>
      </symbol>
      <symbol id="sm-6de">
         <name>__TI_auto_init_nobinit_nopinit</name>
         <value>0x125d</value>
         <object_component_ref idref="oc-18e"/>
      </symbol>
      <symbol id="sm-6e8">
         <name>_system_pre_init</name>
         <value>0x1a65</value>
         <object_component_ref idref="oc-f6"/>
      </symbol>
      <symbol id="sm-6f4">
         <name>C$$EXIT</name>
         <value>0x1a69</value>
         <object_component_ref idref="oc-182"/>
      </symbol>
      <symbol id="sm-6f5">
         <name>abort</name>
         <value>0x1a69</value>
         <object_component_ref idref="oc-182"/>
      </symbol>
      <symbol id="sm-6f8">
         <name>__TI_static_base__</name>
         <value>0x0</value>
      </symbol>
      <symbol id="sm-6fb">
         <name>__mpu_init</name>
         <value>0x0</value>
      </symbol>
      <symbol id="sm-6fc">
         <name>_system_post_cinit</name>
         <value>0x0</value>
      </symbol>
   </symbol_table>
   <title>Link successful</title>
</link_info>
