<?xml version="1.0" encoding="ISO-8859-1" ?>
<link_info>
   <banner>TI ARM Linker PC v20.2.4.LTS</banner>
   <copyright>Copyright (c) 1996-2018 Texas Instruments Incorporated</copyright>
   <link_time>0x636cce15</link_time>
   <link_errors>0x0</link_errors>
   <output_file>Orientation_V2.out</output_file>
   <entry_point>
      <name>_c_int00_noargs</name>
      <address>0xbf1</address>
   </entry_point>
   <input_file_list>
      <input_file id="fl-2">
         <path>.\</path>
         <kind>object</kind>
         <file>main.obj</file>
         <name>main.obj</name>
      </input_file>
      <input_file id="fl-3">
         <path>.\</path>
         <kind>object</kind>
         <file>startup_ccs.obj</file>
         <name>startup_ccs.obj</name>
      </input_file>
      <input_file id="fl-4">
         <path>.\drivers\</path>
         <kind>object</kind>
         <file>pinout.obj</file>
         <name>pinout.obj</name>
      </input_file>
      <input_file id="fl-5">
         <path>.\src\</path>
         <kind>object</kind>
         <file>RS_232.obj</file>
         <name>RS_232.obj</name>
      </input_file>
      <input_file id="fl-6">
         <path>.\src\</path>
         <kind>object</kind>
         <file>Timer0_A.obj</file>
         <name>Timer0_A.obj</name>
      </input_file>
      <input_file id="fl-7">
         <path>.\src\</path>
         <kind>object</kind>
         <file>bicolor.obj</file>
         <name>bicolor.obj</name>
      </input_file>
      <input_file id="fl-8">
         <path>.\src\</path>
         <kind>object</kind>
         <file>controller.obj</file>
         <name>controller.obj</name>
      </input_file>
      <input_file id="fl-9">
         <path>.\src\</path>
         <kind>object</kind>
         <file>hw.obj</file>
         <name>hw.obj</name>
      </input_file>
      <input_file id="fl-a">
         <path>.\src\</path>
         <kind>object</kind>
         <file>modbus.obj</file>
         <name>modbus.obj</name>
      </input_file>
      <input_file id="fl-b">
         <path>.\src\</path>
         <kind>object</kind>
         <file>pneumatic.obj</file>
         <name>pneumatic.obj</name>
      </input_file>
      <input_file id="fl-c">
         <path>.\src\</path>
         <kind>object</kind>
         <file>stepper_driver.obj</file>
         <name>stepper_driver.obj</name>
      </input_file>
      <input_file id="fl-d">
         <path>.\utils\</path>
         <kind>object</kind>
         <file>uartstdio.obj</file>
         <name>uartstdio.obj</name>
      </input_file>
      <input_file id="fl-12">
         <kind>object</kind>
         <file>&lt;internal&gt;</file>
         <name>&lt;internal&gt;</name>
      </input_file>
      <input_file id="fl-13">
         <path>C:\ti\TivaWare_C_Series-2.2.0.295\driverlib\ccs\Debug\</path>
         <kind>archive</kind>
         <file>driverlib.lib</file>
         <name>gpio.obj</name>
      </input_file>
      <input_file id="fl-14">
         <path>C:\ti\TivaWare_C_Series-2.2.0.295\driverlib\ccs\Debug\</path>
         <kind>archive</kind>
         <file>driverlib.lib</file>
         <name>interrupt.obj</name>
      </input_file>
      <input_file id="fl-15">
         <path>C:\ti\TivaWare_C_Series-2.2.0.295\driverlib\ccs\Debug\</path>
         <kind>archive</kind>
         <file>driverlib.lib</file>
         <name>sysctl.obj</name>
      </input_file>
      <input_file id="fl-16">
         <path>C:\ti\TivaWare_C_Series-2.2.0.295\driverlib\ccs\Debug\</path>
         <kind>archive</kind>
         <file>driverlib.lib</file>
         <name>timer.obj</name>
      </input_file>
      <input_file id="fl-17">
         <path>C:\ti\TivaWare_C_Series-2.2.0.295\driverlib\ccs\Debug\</path>
         <kind>archive</kind>
         <file>driverlib.lib</file>
         <name>uart.obj</name>
      </input_file>
      <input_file id="fl-18">
         <path>C:\ti\TivaWare_C_Series-2.2.0.295\driverlib\ccs\Debug\</path>
         <kind>archive</kind>
         <file>driverlib.lib</file>
         <name>cpu.obj</name>
      </input_file>
      <input_file id="fl-ce">
         <path>C:\ti\ccs1031\ccs\tools\compiler\ti-cgt-arm_20.2.4.LTS\lib\</path>
         <kind>archive</kind>
         <file>rtsv7M4_T_le_v4SPD16_eabi.lib</file>
         <name>u_divt2.asm.obj</name>
      </input_file>
      <input_file id="fl-cf">
         <path>C:\ti\ccs1031\ccs\tools\compiler\ti-cgt-arm_20.2.4.LTS\lib\</path>
         <kind>archive</kind>
         <file>rtsv7M4_T_le_v4SPD16_eabi.lib</file>
         <name>copy_zero_init.c.obj</name>
      </input_file>
      <input_file id="fl-d0">
         <path>C:\ti\ccs1031\ccs\tools\compiler\ti-cgt-arm_20.2.4.LTS\lib\</path>
         <kind>archive</kind>
         <file>rtsv7M4_T_le_v4SPD16_eabi.lib</file>
         <name>copy_decompress_none.c.obj</name>
      </input_file>
      <input_file id="fl-d1">
         <path>C:\ti\ccs1031\ccs\tools\compiler\ti-cgt-arm_20.2.4.LTS\lib\</path>
         <kind>archive</kind>
         <file>rtsv7M4_T_le_v4SPD16_eabi.lib</file>
         <name>copy_decompress_lzss.c.obj</name>
      </input_file>
      <input_file id="fl-d2">
         <path>C:\ti\ccs1031\ccs\tools\compiler\ti-cgt-arm_20.2.4.LTS\lib\</path>
         <kind>archive</kind>
         <file>rtsv7M4_T_le_v4SPD16_eabi.lib</file>
         <name>boot_cortex_m.c.obj</name>
      </input_file>
      <input_file id="fl-d3">
         <path>C:\ti\ccs1031\ccs\tools\compiler\ti-cgt-arm_20.2.4.LTS\lib\</path>
         <kind>archive</kind>
         <file>rtsv7M4_T_le_v4SPD16_eabi.lib</file>
         <name>div0.asm.obj</name>
      </input_file>
      <input_file id="fl-d4">
         <path>C:\ti\ccs1031\ccs\tools\compiler\ti-cgt-arm_20.2.4.LTS\lib\</path>
         <kind>archive</kind>
         <file>rtsv7M4_T_le_v4SPD16_eabi.lib</file>
         <name>memset_t2.asm.obj</name>
      </input_file>
      <input_file id="fl-d5">
         <path>C:\ti\ccs1031\ccs\tools\compiler\ti-cgt-arm_20.2.4.LTS\lib\</path>
         <kind>archive</kind>
         <file>rtsv7M4_T_le_v4SPD16_eabi.lib</file>
         <name>memcpy_t2.asm.obj</name>
      </input_file>
      <input_file id="fl-d6">
         <path>C:\ti\ccs1031\ccs\tools\compiler\ti-cgt-arm_20.2.4.LTS\lib\</path>
         <kind>archive</kind>
         <file>rtsv7M4_T_le_v4SPD16_eabi.lib</file>
         <name>autoinit.c.obj</name>
      </input_file>
      <input_file id="fl-d7">
         <path>C:\ti\ccs1031\ccs\tools\compiler\ti-cgt-arm_20.2.4.LTS\lib\</path>
         <kind>archive</kind>
         <file>rtsv7M4_T_le_v4SPD16_eabi.lib</file>
         <name>pre_init.c.obj</name>
      </input_file>
      <input_file id="fl-d8">
         <path>C:\ti\ccs1031\ccs\tools\compiler\ti-cgt-arm_20.2.4.LTS\lib\</path>
         <kind>archive</kind>
         <file>rtsv7M4_T_le_v4SPD16_eabi.lib</file>
         <name>cpy_tbl.c.obj</name>
      </input_file>
      <input_file id="fl-d9">
         <path>C:\ti\ccs1031\ccs\tools\compiler\ti-cgt-arm_20.2.4.LTS\lib\</path>
         <kind>archive</kind>
         <file>rtsv7M4_T_le_v4SPD16_eabi.lib</file>
         <name>exit.c.obj</name>
      </input_file>
      <input_file id="fl-da">
         <path>C:\ti\ccs1031\ccs\tools\compiler\ti-cgt-arm_20.2.4.LTS\lib\</path>
         <kind>archive</kind>
         <file>rtsv7M4_T_le_v4SPD16_eabi.lib</file>
         <name>_lock.c.obj</name>
      </input_file>
      <input_file id="fl-db">
         <path>C:\ti\ccs1031\ccs\tools\compiler\ti-cgt-arm_20.2.4.LTS\lib\</path>
         <kind>archive</kind>
         <file>rtsv7M4_T_le_v4SPD16_eabi.lib</file>
         <name>args_main.c.obj</name>
      </input_file>
   </input_file_list>
   <object_component_list>
      <object_component id="oc-13">
         <name>.intvecs</name>
         <load_address>0x0</load_address>
         <run_address>0x0</run_address>
         <size>0x200</size>
         <input_file_ref idref="fl-3"/>
      </object_component>
      <object_component id="oc-11c">
         <name>.text:SysCtlClockFreqSet</name>
         <load_address>0x200</load_address>
         <run_address>0x200</run_address>
         <size>0x200</size>
         <input_file_ref idref="fl-15"/>
      </object_component>
      <object_component id="oc-22b">
         <name>.text:GPIOPadConfigSet</name>
         <load_address>0x400</load_address>
         <run_address>0x400</run_address>
         <size>0x16c</size>
         <input_file_ref idref="fl-13"/>
      </object_component>
      <object_component id="oc-40">
         <name>.text:PortNIntHandler</name>
         <load_address>0x56c</load_address>
         <run_address>0x56c</run_address>
         <size>0xd0</size>
         <input_file_ref idref="fl-9"/>
      </object_component>
      <object_component id="oc-2d1">
         <name>.text:ModbusMasterTransaction</name>
         <load_address>0x63c</load_address>
         <run_address>0x63c</run_address>
         <size>0xac</size>
         <input_file_ref idref="fl-a"/>
      </object_component>
      <object_component id="oc-54">
         <name>.text</name>
         <load_address>0x6e8</load_address>
         <run_address>0x6e8</run_address>
         <size>0x9c</size>
         <input_file_ref idref="fl-d5"/>
      </object_component>
      <object_component id="oc-2c2">
         <name>.text:IntEnable</name>
         <load_address>0x784</load_address>
         <run_address>0x784</run_address>
         <size>0x68</size>
         <input_file_ref idref="fl-14"/>
      </object_component>
      <object_component id="oc-16">
         <name>.text:decompress:lzss:__TI_decompress_lzss</name>
         <load_address>0x7ec</load_address>
         <run_address>0x7ec</run_address>
         <size>0x68</size>
         <input_file_ref idref="fl-d1"/>
      </object_component>
      <object_component id="oc-1a5">
         <name>.text:hw_proximity_init</name>
         <load_address>0x854</load_address>
         <run_address>0x854</run_address>
         <size>0x64</size>
         <input_file_ref idref="fl-9"/>
      </object_component>
      <object_component id="oc-2a4">
         <name>.text:UARTStdioConfig</name>
         <load_address>0x8b8</load_address>
         <run_address>0x8b8</run_address>
         <size>0x60</size>
         <input_file_ref idref="fl-d"/>
      </object_component>
      <object_component id="oc-122">
         <name>.text:hw_init</name>
         <load_address>0x918</load_address>
         <run_address>0x918</run_address>
         <size>0x60</size>
         <input_file_ref idref="fl-9"/>
      </object_component>
      <object_component id="oc-231">
         <name>.text:GPIOIntTypeSet</name>
         <load_address>0x978</load_address>
         <run_address>0x978</run_address>
         <size>0x58</size>
         <input_file_ref idref="fl-13"/>
      </object_component>
      <object_component id="oc-1d6">
         <name>.text:Orientator</name>
         <load_address>0x9d0</load_address>
         <run_address>0x9d0</run_address>
         <size>0x50</size>
         <input_file_ref idref="fl-8"/>
      </object_component>
      <object_component id="oc-292">
         <name>.text:GPIOPinConfigure</name>
         <load_address>0xa20</load_address>
         <run_address>0xa20</run_address>
         <size>0x4c</size>
         <input_file_ref idref="fl-13"/>
      </object_component>
      <object_component id="oc-217">
         <name>.text:UART0_init</name>
         <load_address>0xa6c</load_address>
         <run_address>0xa6c</run_address>
         <size>0x4c</size>
         <input_file_ref idref="fl-5"/>
      </object_component>
      <object_component id="oc-182">
         <name>.text:_SysCtlFrequencyGet</name>
         <load_address>0xab8</load_address>
         <run_address>0xab8</run_address>
         <size>0x48</size>
         <input_file_ref idref="fl-15"/>
      </object_component>
      <object_component id="oc-2b6">
         <name>.text:_GPIOIntNumberGet</name>
         <load_address>0xb00</load_address>
         <run_address>0xb00</run_address>
         <size>0x44</size>
         <input_file_ref idref="fl-13"/>
      </object_component>
      <object_component id="oc-13c">
         <name>.text:__TI_auto_init_nobinit_nopinit:__TI_auto_init_nobinit_nopinit</name>
         <load_address>0xb44</load_address>
         <run_address>0xb44</run_address>
         <size>0x44</size>
         <input_file_ref idref="fl-d6"/>
      </object_component>
      <object_component id="oc-2bc">
         <name>.text:IntRegister</name>
         <load_address>0xb88</load_address>
         <run_address>0xb88</run_address>
         <size>0x34</size>
         <input_file_ref idref="fl-14"/>
      </object_component>
      <object_component id="oc-193">
         <name>.text:SysCtlPeripheralEnable</name>
         <load_address>0xbbc</load_address>
         <run_address>0xbbc</run_address>
         <size>0x34</size>
         <input_file_ref idref="fl-15"/>
      </object_component>
      <object_component id="oc-72">
         <name>.text:_c_int00_noargs:_c_int00_noargs</name>
         <load_address>0xbf0</load_address>
         <run_address>0xbf0</run_address>
         <size>0x34</size>
         <input_file_ref idref="fl-d2"/>
      </object_component>
      <object_component id="oc-128">
         <name>.text:controller</name>
         <load_address>0xc24</load_address>
         <run_address>0xc24</run_address>
         <size>0x30</size>
         <input_file_ref idref="fl-8"/>
      </object_component>
      <object_component id="oc-2ab">
         <name>.text:GPIODirModeSet</name>
         <load_address>0xc54</load_address>
         <run_address>0xc54</run_address>
         <size>0x2c</size>
         <input_file_ref idref="fl-13"/>
      </object_component>
      <object_component id="oc-1c3">
         <name>.text:hw_conveyor_forward</name>
         <load_address>0xc80</load_address>
         <run_address>0xc80</run_address>
         <size>0x2c</size>
         <input_file_ref idref="fl-9"/>
      </object_component>
      <object_component id="oc-df">
         <name>.text:main</name>
         <load_address>0xcac</load_address>
         <run_address>0xcac</run_address>
         <size>0x24</size>
         <input_file_ref idref="fl-2"/>
      </object_component>
      <object_component id="oc-17c">
         <name>.text:_SysCtlMemTimingGet</name>
         <load_address>0xcd0</load_address>
         <run_address>0xcd0</run_address>
         <size>0x20</size>
         <input_file_ref idref="fl-15"/>
      </object_component>
      <object_component id="oc-266">
         <name>.text:Stepper_CCW</name>
         <load_address>0xcf0</load_address>
         <run_address>0xcf0</run_address>
         <size>0x1c</size>
         <input_file_ref idref="fl-c"/>
      </object_component>
      <object_component id="oc-25a">
         <name>.text:Stepper_CW</name>
         <load_address>0xd0c</load_address>
         <run_address>0xd0c</run_address>
         <size>0x1c</size>
         <input_file_ref idref="fl-c"/>
      </object_component>
      <object_component id="oc-19f">
         <name>.text:bicolor_init</name>
         <load_address>0xd28</load_address>
         <run_address>0xd28</run_address>
         <size>0x1c</size>
         <input_file_ref idref="fl-7"/>
      </object_component>
      <object_component id="oc-60">
         <name>.text:decompress:ZI:__TI_zero_init_nomemset:__TI_zero_init_nomemset</name>
         <load_address>0xd44</load_address>
         <run_address>0xd44</run_address>
         <size>0x1c</size>
         <input_file_ref idref="fl-cf"/>
      </object_component>
      <object_component id="oc-21e">
         <name>.text:GPIOPinTypeGPIOOutput</name>
         <load_address>0xd60</load_address>
         <run_address>0xd60</run_address>
         <size>0x1a</size>
         <input_file_ref idref="fl-13"/>
      </object_component>
      <object_component id="oc-23d">
         <name>.text:GPIOIntRegister</name>
         <load_address>0xd7a</load_address>
         <run_address>0xd7a</run_address>
         <size>0x18</size>
         <input_file_ref idref="fl-13"/>
      </object_component>
      <object_component id="oc-33c">
         <name>.text:crc16_update</name>
         <load_address>0xd92</load_address>
         <run_address>0xd92</run_address>
         <size>0x18</size>
         <input_file_ref idref="fl-a"/>
      </object_component>
      <object_component id="oc-34">
         <name>.text:FaultISR</name>
         <load_address>0xdaa</load_address>
         <run_address>0xdaa</run_address>
         <size>0x2</size>
         <input_file_ref idref="fl-3"/>
      </object_component>
      <object_component id="oc-251">
         <name>.text:test_writingRegisters</name>
         <load_address>0xdac</load_address>
         <run_address>0xdac</run_address>
         <size>0x18</size>
         <input_file_ref idref="fl-a"/>
      </object_component>
      <object_component id="oc-225">
         <name>.text:GPIOPinTypeGPIOInput</name>
         <load_address>0xdc4</load_address>
         <run_address>0xdc4</run_address>
         <size>0x16</size>
         <input_file_ref idref="fl-13"/>
      </object_component>
      <object_component id="oc-29e">
         <name>.text:GPIOPinTypeUART</name>
         <load_address>0xdda</load_address>
         <run_address>0xdda</run_address>
         <size>0x16</size>
         <input_file_ref idref="fl-13"/>
      </object_component>
      <object_component id="oc-a8">
         <name>.text:channelizer_fwd</name>
         <load_address>0xdf0</load_address>
         <run_address>0xdf0</run_address>
         <size>0x10</size>
         <input_file_ref idref="fl-b"/>
      </object_component>
      <object_component id="oc-a2">
         <name>.text:channelizer_rev</name>
         <load_address>0xe00</load_address>
         <run_address>0xe00</run_address>
         <size>0x10</size>
         <input_file_ref idref="fl-b"/>
      </object_component>
      <object_component id="oc-2ec">
         <name>.text:disable_servo</name>
         <load_address>0xe10</load_address>
         <run_address>0xe10</run_address>
         <size>0x10</size>
         <input_file_ref idref="fl-c"/>
      </object_component>
      <object_component id="oc-2e0">
         <name>.text:enable_servo</name>
         <load_address>0xe20</load_address>
         <run_address>0xe20</run_address>
         <size>0x10</size>
         <input_file_ref idref="fl-c"/>
      </object_component>
      <object_component id="oc-1b7">
         <name>.text:hw_contactor_ON</name>
         <load_address>0xe30</load_address>
         <run_address>0xe30</run_address>
         <size>0x10</size>
         <input_file_ref idref="fl-9"/>
      </object_component>
      <object_component id="oc-2da">
         <name>.text:left_turn</name>
         <load_address>0xe40</load_address>
         <run_address>0xe40</run_address>
         <size>0x10</size>
         <input_file_ref idref="fl-c"/>
      </object_component>
      <object_component id="oc-2f2">
         <name>.text:no_left_turn</name>
         <load_address>0xe50</load_address>
         <run_address>0xe50</run_address>
         <size>0x10</size>
         <input_file_ref idref="fl-c"/>
      </object_component>
      <object_component id="oc-300">
         <name>.text:no_right_turn</name>
         <load_address>0xe60</load_address>
         <run_address>0xe60</run_address>
         <size>0x10</size>
         <input_file_ref idref="fl-c"/>
      </object_component>
      <object_component id="oc-1d0">
         <name>.text:pod_tilter_down</name>
         <load_address>0xe70</load_address>
         <run_address>0xe70</run_address>
         <size>0x10</size>
         <input_file_ref idref="fl-b"/>
      </object_component>
      <object_component id="oc-260">
         <name>.text:pod_tilter_up</name>
         <load_address>0xe80</load_address>
         <run_address>0xe80</run_address>
         <size>0x10</size>
         <input_file_ref idref="fl-b"/>
      </object_component>
      <object_component id="oc-2fa">
         <name>.text:right_turn</name>
         <load_address>0xe90</load_address>
         <run_address>0xe90</run_address>
         <size>0x10</size>
         <input_file_ref idref="fl-c"/>
      </object_component>
      <object_component id="oc-199">
         <name>.text:rs232_init</name>
         <load_address>0xea0</load_address>
         <run_address>0xea0</run_address>
         <size>0x10</size>
         <input_file_ref idref="fl-5"/>
      </object_component>
      <object_component id="oc-8a">
         <name>.text:GPIOIntStatus</name>
         <load_address>0xeb0</load_address>
         <run_address>0xeb0</run_address>
         <size>0xe</size>
         <input_file_ref idref="fl-13"/>
      </object_component>
      <object_component id="oc-1c">
         <name>.text:decompress:none:__TI_decompress_none</name>
         <load_address>0xebe</load_address>
         <run_address>0xebe</run_address>
         <size>0xe</size>
         <input_file_ref idref="fl-d0"/>
      </object_component>
      <object_component id="oc-237">
         <name>.text:GPIOIntEnable</name>
         <load_address>0xecc</load_address>
         <run_address>0xecc</run_address>
         <size>0xc</size>
         <input_file_ref idref="fl-13"/>
      </object_component>
      <object_component id="oc-1bd">
         <name>.text:ModbusMaster_begin</name>
         <load_address>0xed8</load_address>
         <run_address>0xed8</run_address>
         <size>0xc</size>
         <input_file_ref idref="fl-a"/>
      </object_component>
      <object_component id="oc-1b1">
         <name>.text:hw_contactor_init</name>
         <load_address>0xee4</load_address>
         <run_address>0xee4</run_address>
         <size>0xc</size>
         <input_file_ref idref="fl-9"/>
      </object_component>
      <object_component id="oc-1ab">
         <name>.text:hw_pneumatic_init</name>
         <load_address>0xef0</load_address>
         <run_address>0xef0</run_address>
         <size>0xc</size>
         <input_file_ref idref="fl-9"/>
      </object_component>
      <object_component id="oc-1c9">
         <name>.text:stepper_init</name>
         <load_address>0xefc</load_address>
         <run_address>0xefc</run_address>
         <size>0xc</size>
         <input_file_ref idref="fl-c"/>
      </object_component>
      <object_component id="oc-2e6">
         <name>.text:wait_up2</name>
         <load_address>0xf08</load_address>
         <run_address>0xf08</run_address>
         <size>0xc</size>
         <input_file_ref idref="fl-9"/>
      </object_component>
      <object_component id="oc-9c">
         <name>.text:wait_up</name>
         <load_address>0xf14</load_address>
         <run_address>0xf14</run_address>
         <size>0xc</size>
         <input_file_ref idref="fl-9"/>
      </object_component>
      <object_component id="oc-90">
         <name>.text:GPIOIntClear</name>
         <load_address>0xf20</load_address>
         <run_address>0xf20</run_address>
         <size>0x6</size>
         <input_file_ref idref="fl-13"/>
      </object_component>
      <object_component id="oc-96">
         <name>.text:GPIOPinWrite</name>
         <load_address>0xf26</load_address>
         <run_address>0xf26</run_address>
         <size>0x6</size>
         <input_file_ref idref="fl-13"/>
      </object_component>
      <object_component id="oc-28">
         <name>.text:ResetISR</name>
         <load_address>0xf2c</load_address>
         <run_address>0xf2c</run_address>
         <size>0x6</size>
         <input_file_ref idref="fl-3"/>
      </object_component>
      <object_component id="oc-ff">
         <name>.text:SysCtlDelay</name>
         <load_address>0xf32</load_address>
         <run_address>0xf32</run_address>
         <size>0x6</size>
         <input_file_ref idref="fl-15"/>
      </object_component>
      <object_component id="oc-298">
         <name>.text:UARTClockSourceSet</name>
         <load_address>0xf38</load_address>
         <run_address>0xf38</run_address>
         <size>0x6</size>
         <input_file_ref idref="fl-17"/>
      </object_component>
      <object_component id="oc-d9">
         <name>.text:_system_pre_init</name>
         <load_address>0xf3e</load_address>
         <run_address>0xf3e</run_address>
         <size>0x4</size>
         <input_file_ref idref="fl-d7"/>
      </object_component>
      <object_component id="oc-130">
         <name>.text:abort:abort</name>
         <load_address>0xf42</load_address>
         <run_address>0xf42</run_address>
         <size>0x4</size>
         <input_file_ref idref="fl-d9"/>
      </object_component>
      <object_component id="oc-3a">
         <name>.text:IntDefaultHandler</name>
         <load_address>0xf46</load_address>
         <run_address>0xf46</run_address>
         <size>0x2</size>
         <input_file_ref idref="fl-3"/>
      </object_component>
      <object_component id="oc-2e">
         <name>.text:NmiSR</name>
         <load_address>0xf48</load_address>
         <run_address>0xf48</run_address>
         <size>0x2</size>
         <input_file_ref idref="fl-3"/>
      </object_component>
      <object_component id="oc-18b">
         <name>.const:g_pppui32XTALtoVCO</name>
         <load_address>0xf4c</load_address>
         <run_address>0xf4c</run_address>
         <size>0x1b0</size>
         <input_file_ref idref="fl-15"/>
      </object_component>
      <object_component id="oc-32f">
         <name>.const:g_ppui32GPIOIntMapSnowflake</name>
         <load_address>0x10fc</load_address>
         <run_address>0x10fc</run_address>
         <size>0xd8</size>
         <input_file_ref idref="fl-13"/>
      </object_component>
      <object_component id="oc-32c">
         <name>.const:g_ppui32GPIOIntMapBlizzard</name>
         <load_address>0x11d4</load_address>
         <run_address>0x11d4</run_address>
         <size>0xc0</size>
         <input_file_ref idref="fl-13"/>
      </object_component>
      <object_component id="oc-316">
         <name>.const:g_pui32GPIOBaseAddrs</name>
         <load_address>0x1294</load_address>
         <run_address>0x1294</run_address>
         <size>0x90</size>
         <input_file_ref idref="fl-13"/>
      </object_component>
      <object_component id="oc-188">
         <name>.const:g_pui32Xtals</name>
         <load_address>0x1324</load_address>
         <run_address>0x1324</run_address>
         <size>0x6c</size>
         <input_file_ref idref="fl-15"/>
      </object_component>
      <object_component id="oc-200">
         <name>.const:g_sXTALtoMEMTIM</name>
         <load_address>0x1390</load_address>
         <run_address>0x1390</run_address>
         <size>0x30</size>
         <input_file_ref idref="fl-15"/>
      </object_component>
      <object_component id="oc-338">
         <name>.const:g_pui32EnRegs</name>
         <load_address>0x13c0</load_address>
         <run_address>0x13c0</run_address>
         <size>0x14</size>
         <input_file_ref idref="fl-14"/>
      </object_component>
      <object_component id="oc-320">
         <name>.const:g_ui32UARTBase</name>
         <load_address>0x13d4</load_address>
         <run_address>0x13d4</run_address>
         <size>0xc</size>
         <input_file_ref idref="fl-d"/>
      </object_component>
      <object_component id="oc-31d">
         <name>.const:g_ui32UARTPeriph</name>
         <load_address>0x13e0</load_address>
         <run_address>0x13e0</run_address>
         <size>0xc</size>
         <input_file_ref idref="fl-d"/>
      </object_component>
      <object_component id="oc-18e">
         <name>.const:g_pui32VCOFrequencies</name>
         <load_address>0x13ec</load_address>
         <run_address>0x13ec</run_address>
         <size>0x8</size>
         <input_file_ref idref="fl-15"/>
      </object_component>
      <object_component id="oc-398">
         <name>.cinit..data.load</name>
         <load_address>0x13f8</load_address>
         <run_address>0x13f8</run_address>
         <size>0x10</size>
      </object_component>
      <object_component id="oc-395">
         <name>__TI_handler_table</name>
         <load_address>0x1408</load_address>
         <run_address>0x1408</run_address>
         <size>0xc</size>
      </object_component>
      <object_component id="oc-399">
         <name>.cinit..bss.load</name>
         <load_address>0x1418</load_address>
         <run_address>0x1418</run_address>
         <size>0x8</size>
      </object_component>
      <object_component id="oc-397">
         <name>.cinit..vtable.load</name>
         <load_address>0x1420</load_address>
         <run_address>0x1420</run_address>
         <size>0x8</size>
      </object_component>
      <object_component id="oc-396">
         <name>__TI_cinit_table</name>
         <load_address>0x1428</load_address>
         <run_address>0x1428</run_address>
         <size>0x18</size>
      </object_component>
      <object_component id="oc-333">
         <name>.vtable</name>
         <uninitialized>true</uninitialized>
         <run_address>0x20000000</run_address>
         <size>0x26c</size>
         <input_file_ref idref="fl-14"/>
      </object_component>
      <object_component id="oc-1dc">
         <name>.data</name>
         <load_address>0x200004b4</load_address>
         <run_address>0x200004b4</run_address>
         <size>0xc</size>
         <input_file_ref idref="fl-8"/>
      </object_component>
      <object_component id="oc-ae">
         <name>.data</name>
         <load_address>0x200004c5</load_address>
         <run_address>0x200004c5</run_address>
         <size>0x1</size>
         <input_file_ref idref="fl-9"/>
      </object_component>
      <object_component id="oc-323">
         <name>.data</name>
         <load_address>0x200004c0</load_address>
         <run_address>0x200004c0</run_address>
         <size>0x5</size>
         <input_file_ref idref="fl-d"/>
      </object_component>
      <object_component id="oc-12e">
         <name>.common:g_ui32SysClock</name>
         <uninitialized>true</uninitialized>
         <run_address>0x200004a4</run_address>
         <size>0x4</size>
      </object_component>
      <object_component id="oc-247">
         <name>.common:_u8MBSlave</name>
         <uninitialized>true</uninitialized>
         <run_address>0x200004ae</run_address>
         <size>0x1</size>
      </object_component>
      <object_component id="oc-2d7">
         <name>.common:_u16ReadAddress</name>
         <uninitialized>true</uninitialized>
         <run_address>0x200004a8</run_address>
         <size>0x2</size>
      </object_component>
      <object_component id="oc-2d8">
         <name>.common:_u16ReadQty</name>
         <uninitialized>true</uninitialized>
         <run_address>0x200004aa</run_address>
         <size>0x2</size>
      </object_component>
      <object_component id="oc-344">
         <name>.common:u8ModbusADU</name>
         <uninitialized>true</uninitialized>
         <run_address>0x20000470</run_address>
         <size>0x34</size>
      </object_component>
      <object_component id="oc-346">
         <name>.common:i</name>
         <uninitialized>true</uninitialized>
         <run_address>0x200004af</run_address>
         <size>0x1</size>
      </object_component>
      <object_component id="oc-345">
         <name>.common:u16CRC</name>
         <uninitialized>true</uninitialized>
         <run_address>0x200004ac</run_address>
         <size>0x2</size>
      </object_component>
      <object_component id="oc-342">
         <name>.common:u8BytesLeft</name>
         <uninitialized>true</uninitialized>
         <run_address>0x200004b0</run_address>
         <size>0x1</size>
      </object_component>
      <object_component id="oc-343">
         <name>.common:u8MBStatus</name>
         <uninitialized>true</uninitialized>
         <run_address>0x200004b1</run_address>
         <size>0x1</size>
      </object_component>
      <object_component id="oc-25">
         <name>.stack</name>
         <uninitialized>true</uninitialized>
         <run_address>0x20000270</run_address>
         <size>0x4</size>
         <input_file_ref idref="fl-d2"/>
      </object_component>
      <object_component id="oc-39b">
         <name>.stack</name>
         <uninitialized>true</uninitialized>
         <run_address>0x20000270</run_address>
         <size>0x0</size>
      </object_component>
      <object_component id="oc-10a">
         <name>.debug_info</name>
         <load_address>0x0</load_address>
         <run_address>0x0</run_address>
         <size>0x314</size>
         <input_file_ref idref="fl-2"/>
      </object_component>
      <object_component id="oc-e0">
         <name>.debug_info</name>
         <load_address>0x314</load_address>
         <run_address>0x314</run_address>
         <size>0x123</size>
         <input_file_ref idref="fl-2"/>
      </object_component>
      <object_component id="oc-b4">
         <name>.debug_info</name>
         <load_address>0x437</load_address>
         <run_address>0x437</run_address>
         <size>0x26b</size>
         <input_file_ref idref="fl-2"/>
      </object_component>
      <object_component id="oc-4f">
         <name>.debug_info</name>
         <load_address>0x6a2</load_address>
         <run_address>0x6a2</run_address>
         <size>0x84</size>
         <input_file_ref idref="fl-2"/>
      </object_component>
      <object_component id="oc-105">
         <name>.debug_info</name>
         <load_address>0x726</load_address>
         <run_address>0x726</run_address>
         <size>0x2a4</size>
         <input_file_ref idref="fl-2"/>
      </object_component>
      <object_component id="oc-b9">
         <name>.debug_info</name>
         <load_address>0x9ca</load_address>
         <run_address>0x9ca</run_address>
         <size>0xbb</size>
         <input_file_ref idref="fl-2"/>
      </object_component>
      <object_component id="oc-48">
         <name>.debug_info</name>
         <load_address>0xa85</load_address>
         <run_address>0xa85</run_address>
         <size>0x2c1</size>
         <input_file_ref idref="fl-3"/>
      </object_component>
      <object_component id="oc-14">
         <name>.debug_info</name>
         <load_address>0xd46</load_address>
         <run_address>0xd46</run_address>
         <size>0xda</size>
         <input_file_ref idref="fl-3"/>
      </object_component>
      <object_component id="oc-2a">
         <name>.debug_info</name>
         <load_address>0xe20</load_address>
         <run_address>0xe20</run_address>
         <size>0x10a</size>
         <input_file_ref idref="fl-3"/>
      </object_component>
      <object_component id="oc-2f">
         <name>.debug_info</name>
         <load_address>0xf2a</load_address>
         <run_address>0xf2a</run_address>
         <size>0xf8</size>
         <input_file_ref idref="fl-3"/>
      </object_component>
      <object_component id="oc-3c">
         <name>.debug_info</name>
         <load_address>0x1022</load_address>
         <run_address>0x1022</run_address>
         <size>0x113</size>
         <input_file_ref idref="fl-3"/>
      </object_component>
      <object_component id="oc-36">
         <name>.debug_info</name>
         <load_address>0x1135</load_address>
         <run_address>0x1135</run_address>
         <size>0xfe</size>
         <input_file_ref idref="fl-3"/>
      </object_component>
      <object_component id="oc-f7">
         <name>.debug_info</name>
         <load_address>0x1233</load_address>
         <run_address>0x1233</run_address>
         <size>0x8b</size>
         <input_file_ref idref="fl-4"/>
      </object_component>
      <object_component id="oc-219">
         <name>.debug_info</name>
         <load_address>0x12be</load_address>
         <run_address>0x12be</run_address>
         <size>0x1b8</size>
         <input_file_ref idref="fl-5"/>
      </object_component>
      <object_component id="oc-19a">
         <name>.debug_info</name>
         <load_address>0x1476</load_address>
         <run_address>0x1476</run_address>
         <size>0x132</size>
         <input_file_ref idref="fl-5"/>
      </object_component>
      <object_component id="oc-248">
         <name>.debug_info</name>
         <load_address>0x15a8</load_address>
         <run_address>0x15a8</run_address>
         <size>0x64b</size>
         <input_file_ref idref="fl-6"/>
      </object_component>
      <object_component id="oc-1a3">
         <name>.debug_info</name>
         <load_address>0x1bf3</load_address>
         <run_address>0x1bf3</run_address>
         <size>0x14a</size>
         <input_file_ref idref="fl-7"/>
      </object_component>
      <object_component id="oc-24c">
         <name>.debug_info</name>
         <load_address>0x1d3d</load_address>
         <run_address>0x1d3d</run_address>
         <size>0x500</size>
         <input_file_ref idref="fl-8"/>
      </object_component>
      <object_component id="oc-1dd">
         <name>.debug_info</name>
         <load_address>0x223d</load_address>
         <run_address>0x223d</run_address>
         <size>0x1b7</size>
         <input_file_ref idref="fl-8"/>
      </object_component>
      <object_component id="oc-1da">
         <name>.debug_info</name>
         <load_address>0x23f4</load_address>
         <run_address>0x23f4</run_address>
         <size>0x162</size>
         <input_file_ref idref="fl-8"/>
      </object_component>
      <object_component id="oc-12b">
         <name>.debug_info</name>
         <load_address>0x2556</load_address>
         <run_address>0x2556</run_address>
         <size>0x190</size>
         <input_file_ref idref="fl-8"/>
      </object_component>
      <object_component id="oc-24a">
         <name>.debug_info</name>
         <load_address>0x26e6</load_address>
         <run_address>0x26e6</run_address>
         <size>0x796</size>
         <input_file_ref idref="fl-9"/>
      </object_component>
      <object_component id="oc-af">
         <name>.debug_info</name>
         <load_address>0x2e7c</load_address>
         <run_address>0x2e7c</run_address>
         <size>0xdb</size>
         <input_file_ref idref="fl-9"/>
      </object_component>
      <object_component id="oc-2e7">
         <name>.debug_info</name>
         <load_address>0x2f57</load_address>
         <run_address>0x2f57</run_address>
         <size>0x108</size>
         <input_file_ref idref="fl-9"/>
      </object_component>
      <object_component id="oc-9d">
         <name>.debug_info</name>
         <load_address>0x305f</load_address>
         <run_address>0x305f</run_address>
         <size>0x106</size>
         <input_file_ref idref="fl-9"/>
      </object_component>
      <object_component id="oc-1a6">
         <name>.debug_info</name>
         <load_address>0x3165</load_address>
         <run_address>0x3165</run_address>
         <size>0x1d9</size>
         <input_file_ref idref="fl-9"/>
      </object_component>
      <object_component id="oc-1ac">
         <name>.debug_info</name>
         <load_address>0x333e</load_address>
         <run_address>0x333e</run_address>
         <size>0x124</size>
         <input_file_ref idref="fl-9"/>
      </object_component>
      <object_component id="oc-1b2">
         <name>.debug_info</name>
         <load_address>0x3462</load_address>
         <run_address>0x3462</run_address>
         <size>0x124</size>
         <input_file_ref idref="fl-9"/>
      </object_component>
      <object_component id="oc-1b8">
         <name>.debug_info</name>
         <load_address>0x3586</load_address>
         <run_address>0x3586</run_address>
         <size>0x117</size>
         <input_file_ref idref="fl-9"/>
      </object_component>
      <object_component id="oc-1c4">
         <name>.debug_info</name>
         <load_address>0x369d</load_address>
         <run_address>0x369d</run_address>
         <size>0x175</size>
         <input_file_ref idref="fl-9"/>
      </object_component>
      <object_component id="oc-124">
         <name>.debug_info</name>
         <load_address>0x3812</load_address>
         <run_address>0x3812</run_address>
         <size>0x26f</size>
         <input_file_ref idref="fl-9"/>
      </object_component>
      <object_component id="oc-41">
         <name>.debug_info</name>
         <load_address>0x3a81</load_address>
         <run_address>0x3a81</run_address>
         <size>0x22f</size>
         <input_file_ref idref="fl-9"/>
      </object_component>
      <object_component id="oc-24e">
         <name>.debug_info</name>
         <load_address>0x3cb0</load_address>
         <run_address>0x3cb0</run_address>
         <size>0x3ff</size>
         <input_file_ref idref="fl-a"/>
      </object_component>
      <object_component id="oc-33f">
         <name>.debug_info</name>
         <load_address>0x40af</load_address>
         <run_address>0x40af</run_address>
         <size>0x146</size>
         <input_file_ref idref="fl-a"/>
      </object_component>
      <object_component id="oc-2d3">
         <name>.debug_info</name>
         <load_address>0x41f5</load_address>
         <run_address>0x41f5</run_address>
         <size>0x185</size>
         <input_file_ref idref="fl-a"/>
      </object_component>
      <object_component id="oc-254">
         <name>.debug_info</name>
         <load_address>0x437a</load_address>
         <run_address>0x437a</run_address>
         <size>0x1c2</size>
         <input_file_ref idref="fl-a"/>
      </object_component>
      <object_component id="oc-1c0">
         <name>.debug_info</name>
         <load_address>0x453c</load_address>
         <run_address>0x453c</run_address>
         <size>0x11b</size>
         <input_file_ref idref="fl-a"/>
      </object_component>
      <object_component id="oc-261">
         <name>.debug_info</name>
         <load_address>0x4657</load_address>
         <run_address>0x4657</run_address>
         <size>0x128</size>
         <input_file_ref idref="fl-b"/>
      </object_component>
      <object_component id="oc-1d2">
         <name>.debug_info</name>
         <load_address>0x477f</load_address>
         <run_address>0x477f</run_address>
         <size>0x12c</size>
         <input_file_ref idref="fl-b"/>
      </object_component>
      <object_component id="oc-a3">
         <name>.debug_info</name>
         <load_address>0x48ab</load_address>
         <run_address>0x48ab</run_address>
         <size>0x12c</size>
         <input_file_ref idref="fl-b"/>
      </object_component>
      <object_component id="oc-a9">
         <name>.debug_info</name>
         <load_address>0x49d7</load_address>
         <run_address>0x49d7</run_address>
         <size>0x12c</size>
         <input_file_ref idref="fl-b"/>
      </object_component>
      <object_component id="oc-1ca">
         <name>.debug_info</name>
         <load_address>0x4b03</load_address>
         <run_address>0x4b03</run_address>
         <size>0x13e</size>
         <input_file_ref idref="fl-c"/>
      </object_component>
      <object_component id="oc-2fb">
         <name>.debug_info</name>
         <load_address>0x4c41</load_address>
         <run_address>0x4c41</run_address>
         <size>0x131</size>
         <input_file_ref idref="fl-c"/>
      </object_component>
      <object_component id="oc-301">
         <name>.debug_info</name>
         <load_address>0x4d72</load_address>
         <run_address>0x4d72</run_address>
         <size>0x137</size>
         <input_file_ref idref="fl-c"/>
      </object_component>
      <object_component id="oc-2f4">
         <name>.debug_info</name>
         <load_address>0x4ea9</load_address>
         <run_address>0x4ea9</run_address>
         <size>0x135</size>
         <input_file_ref idref="fl-c"/>
      </object_component>
      <object_component id="oc-2dc">
         <name>.debug_info</name>
         <load_address>0x4fde</load_address>
         <run_address>0x4fde</run_address>
         <size>0x12f</size>
         <input_file_ref idref="fl-c"/>
      </object_component>
      <object_component id="oc-2e1">
         <name>.debug_info</name>
         <load_address>0x510d</load_address>
         <run_address>0x510d</run_address>
         <size>0x135</size>
         <input_file_ref idref="fl-c"/>
      </object_component>
      <object_component id="oc-2ee">
         <name>.debug_info</name>
         <load_address>0x5242</load_address>
         <run_address>0x5242</run_address>
         <size>0x137</size>
         <input_file_ref idref="fl-c"/>
      </object_component>
      <object_component id="oc-25b">
         <name>.debug_info</name>
         <load_address>0x5379</load_address>
         <run_address>0x5379</run_address>
         <size>0x18a</size>
         <input_file_ref idref="fl-c"/>
      </object_component>
      <object_component id="oc-267">
         <name>.debug_info</name>
         <load_address>0x5503</load_address>
         <run_address>0x5503</run_address>
         <size>0x18e</size>
         <input_file_ref idref="fl-c"/>
      </object_component>
      <object_component id="oc-32a">
         <name>.debug_info</name>
         <load_address>0x5691</load_address>
         <run_address>0x5691</run_address>
         <size>0x2b7</size>
         <input_file_ref idref="fl-d"/>
      </object_component>
      <object_component id="oc-327">
         <name>.debug_info</name>
         <load_address>0x5948</load_address>
         <run_address>0x5948</run_address>
         <size>0xf8</size>
         <input_file_ref idref="fl-d"/>
      </object_component>
      <object_component id="oc-321">
         <name>.debug_info</name>
         <load_address>0x5a40</load_address>
         <run_address>0x5a40</run_address>
         <size>0x100</size>
         <input_file_ref idref="fl-d"/>
      </object_component>
      <object_component id="oc-31e">
         <name>.debug_info</name>
         <load_address>0x5b40</load_address>
         <run_address>0x5b40</run_address>
         <size>0x104</size>
         <input_file_ref idref="fl-d"/>
      </object_component>
      <object_component id="oc-324">
         <name>.debug_info</name>
         <load_address>0x5c44</load_address>
         <run_address>0x5c44</run_address>
         <size>0x23a</size>
         <input_file_ref idref="fl-d"/>
      </object_component>
      <object_component id="oc-2a6">
         <name>.debug_info</name>
         <load_address>0x5e7e</load_address>
         <run_address>0x5e7e</run_address>
         <size>0x252</size>
         <input_file_ref idref="fl-d"/>
      </object_component>
      <object_component id="oc-fc">
         <name>.debug_info</name>
         <load_address>0x60d0</load_address>
         <run_address>0x60d0</run_address>
         <size>0x3e4</size>
         <input_file_ref idref="fl-13"/>
      </object_component>
      <object_component id="oc-32d">
         <name>.debug_info</name>
         <load_address>0x64b4</load_address>
         <run_address>0x64b4</run_address>
         <size>0x170</size>
         <input_file_ref idref="fl-13"/>
      </object_component>
      <object_component id="oc-330">
         <name>.debug_info</name>
         <load_address>0x6624</load_address>
         <run_address>0x6624</run_address>
         <size>0x172</size>
         <input_file_ref idref="fl-13"/>
      </object_component>
      <object_component id="oc-317">
         <name>.debug_info</name>
         <load_address>0x6796</load_address>
         <run_address>0x6796</run_address>
         <size>0x164</size>
         <input_file_ref idref="fl-13"/>
      </object_component>
      <object_component id="oc-99">
         <name>.debug_info</name>
         <load_address>0x68fa</load_address>
         <run_address>0x68fa</run_address>
         <size>0x2ac</size>
         <input_file_ref idref="fl-13"/>
      </object_component>
      <object_component id="oc-2ae">
         <name>.debug_info</name>
         <load_address>0x6ba6</load_address>
         <run_address>0x6ba6</run_address>
         <size>0x2bc</size>
         <input_file_ref idref="fl-13"/>
      </object_component>
      <object_component id="oc-22e">
         <name>.debug_info</name>
         <load_address>0x6e62</load_address>
         <run_address>0x6e62</run_address>
         <size>0x31f</size>
         <input_file_ref idref="fl-13"/>
      </object_component>
      <object_component id="oc-2a1">
         <name>.debug_info</name>
         <load_address>0x7181</load_address>
         <run_address>0x7181</run_address>
         <size>0x29b</size>
         <input_file_ref idref="fl-13"/>
      </object_component>
      <object_component id="oc-221">
         <name>.debug_info</name>
         <load_address>0x741c</load_address>
         <run_address>0x741c</run_address>
         <size>0x2c0</size>
         <input_file_ref idref="fl-13"/>
      </object_component>
      <object_component id="oc-228">
         <name>.debug_info</name>
         <load_address>0x76dc</load_address>
         <run_address>0x76dc</run_address>
         <size>0x2a5</size>
         <input_file_ref idref="fl-13"/>
      </object_component>
      <object_component id="oc-296">
         <name>.debug_info</name>
         <load_address>0x7981</load_address>
         <run_address>0x7981</run_address>
         <size>0x289</size>
         <input_file_ref idref="fl-13"/>
      </object_component>
      <object_component id="oc-2ba">
         <name>.debug_info</name>
         <load_address>0x7c0a</load_address>
         <run_address>0x7c0a</run_address>
         <size>0x2a1</size>
         <input_file_ref idref="fl-13"/>
      </object_component>
      <object_component id="oc-235">
         <name>.debug_info</name>
         <load_address>0x7eab</load_address>
         <run_address>0x7eab</run_address>
         <size>0x2c4</size>
         <input_file_ref idref="fl-13"/>
      </object_component>
      <object_component id="oc-8e">
         <name>.debug_info</name>
         <load_address>0x816f</load_address>
         <run_address>0x816f</run_address>
         <size>0x288</size>
         <input_file_ref idref="fl-13"/>
      </object_component>
      <object_component id="oc-241">
         <name>.debug_info</name>
         <load_address>0x83f7</load_address>
         <run_address>0x83f7</run_address>
         <size>0x2d8</size>
         <input_file_ref idref="fl-13"/>
      </object_component>
      <object_component id="oc-23b">
         <name>.debug_info</name>
         <load_address>0x86cf</load_address>
         <run_address>0x86cf</run_address>
         <size>0x298</size>
         <input_file_ref idref="fl-13"/>
      </object_component>
      <object_component id="oc-94">
         <name>.debug_info</name>
         <load_address>0x8967</load_address>
         <run_address>0x8967</run_address>
         <size>0x296</size>
         <input_file_ref idref="fl-13"/>
      </object_component>
      <object_component id="oc-175">
         <name>.debug_info</name>
         <load_address>0x8bfd</load_address>
         <run_address>0x8bfd</run_address>
         <size>0x26b</size>
         <input_file_ref idref="fl-13"/>
      </object_component>
      <object_component id="oc-16e">
         <name>.debug_info</name>
         <load_address>0x8e68</load_address>
         <run_address>0x8e68</run_address>
         <size>0x297</size>
         <input_file_ref idref="fl-13"/>
      </object_component>
      <object_component id="oc-205">
         <name>.debug_info</name>
         <load_address>0x90ff</load_address>
         <run_address>0x90ff</run_address>
         <size>0xef</size>
         <input_file_ref idref="fl-13"/>
      </object_component>
      <object_component id="oc-f2">
         <name>.debug_info</name>
         <load_address>0x91ee</load_address>
         <run_address>0x91ee</run_address>
         <size>0xbb</size>
         <input_file_ref idref="fl-13"/>
      </object_component>
      <object_component id="oc-337">
         <name>.debug_info</name>
         <load_address>0x92a9</load_address>
         <run_address>0x92a9</run_address>
         <size>0x3b7</size>
         <input_file_ref idref="fl-14"/>
      </object_component>
      <object_component id="oc-339">
         <name>.debug_info</name>
         <load_address>0x9660</load_address>
         <run_address>0x9660</run_address>
         <size>0x15b</size>
         <input_file_ref idref="fl-14"/>
      </object_component>
      <object_component id="oc-334">
         <name>.debug_info</name>
         <load_address>0x97bb</load_address>
         <run_address>0x97bb</run_address>
         <size>0x160</size>
         <input_file_ref idref="fl-14"/>
      </object_component>
      <object_component id="oc-2bd">
         <name>.debug_info</name>
         <load_address>0x991b</load_address>
         <run_address>0x991b</run_address>
         <size>0x2ca</size>
         <input_file_ref idref="fl-14"/>
      </object_component>
      <object_component id="oc-2c3">
         <name>.debug_info</name>
         <load_address>0x9be5</load_address>
         <run_address>0x9be5</run_address>
         <size>0x271</size>
         <input_file_ref idref="fl-14"/>
      </object_component>
      <object_component id="oc-192">
         <name>.debug_info</name>
         <load_address>0x9e56</load_address>
         <run_address>0x9e56</run_address>
         <size>0x441</size>
         <input_file_ref idref="fl-15"/>
      </object_component>
      <object_component id="oc-189">
         <name>.debug_info</name>
         <load_address>0xa297</load_address>
         <run_address>0xa297</run_address>
         <size>0x156</size>
         <input_file_ref idref="fl-15"/>
      </object_component>
      <object_component id="oc-18c">
         <name>.debug_info</name>
         <load_address>0xa3ed</load_address>
         <run_address>0xa3ed</run_address>
         <size>0x162</size>
         <input_file_ref idref="fl-15"/>
      </object_component>
      <object_component id="oc-201">
         <name>.debug_info</name>
         <load_address>0xa54f</load_address>
         <run_address>0xa54f</run_address>
         <size>0x15c</size>
         <input_file_ref idref="fl-15"/>
      </object_component>
      <object_component id="oc-18f">
         <name>.debug_info</name>
         <load_address>0xa6ab</load_address>
         <run_address>0xa6ab</run_address>
         <size>0x169</size>
         <input_file_ref idref="fl-15"/>
      </object_component>
      <object_component id="oc-194">
         <name>.debug_info</name>
         <load_address>0xa814</load_address>
         <run_address>0xa814</run_address>
         <size>0x286</size>
         <input_file_ref idref="fl-15"/>
      </object_component>
      <object_component id="oc-17d">
         <name>.debug_info</name>
         <load_address>0xaa9a</load_address>
         <run_address>0xaa9a</run_address>
         <size>0x279</size>
         <input_file_ref idref="fl-15"/>
      </object_component>
      <object_component id="oc-183">
         <name>.debug_info</name>
         <load_address>0xad13</load_address>
         <run_address>0xad13</run_address>
         <size>0x2c3</size>
         <input_file_ref idref="fl-15"/>
      </object_component>
      <object_component id="oc-11d">
         <name>.debug_info</name>
         <load_address>0xafd6</load_address>
         <run_address>0xafd6</run_address>
         <size>0x4a3</size>
         <input_file_ref idref="fl-15"/>
      </object_component>
      <object_component id="oc-212">
         <name>.debug_info</name>
         <load_address>0xb479</load_address>
         <run_address>0xb479</run_address>
         <size>0x51</size>
         <input_file_ref idref="fl-15"/>
      </object_component>
      <object_component id="oc-31b">
         <name>.debug_info</name>
         <load_address>0xb4ca</load_address>
         <run_address>0xb4ca</run_address>
         <size>0x3cb</size>
         <input_file_ref idref="fl-17"/>
      </object_component>
      <object_component id="oc-29a">
         <name>.debug_info</name>
         <load_address>0xb895</load_address>
         <run_address>0xb895</run_address>
         <size>0x29a</size>
         <input_file_ref idref="fl-17"/>
      </object_component>
      <object_component id="oc-d2">
         <name>.debug_info</name>
         <load_address>0xbb2f</load_address>
         <run_address>0xbb2f</run_address>
         <size>0x2d4</size>
         <input_file_ref idref="fl-cf"/>
      </object_component>
      <object_component id="oc-64">
         <name>.debug_info</name>
         <load_address>0xbe03</load_address>
         <run_address>0xbe03</run_address>
         <size>0x1d2</size>
         <input_file_ref idref="fl-cf"/>
      </object_component>
      <object_component id="oc-cd">
         <name>.debug_info</name>
         <load_address>0xbfd5</load_address>
         <run_address>0xbfd5</run_address>
         <size>0x46</size>
         <input_file_ref idref="fl-cf"/>
      </object_component>
      <object_component id="oc-113">
         <name>.debug_info</name>
         <load_address>0xc01b</load_address>
         <run_address>0xc01b</run_address>
         <size>0x2c</size>
         <input_file_ref idref="fl-cf"/>
      </object_component>
      <object_component id="oc-5f">
         <name>.debug_info</name>
         <load_address>0xc047</load_address>
         <run_address>0xc047</run_address>
         <size>0x2a8</size>
         <input_file_ref idref="fl-d0"/>
      </object_component>
      <object_component id="oc-1f">
         <name>.debug_info</name>
         <load_address>0xc2ef</load_address>
         <run_address>0xc2ef</run_address>
         <size>0x1ea</size>
         <input_file_ref idref="fl-d0"/>
      </object_component>
      <object_component id="oc-5a">
         <name>.debug_info</name>
         <load_address>0xc4d9</load_address>
         <run_address>0xc4d9</run_address>
         <size>0x46</size>
         <input_file_ref idref="fl-d0"/>
      </object_component>
      <object_component id="oc-c5">
         <name>.debug_info</name>
         <load_address>0xc51f</load_address>
         <run_address>0xc51f</run_address>
         <size>0x2c</size>
         <input_file_ref idref="fl-d0"/>
      </object_component>
      <object_component id="oc-c3">
         <name>.debug_info</name>
         <load_address>0xc54b</load_address>
         <run_address>0xc54b</run_address>
         <size>0x29e</size>
         <input_file_ref idref="fl-d1"/>
      </object_component>
      <object_component id="oc-19">
         <name>.debug_info</name>
         <load_address>0xc7e9</load_address>
         <run_address>0xc7e9</run_address>
         <size>0x250</size>
         <input_file_ref idref="fl-d1"/>
      </object_component>
      <object_component id="oc-4a">
         <name>.debug_info</name>
         <load_address>0xca39</load_address>
         <run_address>0xca39</run_address>
         <size>0x60</size>
         <input_file_ref idref="fl-d1"/>
      </object_component>
      <object_component id="oc-10c">
         <name>.debug_info</name>
         <load_address>0xca99</load_address>
         <run_address>0xca99</run_address>
         <size>0x46</size>
         <input_file_ref idref="fl-d1"/>
      </object_component>
      <object_component id="oc-be">
         <name>.debug_info</name>
         <load_address>0xcadf</load_address>
         <run_address>0xcadf</run_address>
         <size>0x39</size>
         <input_file_ref idref="fl-d1"/>
      </object_component>
      <object_component id="oc-26">
         <name>.debug_info</name>
         <load_address>0xcb18</load_address>
         <run_address>0xcb18</run_address>
         <size>0x10b</size>
         <input_file_ref idref="fl-d2"/>
      </object_component>
      <object_component id="oc-75">
         <name>.debug_info</name>
         <load_address>0xcc23</load_address>
         <run_address>0xcc23</run_address>
         <size>0x1a9</size>
         <input_file_ref idref="fl-d2"/>
      </object_component>
      <object_component id="oc-55">
         <name>.debug_info</name>
         <load_address>0xcdcc</load_address>
         <run_address>0xcdcc</run_address>
         <size>0x119</size>
         <input_file_ref idref="fl-d5"/>
      </object_component>
      <object_component id="oc-1eb">
         <name>.debug_info</name>
         <load_address>0xcee5</load_address>
         <run_address>0xcee5</run_address>
         <size>0x4b3</size>
         <input_file_ref idref="fl-d6"/>
      </object_component>
      <object_component id="oc-13f">
         <name>.debug_info</name>
         <load_address>0xd398</load_address>
         <run_address>0xd398</run_address>
         <size>0x1a6</size>
         <input_file_ref idref="fl-d6"/>
      </object_component>
      <object_component id="oc-27f">
         <name>.debug_info</name>
         <load_address>0xd53e</load_address>
         <run_address>0xd53e</run_address>
         <size>0x39</size>
         <input_file_ref idref="fl-d6"/>
      </object_component>
      <object_component id="oc-30a">
         <name>.debug_info</name>
         <load_address>0xd577</load_address>
         <run_address>0xd577</run_address>
         <size>0x39</size>
         <input_file_ref idref="fl-d6"/>
      </object_component>
      <object_component id="oc-284">
         <name>.debug_info</name>
         <load_address>0xd5b0</load_address>
         <run_address>0xd5b0</run_address>
         <size>0x39</size>
         <input_file_ref idref="fl-d6"/>
      </object_component>
      <object_component id="oc-289">
         <name>.debug_info</name>
         <load_address>0xd5e9</load_address>
         <run_address>0xd5e9</run_address>
         <size>0xcd</size>
         <input_file_ref idref="fl-d6"/>
      </object_component>
      <object_component id="oc-dd">
         <name>.debug_info</name>
         <load_address>0xd6b6</load_address>
         <run_address>0xd6b6</run_address>
         <size>0x153</size>
         <input_file_ref idref="fl-d7"/>
      </object_component>
      <object_component id="oc-134">
         <name>.debug_info</name>
         <load_address>0xd809</load_address>
         <run_address>0xd809</run_address>
         <size>0x122</size>
         <input_file_ref idref="fl-d9"/>
      </object_component>
      <object_component id="oc-39c">
         <name>.debug_info</name>
         <load_address>0xd92b</load_address>
         <run_address>0xd92b</run_address>
         <size>0x9a</size>
      </object_component>
      <object_component id="oc-17b">
         <name>.debug_line</name>
         <load_address>0x0</load_address>
         <run_address>0x0</run_address>
         <size>0x10f</size>
         <input_file_ref idref="fl-2"/>
      </object_component>
      <object_component id="oc-e3">
         <name>.debug_line</name>
         <load_address>0x10f</load_address>
         <run_address>0x10f</run_address>
         <size>0x48</size>
         <input_file_ref idref="fl-2"/>
      </object_component>
      <object_component id="oc-b7">
         <name>.debug_line</name>
         <load_address>0x157</load_address>
         <run_address>0x157</run_address>
         <size>0x6f</size>
         <input_file_ref idref="fl-2"/>
      </object_component>
      <object_component id="oc-52">
         <name>.debug_line</name>
         <load_address>0x1c6</load_address>
         <run_address>0x1c6</run_address>
         <size>0x20</size>
         <input_file_ref idref="fl-2"/>
      </object_component>
      <object_component id="oc-108">
         <name>.debug_line</name>
         <load_address>0x1e6</load_address>
         <run_address>0x1e6</run_address>
         <size>0x73</size>
         <input_file_ref idref="fl-2"/>
      </object_component>
      <object_component id="oc-bc">
         <name>.debug_line</name>
         <load_address>0x259</load_address>
         <run_address>0x259</run_address>
         <size>0x70</size>
         <input_file_ref idref="fl-2"/>
      </object_component>
      <object_component id="oc-b3">
         <name>.debug_line</name>
         <load_address>0x2c9</load_address>
         <run_address>0x2c9</run_address>
         <size>0x34</size>
         <input_file_ref idref="fl-3"/>
      </object_component>
      <object_component id="oc-47">
         <name>.debug_line</name>
         <load_address>0x2fd</load_address>
         <run_address>0x2fd</run_address>
         <size>0x34</size>
         <input_file_ref idref="fl-3"/>
      </object_component>
      <object_component id="oc-29">
         <name>.debug_line</name>
         <load_address>0x331</load_address>
         <run_address>0x331</run_address>
         <size>0x46</size>
         <input_file_ref idref="fl-3"/>
      </object_component>
      <object_component id="oc-32">
         <name>.debug_line</name>
         <load_address>0x377</load_address>
         <run_address>0x377</run_address>
         <size>0x49</size>
         <input_file_ref idref="fl-3"/>
      </object_component>
      <object_component id="oc-3b">
         <name>.debug_line</name>
         <load_address>0x3c0</load_address>
         <run_address>0x3c0</run_address>
         <size>0x49</size>
         <input_file_ref idref="fl-3"/>
      </object_component>
      <object_component id="oc-35">
         <name>.debug_line</name>
         <load_address>0x409</load_address>
         <run_address>0x409</run_address>
         <size>0x49</size>
         <input_file_ref idref="fl-3"/>
      </object_component>
      <object_component id="oc-fa">
         <name>.debug_line</name>
         <load_address>0x452</load_address>
         <run_address>0x452</run_address>
         <size>0x20</size>
         <input_file_ref idref="fl-4"/>
      </object_component>
      <object_component id="oc-218">
         <name>.debug_line</name>
         <load_address>0x472</load_address>
         <run_address>0x472</run_address>
         <size>0x4e</size>
         <input_file_ref idref="fl-5"/>
      </object_component>
      <object_component id="oc-19d">
         <name>.debug_line</name>
         <load_address>0x4c0</load_address>
         <run_address>0x4c0</run_address>
         <size>0x46</size>
         <input_file_ref idref="fl-5"/>
      </object_component>
      <object_component id="oc-2ca">
         <name>.debug_line</name>
         <load_address>0x506</load_address>
         <run_address>0x506</run_address>
         <size>0x115</size>
         <input_file_ref idref="fl-6"/>
      </object_component>
      <object_component id="oc-1a0">
         <name>.debug_line</name>
         <load_address>0x61b</load_address>
         <run_address>0x61b</run_address>
         <size>0x47</size>
         <input_file_ref idref="fl-7"/>
      </object_component>
      <object_component id="oc-2ce">
         <name>.debug_line</name>
         <load_address>0x662</load_address>
         <run_address>0x662</run_address>
         <size>0x116</size>
         <input_file_ref idref="fl-8"/>
      </object_component>
      <object_component id="oc-26e">
         <name>.debug_line</name>
         <load_address>0x778</load_address>
         <run_address>0x778</run_address>
         <size>0x37</size>
         <input_file_ref idref="fl-8"/>
      </object_component>
      <object_component id="oc-1d9">
         <name>.debug_line</name>
         <load_address>0x7af</load_address>
         <run_address>0x7af</run_address>
         <size>0x63</size>
         <input_file_ref idref="fl-8"/>
      </object_component>
      <object_component id="oc-12a">
         <name>.debug_line</name>
         <load_address>0x812</load_address>
         <run_address>0x812</run_address>
         <size>0x60</size>
         <input_file_ref idref="fl-8"/>
      </object_component>
      <object_component id="oc-2cc">
         <name>.debug_line</name>
         <load_address>0x872</load_address>
         <run_address>0x872</run_address>
         <size>0x1a8</size>
         <input_file_ref idref="fl-9"/>
      </object_component>
      <object_component id="oc-104">
         <name>.debug_line</name>
         <load_address>0xa1a</load_address>
         <run_address>0xa1a</run_address>
         <size>0x2f</size>
         <input_file_ref idref="fl-9"/>
      </object_component>
      <object_component id="oc-2eb">
         <name>.debug_line</name>
         <load_address>0xa49</load_address>
         <run_address>0xa49</run_address>
         <size>0x44</size>
         <input_file_ref idref="fl-9"/>
      </object_component>
      <object_component id="oc-a1">
         <name>.debug_line</name>
         <load_address>0xa8d</load_address>
         <run_address>0xa8d</run_address>
         <size>0x44</size>
         <input_file_ref idref="fl-9"/>
      </object_component>
      <object_component id="oc-1aa">
         <name>.debug_line</name>
         <load_address>0xad1</load_address>
         <run_address>0xad1</run_address>
         <size>0x4d</size>
         <input_file_ref idref="fl-9"/>
      </object_component>
      <object_component id="oc-1af">
         <name>.debug_line</name>
         <load_address>0xb1e</load_address>
         <run_address>0xb1e</run_address>
         <size>0x44</size>
         <input_file_ref idref="fl-9"/>
      </object_component>
      <object_component id="oc-1b5">
         <name>.debug_line</name>
         <load_address>0xb62</load_address>
         <run_address>0xb62</run_address>
         <size>0x44</size>
         <input_file_ref idref="fl-9"/>
      </object_component>
      <object_component id="oc-1bb">
         <name>.debug_line</name>
         <load_address>0xba6</load_address>
         <run_address>0xba6</run_address>
         <size>0x44</size>
         <input_file_ref idref="fl-9"/>
      </object_component>
      <object_component id="oc-1c7">
         <name>.debug_line</name>
         <load_address>0xbea</load_address>
         <run_address>0xbea</run_address>
         <size>0x49</size>
         <input_file_ref idref="fl-9"/>
      </object_component>
      <object_component id="oc-123">
         <name>.debug_line</name>
         <load_address>0xc33</load_address>
         <run_address>0xc33</run_address>
         <size>0x53</size>
         <input_file_ref idref="fl-9"/>
      </object_component>
      <object_component id="oc-45">
         <name>.debug_line</name>
         <load_address>0xc86</load_address>
         <run_address>0xc86</run_address>
         <size>0x98</size>
         <input_file_ref idref="fl-9"/>
      </object_component>
      <object_component id="oc-2d0">
         <name>.debug_line</name>
         <load_address>0xd1e</load_address>
         <run_address>0xd1e</run_address>
         <size>0x56</size>
         <input_file_ref idref="fl-a"/>
      </object_component>
      <object_component id="oc-33d">
         <name>.debug_line</name>
         <load_address>0xd74</load_address>
         <run_address>0xd74</run_address>
         <size>0x58</size>
         <input_file_ref idref="fl-a"/>
      </object_component>
      <object_component id="oc-2d6">
         <name>.debug_line</name>
         <load_address>0xdcc</load_address>
         <run_address>0xdcc</run_address>
         <size>0x9b</size>
         <input_file_ref idref="fl-a"/>
      </object_component>
      <object_component id="oc-253">
         <name>.debug_line</name>
         <load_address>0xe67</load_address>
         <run_address>0xe67</run_address>
         <size>0x49</size>
         <input_file_ref idref="fl-a"/>
      </object_component>
      <object_component id="oc-1be">
         <name>.debug_line</name>
         <load_address>0xeb0</load_address>
         <run_address>0xeb0</run_address>
         <size>0x45</size>
         <input_file_ref idref="fl-a"/>
      </object_component>
      <object_component id="oc-264">
         <name>.debug_line</name>
         <load_address>0xef5</load_address>
         <run_address>0xef5</run_address>
         <size>0x48</size>
         <input_file_ref idref="fl-b"/>
      </object_component>
      <object_component id="oc-1d1">
         <name>.debug_line</name>
         <load_address>0xf3d</load_address>
         <run_address>0xf3d</run_address>
         <size>0x48</size>
         <input_file_ref idref="fl-b"/>
      </object_component>
      <object_component id="oc-a6">
         <name>.debug_line</name>
         <load_address>0xf85</load_address>
         <run_address>0xf85</run_address>
         <size>0x48</size>
         <input_file_ref idref="fl-b"/>
      </object_component>
      <object_component id="oc-ac">
         <name>.debug_line</name>
         <load_address>0xfcd</load_address>
         <run_address>0xfcd</run_address>
         <size>0x48</size>
         <input_file_ref idref="fl-b"/>
      </object_component>
      <object_component id="oc-1cd">
         <name>.debug_line</name>
         <load_address>0x1015</load_address>
         <run_address>0x1015</run_address>
         <size>0x4d</size>
         <input_file_ref idref="fl-c"/>
      </object_component>
      <object_component id="oc-2fe">
         <name>.debug_line</name>
         <load_address>0x1062</load_address>
         <run_address>0x1062</run_address>
         <size>0x4d</size>
         <input_file_ref idref="fl-c"/>
      </object_component>
      <object_component id="oc-304">
         <name>.debug_line</name>
         <load_address>0x10af</load_address>
         <run_address>0x10af</run_address>
         <size>0x4d</size>
         <input_file_ref idref="fl-c"/>
      </object_component>
      <object_component id="oc-2f3">
         <name>.debug_line</name>
         <load_address>0x10fc</load_address>
         <run_address>0x10fc</run_address>
         <size>0x50</size>
         <input_file_ref idref="fl-c"/>
      </object_component>
      <object_component id="oc-2db">
         <name>.debug_line</name>
         <load_address>0x114c</load_address>
         <run_address>0x114c</run_address>
         <size>0x4d</size>
         <input_file_ref idref="fl-c"/>
      </object_component>
      <object_component id="oc-2e4">
         <name>.debug_line</name>
         <load_address>0x1199</load_address>
         <run_address>0x1199</run_address>
         <size>0x4d</size>
         <input_file_ref idref="fl-c"/>
      </object_component>
      <object_component id="oc-2ed">
         <name>.debug_line</name>
         <load_address>0x11e6</load_address>
         <run_address>0x11e6</run_address>
         <size>0x4d</size>
         <input_file_ref idref="fl-c"/>
      </object_component>
      <object_component id="oc-25e">
         <name>.debug_line</name>
         <load_address>0x1233</load_address>
         <run_address>0x1233</run_address>
         <size>0x54</size>
         <input_file_ref idref="fl-c"/>
      </object_component>
      <object_component id="oc-26a">
         <name>.debug_line</name>
         <load_address>0x1287</load_address>
         <run_address>0x1287</run_address>
         <size>0x55</size>
         <input_file_ref idref="fl-c"/>
      </object_component>
      <object_component id="oc-35c">
         <name>.debug_line</name>
         <load_address>0x12dc</load_address>
         <run_address>0x12dc</run_address>
         <size>0x20</size>
         <input_file_ref idref="fl-d"/>
      </object_component>
      <object_component id="oc-35a">
         <name>.debug_line</name>
         <load_address>0x12fc</load_address>
         <run_address>0x12fc</run_address>
         <size>0x57</size>
         <input_file_ref idref="fl-d"/>
      </object_component>
      <object_component id="oc-356">
         <name>.debug_line</name>
         <load_address>0x1353</load_address>
         <run_address>0x1353</run_address>
         <size>0x57</size>
         <input_file_ref idref="fl-d"/>
      </object_component>
      <object_component id="oc-354">
         <name>.debug_line</name>
         <load_address>0x13aa</load_address>
         <run_address>0x13aa</run_address>
         <size>0x57</size>
         <input_file_ref idref="fl-d"/>
      </object_component>
      <object_component id="oc-358">
         <name>.debug_line</name>
         <load_address>0x1401</load_address>
         <run_address>0x1401</run_address>
         <size>0xb2</size>
         <input_file_ref idref="fl-d"/>
      </object_component>
      <object_component id="oc-2a9">
         <name>.debug_line</name>
         <load_address>0x14b3</load_address>
         <run_address>0x14b3</run_address>
         <size>0x78</size>
         <input_file_ref idref="fl-d"/>
      </object_component>
      <object_component id="oc-174">
         <name>.debug_line</name>
         <load_address>0x152b</load_address>
         <run_address>0x152b</run_address>
         <size>0x82</size>
         <input_file_ref idref="fl-13"/>
      </object_component>
      <object_component id="oc-35e">
         <name>.debug_line</name>
         <load_address>0x15ad</load_address>
         <run_address>0x15ad</run_address>
         <size>0x7d</size>
         <input_file_ref idref="fl-13"/>
      </object_component>
      <object_component id="oc-360">
         <name>.debug_line</name>
         <load_address>0x162a</load_address>
         <run_address>0x162a</run_address>
         <size>0x7d</size>
         <input_file_ref idref="fl-13"/>
      </object_component>
      <object_component id="oc-350">
         <name>.debug_line</name>
         <load_address>0x16a7</load_address>
         <run_address>0x16a7</run_address>
         <size>0x7d</size>
         <input_file_ref idref="fl-13"/>
      </object_component>
      <object_component id="oc-9b">
         <name>.debug_line</name>
         <load_address>0x1724</load_address>
         <run_address>0x1724</run_address>
         <size>0x92</size>
         <input_file_ref idref="fl-13"/>
      </object_component>
      <object_component id="oc-2b0">
         <name>.debug_line</name>
         <load_address>0x17b6</load_address>
         <run_address>0x17b6</run_address>
         <size>0x95</size>
[...]
               <size>0x0</size>
               <logical_group_ref idref="lg-38b"/>
            </allocated_space>
            <allocated_space>
               <start_address>0x0</start_address>
               <size>0x200</size>
               <logical_group_ref idref="lg-3"/>
            </allocated_space>
            <allocated_space>
               <start_address>0x200</start_address>
               <size>0xd4a</size>
               <logical_group_ref idref="lg-4"/>
            </allocated_space>
            <available_space>
               <start_address>0xf4a</start_address>
               <size>0x2</size>
            </available_space>
            <allocated_space>
               <start_address>0xf4c</start_address>
               <size>0x4a8</size>
               <logical_group_ref idref="lg-5"/>
            </allocated_space>
            <available_space>
               <start_address>0x13f4</start_address>
               <size>0x4</size>
            </available_space>
            <allocated_space>
               <start_address>0x13f8</start_address>
               <size>0x48</size>
               <logical_group_ref idref="lg-6"/>
            </allocated_space>
            <available_space>
               <start_address>0x1440</start_address>
               <size>0xfebc0</size>
            </available_space>
         </usage_details>
      </memory_area>
      <memory_area display="yes" color="green">
         <name>SRAM</name>
         <page_id>0x0</page_id>
         <origin>0x20000000</origin>
         <length>0x40000</length>
         <used_space>0x4c0</used_space>
         <unused_space>0x3fb40</unused_space>
         <attributes>RWX</attributes>
         <usage_details>
            <allocated_space>
               <start_address>0x20000000</start_address>
               <size>0x0</size>
               <logical_group_ref idref="lg-36a"/>
            </allocated_space>
            <allocated_space>
               <start_address>0x20000000</start_address>
               <size>0x26c</size>
               <logical_group_ref idref="lg-9"/>
            </allocated_space>
            <available_space>
               <start_address>0x2000026c</start_address>
               <size>0x4</size>
            </available_space>
            <allocated_space>
               <start_address>0x20000270</start_address>
               <size>0x200</size>
               <logical_group_ref idref="lg-d"/>
            </allocated_space>
            <allocated_space>
               <start_address>0x20000470</start_address>
               <size>0x42</size>
               <logical_group_ref idref="lg-b"/>
            </allocated_space>
            <available_space>
               <start_address>0x200004b2</start_address>
               <size>0x2</size>
            </available_space>
            <allocated_space>
               <start_address>0x200004b4</start_address>
               <size>0x12</size>
               <logical_group_ref idref="lg-a"/>
            </allocated_space>
            <available_space>
               <start_address>0x200004c6</start_address>
               <size>0x3fb3a</size>
            </available_space>
         </usage_details>
      </memory_area>
   </placement_map>
   <cptbl_list>
      <cptbl>
         <name>__TI_cinit_table</name>
         <cprec>
            <name>.data</name>
            <load_address>0x13f8</load_address>
            <load_size>0x10</load_size>
            <run_address>0x200004b4</run_address>
            <run_size>0x12</run_size>
            <compression>lzss</compression>
         </cprec>
         <cprec>
            <name>.bss</name>
            <load_address>0x1418</load_address>
            <load_size>0x8</load_size>
            <run_address>0x20000470</run_address>
            <run_size>0x42</run_size>
            <compression>zero_init</compression>
         </cprec>
         <cprec>
            <name>.vtable</name>
            <load_address>0x1420</load_address>
            <load_size>0x8</load_size>
            <run_address>0x20000000</run_address>
            <run_size>0x26c</run_size>
            <compression>zero_init</compression>
         </cprec>
      </cptbl>
   </cptbl_list>
   <handler_table>
      <handler_table_name>__TI_handler_table</handler_table_name>
      <handler>
         <index>0x0</index>
         <name>__TI_zero_init</name>
      </handler>
      <handler>
         <index>0x1</index>
         <name>__TI_decompress_lzss</name>
      </handler>
      <handler>
         <index>0x2</index>
         <name>__TI_decompress_none</name>
      </handler>
   </handler_table>
   <symbol_table>
      <symbol id="sm-1">
         <name>__STACK_TOP</name>
         <value>0x20000470</value>
      </symbol>
      <symbol id="sm-2">
         <name>__start___llvm_prf_cnts</name>
         <value>0x20000000</value>
      </symbol>
      <symbol id="sm-3">
         <name>__stop___llvm_prf_cnts</name>
         <value>0x20000000</value>
      </symbol>
      <symbol id="sm-4">
         <name>__TI_CINIT_Base</name>
         <value>0x1428</value>
      </symbol>
      <symbol id="sm-5">
         <name>__TI_CINIT_Limit</name>
         <value>0x1440</value>
      </symbol>
      <symbol id="sm-6">
         <name>__TI_Handler_Table_Base</name>
         <value>0x1408</value>
      </symbol>
      <symbol id="sm-7">
         <name>__TI_Handler_Table_Limit</name>
         <value>0x1414</value>
      </symbol>
      <symbol id="sm-8">
         <name>binit</name>
         <value>0xffffffff</value>
      </symbol>
      <symbol id="sm-9">
         <name>__binit__</name>
         <value>0xffffffff</value>
      </symbol>
      <symbol id="sm-a">
         <name>__STACK_SIZE</name>
         <value>0x200</value>
      </symbol>
      <symbol id="sm-b">
         <name>__STACK_END</name>
         <value>0x20000470</value>
      </symbol>
      <symbol id="sm-c">
         <name>__c_args__</name>
         <value>0xffffffff</value>
      </symbol>
      <symbol id="sm-d">
         <name>__TI_pprof_out_hndl</name>
         <value>0xffffffff</value>
      </symbol>
      <symbol id="sm-e">
         <name>__TI_prof_data_start</name>
         <value>0xffffffff</value>
      </symbol>
      <symbol id="sm-f">
         <name>__TI_prof_data_size</name>
         <value>0xffffffff</value>
      </symbol>
      <symbol id="sm-4f">
         <name>g_ui32SysClock</name>
         <value>0x200004a4</value>
      </symbol>
      <symbol id="sm-50">
         <name>main</name>
         <value>0xcad</value>
         <object_component_ref idref="oc-df"/>
      </symbol>
      <symbol id="sm-81">
         <name>ResetISR</name>
         <value>0xf2d</value>
         <object_component_ref idref="oc-28"/>
      </symbol>
      <symbol id="sm-82">
         <name>g_pfnVectors</name>
         <value>0x0</value>
         <object_component_ref idref="oc-13"/>
      </symbol>
      <symbol id="sm-a0">
         <name>UART0_init</name>
         <value>0xa6d</value>
         <object_component_ref idref="oc-217"/>
      </symbol>
      <symbol id="sm-a1">
         <name>rs232_init</name>
         <value>0xea1</value>
         <object_component_ref idref="oc-199"/>
      </symbol>
      <symbol id="sm-a7">
         <name>_u8MBSlave</name>
         <value>0x200004ae</value>
      </symbol>
      <symbol id="sm-a8">
         <name>_u16ReadAddress</name>
         <value>0x200004a8</value>
      </symbol>
      <symbol id="sm-a9">
         <name>_u16ReadQty</name>
         <value>0x200004aa</value>
      </symbol>
      <symbol id="sm-aa">
         <name>u8ModbusADU</name>
         <value>0x20000470</value>
      </symbol>
      <symbol id="sm-ab">
         <name>i</name>
         <value>0x200004af</value>
      </symbol>
      <symbol id="sm-ac">
         <name>u16CRC</name>
         <value>0x200004ac</value>
      </symbol>
      <symbol id="sm-ad">
         <name>u8BytesLeft</name>
         <value>0x200004b0</value>
      </symbol>
      <symbol id="sm-ae">
         <name>u8MBStatus</name>
         <value>0x200004b1</value>
      </symbol>
      <symbol id="sm-bb">
         <name>bicolor_init</name>
         <value>0xd29</value>
         <object_component_ref idref="oc-19f"/>
      </symbol>
      <symbol id="sm-e7">
         <name>R_orient</name>
         <value>0x200004b8</value>
         <object_component_ref idref="oc-1dc"/>
      </symbol>
      <symbol id="sm-e8">
         <name>controller</name>
         <value>0xc25</value>
         <object_component_ref idref="oc-128"/>
      </symbol>
      <symbol id="sm-e9">
         <name>chilli_pod_detected</name>
         <value>0x200004b7</value>
         <object_component_ref idref="oc-1dc"/>
      </symbol>
      <symbol id="sm-ea">
         <name>conveyor</name>
         <value>0x200004b4</value>
         <object_component_ref idref="oc-1dc"/>
      </symbol>
      <symbol id="sm-eb">
         <name>Orientator</name>
         <value>0x9d1</value>
         <object_component_ref idref="oc-1d6"/>
      </symbol>
      <symbol id="sm-ec">
         <name>L_orient</name>
         <value>0x200004b9</value>
         <object_component_ref idref="oc-1dc"/>
      </symbol>
      <symbol id="sm-ed">
         <name>count1</name>
         <value>0x200004bc</value>
         <object_component_ref idref="oc-1dc"/>
      </symbol>
      <symbol id="sm-ee">
         <name>bad_chilli</name>
         <value>0x200004b6</value>
         <object_component_ref idref="oc-1dc"/>
      </symbol>
      <symbol id="sm-ef">
         <name>good_chilli</name>
         <value>0x200004b5</value>
         <object_component_ref idref="oc-1dc"/>
      </symbol>
      <symbol id="sm-160">
         <name>hw_proximity_init</name>
         <value>0x855</value>
         <object_component_ref idref="oc-1a5"/>
      </symbol>
      <symbol id="sm-161">
         <name>hw_pneumatic_init</name>
         <value>0xef1</value>
         <object_component_ref idref="oc-1ab"/>
      </symbol>
      <symbol id="sm-162">
         <name>hw_conveyor_forward</name>
         <value>0xc81</value>
         <object_component_ref idref="oc-1c3"/>
      </symbol>
      <symbol id="sm-163">
         <name>wait_up2</name>
         <value>0xf09</value>
         <object_component_ref idref="oc-2e6"/>
      </symbol>
      <symbol id="sm-164">
         <name>hw_init</name>
         <value>0x919</value>
         <object_component_ref idref="oc-122"/>
      </symbol>
      <symbol id="sm-165">
         <name>hw_contactor_init</name>
         <value>0xee5</value>
         <object_component_ref idref="oc-1b1"/>
      </symbol>
      <symbol id="sm-166">
         <name>hw_contactor_ON</name>
         <value>0xe31</value>
         <object_component_ref idref="oc-1b7"/>
      </symbol>
      <symbol id="sm-167">
         <name>wait_up</name>
         <value>0xf15</value>
         <object_component_ref idref="oc-9c"/>
      </symbol>
      <symbol id="sm-168">
         <name>channelizer_pos</name>
         <value>0x200004c5</value>
         <object_component_ref idref="oc-ae"/>
      </symbol>
      <symbol id="sm-169">
         <name>PortNIntHandler</name>
         <value>0x56d</value>
         <object_component_ref idref="oc-40"/>
      </symbol>
      <symbol id="sm-1a3">
         <name>ModbusMaster_begin</name>
         <value>0xed9</value>
         <object_component_ref idref="oc-1bd"/>
      </symbol>
      <symbol id="sm-1a4">
         <name>test_writingRegisters</name>
         <value>0xdad</value>
         <object_component_ref idref="oc-251"/>
      </symbol>
      <symbol id="sm-1a5">
         <name>ModbusMasterTransaction</name>
         <value>0x63d</value>
         <object_component_ref idref="oc-2d1"/>
      </symbol>
      <symbol id="sm-1cf">
         <name>channelizer_rev</name>
         <value>0xe01</value>
         <object_component_ref idref="oc-a2"/>
      </symbol>
      <symbol id="sm-1d0">
         <name>pod_tilter_up</name>
         <value>0xe81</value>
         <object_component_ref idref="oc-260"/>
      </symbol>
      <symbol id="sm-1d1">
         <name>channelizer_fwd</name>
         <value>0xdf1</value>
         <object_component_ref idref="oc-a8"/>
      </symbol>
      <symbol id="sm-1d2">
         <name>pod_tilter_down</name>
         <value>0xe71</value>
         <object_component_ref idref="oc-1d0"/>
      </symbol>
      <symbol id="sm-22a">
         <name>left_turn</name>
         <value>0xe41</value>
         <object_component_ref idref="oc-2da"/>
      </symbol>
      <symbol id="sm-22b">
         <name>Stepper_CCW</name>
         <value>0xcf1</value>
         <object_component_ref idref="oc-266"/>
      </symbol>
      <symbol id="sm-22c">
         <name>disable_servo</name>
         <value>0xe11</value>
         <object_component_ref idref="oc-2ec"/>
      </symbol>
      <symbol id="sm-22d">
         <name>enable_servo</name>
         <value>0xe21</value>
         <object_component_ref idref="oc-2e0"/>
      </symbol>
      <symbol id="sm-22e">
         <name>no_right_turn</name>
         <value>0xe61</value>
         <object_component_ref idref="oc-300"/>
      </symbol>
      <symbol id="sm-22f">
         <name>no_left_turn</name>
         <value>0xe51</value>
         <object_component_ref idref="oc-2f2"/>
      </symbol>
      <symbol id="sm-230">
         <name>Stepper_CW</name>
         <value>0xd0d</value>
         <object_component_ref idref="oc-25a"/>
      </symbol>
      <symbol id="sm-231">
         <name>stepper_init</name>
         <value>0xefd</value>
         <object_component_ref idref="oc-1c9"/>
      </symbol>
      <symbol id="sm-232">
         <name>right_turn</name>
         <value>0xe91</value>
         <object_component_ref idref="oc-2fa"/>
      </symbol>
      <symbol id="sm-260">
         <name>UARTStdioConfig</name>
         <value>0x8b9</value>
         <object_component_ref idref="oc-2a4"/>
      </symbol>
      <symbol id="sm-30d">
         <name>GPIOIntRegister</name>
         <value>0xd7b</value>
         <object_component_ref idref="oc-23d"/>
      </symbol>
      <symbol id="sm-30e">
         <name>GPIOPinConfigure</name>
         <value>0xa21</value>
         <object_component_ref idref="oc-292"/>
      </symbol>
      <symbol id="sm-30f">
         <name>GPIOIntEnable</name>
         <value>0xecd</value>
         <object_component_ref idref="oc-237"/>
      </symbol>
      <symbol id="sm-310">
         <name>GPIOIntTypeSet</name>
         <value>0x979</value>
         <object_component_ref idref="oc-231"/>
      </symbol>
      <symbol id="sm-311">
         <name>GPIOPinTypeGPIOInput</name>
         <value>0xdc5</value>
         <object_component_ref idref="oc-225"/>
      </symbol>
      <symbol id="sm-312">
         <name>GPIOIntClear</name>
         <value>0xf21</value>
         <object_component_ref idref="oc-90"/>
      </symbol>
      <symbol id="sm-313">
         <name>GPIOPinTypeUART</name>
         <value>0xddb</value>
         <object_component_ref idref="oc-29e"/>
      </symbol>
      <symbol id="sm-314">
         <name>GPIOIntStatus</name>
         <value>0xeb1</value>
         <object_component_ref idref="oc-8a"/>
      </symbol>
      <symbol id="sm-315">
         <name>GPIOPinTypeGPIOOutput</name>
         <value>0xd61</value>
         <object_component_ref idref="oc-21e"/>
      </symbol>
      <symbol id="sm-316">
         <name>GPIODirModeSet</name>
         <value>0xc55</value>
         <object_component_ref idref="oc-2ab"/>
      </symbol>
      <symbol id="sm-317">
         <name>GPIOPinWrite</name>
         <value>0xf27</value>
         <object_component_ref idref="oc-96"/>
      </symbol>
      <symbol id="sm-318">
         <name>GPIOPadConfigSet</name>
         <value>0x401</value>
         <object_component_ref idref="oc-22b"/>
      </symbol>
      <symbol id="sm-349">
         <name>IntEnable</name>
         <value>0x785</value>
         <object_component_ref idref="oc-2c2"/>
      </symbol>
      <symbol id="sm-34a">
         <name>IntRegister</name>
         <value>0xb89</value>
         <object_component_ref idref="oc-2bc"/>
      </symbol>
      <symbol id="sm-34b">
         <name>g_pfnRAMVectors</name>
         <value>0x20000000</value>
         <object_component_ref idref="oc-333"/>
      </symbol>
      <symbol id="sm-3bb">
         <name>SysCtlDelay</name>
         <value>0xf33</value>
         <object_component_ref idref="oc-ff"/>
      </symbol>
      <symbol id="sm-3bc">
         <name>SysCtlPeripheralEnable</name>
         <value>0xbbd</value>
         <object_component_ref idref="oc-193"/>
      </symbol>
      <symbol id="sm-3bd">
         <name>SysCtlClockFreqSet</name>
         <value>0x201</value>
         <object_component_ref idref="oc-11c"/>
      </symbol>
      <symbol id="sm-3cb">
         <name>UARTClockSourceSet</name>
         <value>0xf39</value>
         <object_component_ref idref="oc-298"/>
      </symbol>
      <symbol id="sm-3e6">
         <name>__TI_zero_init_nomemset</name>
         <value>0xd45</value>
         <object_component_ref idref="oc-60"/>
      </symbol>
      <symbol id="sm-3fd">
         <name>__TI_decompress_none</name>
         <value>0xebf</value>
         <object_component_ref idref="oc-1c"/>
      </symbol>
      <symbol id="sm-420">
         <name>__TI_decompress_lzss</name>
         <value>0x7ed</value>
         <object_component_ref idref="oc-16"/>
      </symbol>
      <symbol id="sm-433">
         <name>__stack</name>
         <value>0x20000270</value>
         <object_component_ref idref="oc-25"/>
      </symbol>
      <symbol id="sm-434">
         <name>_c_int00_noargs</name>
         <value>0xbf1</value>
         <object_component_ref idref="oc-72"/>
      </symbol>
      <symbol id="sm-451">
         <name>memcpy</name>
         <value>0x6e9</value>
         <object_component_ref idref="oc-54"/>
      </symbol>
      <symbol id="sm-452">
         <name>__aeabi_memcpy</name>
         <value>0x6e9</value>
         <object_component_ref idref="oc-54"/>
      </symbol>
      <symbol id="sm-453">
         <name>__aeabi_memcpy8</name>
         <value>0x6e9</value>
         <object_component_ref idref="oc-54"/>
      </symbol>
      <symbol id="sm-454">
         <name>__aeabi_memcpy4</name>
         <value>0x6e9</value>
         <object_component_ref idref="oc-54"/>
      </symbol>
      <symbol id="sm-47c">
         <name>__TI_auto_init_nobinit_nopinit</name>
         <value>0xb45</value>
         <object_component_ref idref="oc-13c"/>
      </symbol>
      <symbol id="sm-486">
         <name>_system_pre_init</name>
         <value>0xf3f</value>
         <object_component_ref idref="oc-d9"/>
      </symbol>
      <symbol id="sm-492">
         <name>C$$EXIT</name>
         <value>0xf43</value>
         <object_component_ref idref="oc-130"/>
      </symbol>
      <symbol id="sm-493">
         <name>abort</name>
         <value>0xf43</value>
         <object_component_ref idref="oc-130"/>
      </symbol>
      <symbol id="sm-496">
         <name>__TI_static_base__</name>
         <value>0x0</value>
      </symbol>
      <symbol id="sm-499">
         <name>__mpu_init</name>
         <value>0x0</value>
      </symbol>
      <symbol id="sm-49a">
         <name>_system_post_cinit</name>
         <value>0x0</value>
      </symbol>
   </symbol_table>
   <title>Link successful</title>
</link_info>
