******************************************************************************
                  TI ARM Linker PC v20.2.4                     
******************************************************************************
>> Linked Mon Mar 27 15:57:45 2023

OUTPUT FILE NAME:   <Orientation_V2.out>
ENTRY POINT SYMBOL: "_c_int00_noargs"  address: 00000bd5


MEMORY CONFIGURATION

         name            origin    length      used     unused   attr    fill
----------------------  --------  ---------  --------  --------  ----  --------
  FLASH                 00000000   00100000  00001426  000febda  R  X
  SRAM                  20000000   00040000  00000489  0003fb77  RW X


SEGMENT ALLOCATION MAP

run origin  load origin   length   init length attrs members
----------  ----------- ---------- ----------- ----- -------
00000000    00000000    00001428   00001428    r-x
  00000000    00000000    00000200   00000200    r-- .intvecs
  00000200    00000200    00000d3e   00000d3e    r-x .text
  00000f40    00000f40    000004a8   000004a8    r-- .const
  000013e8    000013e8    00000040   00000040    r-- .cinit
20000000    20000000    00000490   00000000    rw-
  20000000    20000000    0000026c   00000000    rw- .vtable
  20000270    20000270    00000200   00000000    rw- .stack
  20000470    20000470    00000011   00000000    rw- .data
  20000484    20000484    0000000c   00000000    rw- .bss


SECTION ALLOCATION MAP

 output                                  attributes/
section   page    origin      length       input sections
--------  ----  ----------  ----------   ----------------
.intvecs   0    00000000    00000200     
                  00000000    00000200     startup_ccs.obj (.intvecs)

.text      0    00000200    00000d3e     
                  00000200    00000200     driverlib.lib : sysctl.obj (.text:SysCtlClockFreqSet)
                  00000400    0000016c                   : gpio.obj (.text:GPIOPadConfigSet)
                  0000056c    00000124     hw.obj (.text:hw_recall)
                  00000690    0000009c     rtsv7M4_T_le_v4SPD16_eabi.lib : memcpy_t2.asm.obj (.text)
                  0000072c    00000068     driverlib.lib : interrupt.obj (.text:IntEnable)
                  00000794    00000068     rtsv7M4_T_le_v4SPD16_eabi.lib : copy_decompress_lzss.c.obj (.text:decompress:lzss:__TI_decompress_lzss)
                  000007fc    00000064     hw.obj (.text:hw_proximity_init)
                  00000860    00000060     uartstdio.obj (.text:UARTStdioConfig)
                  000008c0    00000058     driverlib.lib : gpio.obj (.text:GPIOIntTypeSet)
                  00000918    00000058     hw.obj (.text:PortNIntHandler)
                  00000970    0000004c     driverlib.lib : gpio.obj (.text:GPIOPinConfigure)
                  000009bc    0000004c     RS_232.obj (.text:UART0_init)
                  00000a08    0000004c     hw.obj (.text:hw_init)
                  00000a54    00000048     hw.obj (.text:Orientator)
                  00000a9c    00000048     driverlib.lib : sysctl.obj (.text:_SysCtlFrequencyGet)
                  00000ae4    00000044                   : gpio.obj (.text:_GPIOIntNumberGet)
                  00000b28    00000044     rtsv7M4_T_le_v4SPD16_eabi.lib : autoinit.c.obj (.text:__TI_auto_init_nobinit_nopinit:__TI_auto_init_nobinit_nopinit)
                  00000b6c    00000034     driverlib.lib : interrupt.obj (.text:IntRegister)
                  00000ba0    00000034                   : sysctl.obj (.text:SysCtlPeripheralEnable)
                  00000bd4    00000034     rtsv7M4_T_le_v4SPD16_eabi.lib : boot_cortex_m.c.obj (.text:_c_int00_noargs:_c_int00_noargs)
                  00000c08    00000030     hw.obj (.text:Systick_init)
                  00000c38    0000002c     driverlib.lib : gpio.obj (.text:GPIODirModeSet)
                  00000c64    00000024     main.obj (.text:main)
                  00000c88    00000020     stepper_driver.obj (.text:Homing)
                  00000ca8    00000020     driverlib.lib : sysctl.obj (.text:_SysCtlMemTimingGet)
                  00000cc8    0000001c     stepper_driver.obj (.text:Stepper_CCW)
                  00000ce4    0000001c     stepper_driver.obj (.text:Stepper_CW)
                  00000d00    0000001c     driverlib.lib : systick.obj (.text:SysTickIntRegister)
                  00000d1c    0000001c     bicolor.obj (.text:bicolor_init)
                  00000d38    0000001c     rtsv7M4_T_le_v4SPD16_eabi.lib : copy_zero_init.c.obj (.text:decompress:ZI:__TI_zero_init_nomemset:__TI_zero_init_nomemset)
                  00000d54    0000001a     driverlib.lib : gpio.obj (.text:GPIOPinTypeGPIOOutput)
                  00000d6e    00000018                   : gpio.obj (.text:GPIOIntRegister)
                  00000d86    00000016                   : gpio.obj (.text:GPIOPinTypeGPIOInput)
                  00000d9c    00000016                   : gpio.obj (.text:GPIOPinTypeUART)
                  00000db2    00000002     startup_ccs.obj (.text:FaultISR)
                  00000db4    00000014     driverlib.lib : systick.obj (.text:SysTickEnable)
                  00000dc8    00000014                   : systick.obj (.text:SysTickIntEnable)
                  00000ddc    00000010                   : interrupt.obj (.text:IntMasterEnable)
                  00000dec    00000010     hw.obj (.text:SysTickIntHandler)
                  00000dfc    00000010     driverlib.lib : systick.obj (.text:SysTickPeriodSet)
                  00000e0c    00000010     pneumatic.obj (.text:channelizer_fwd)
                  00000e1c    00000010     pneumatic.obj (.text:channelizer_rev)
                  00000e2c    00000010     stepper_driver.obj (.text:disable_servo)
                  00000e3c    00000010     stepper_driver.obj (.text:enable_servo)
                  00000e4c    00000010     stepper_driver.obj (.text:left_turn)
                  00000e5c    00000010     stepper_driver.obj (.text:no_left_turn)
                  00000e6c    00000010     stepper_driver.obj (.text:no_right_turn)
                  00000e7c    00000010     stepper_driver.obj (.text:right_turn)
                  00000e8c    00000010     RS_232.obj (.text:rs232_init)
                  00000e9c    0000000e     driverlib.lib : gpio.obj (.text:GPIOIntStatus)
                  00000eaa    0000000e     rtsv7M4_T_le_v4SPD16_eabi.lib : copy_decompress_none.c.obj (.text:decompress:none:__TI_decompress_none)
                  00000eb8    0000000c     driverlib.lib : cpu.obj (.text:CPUcpsie)
                  00000ec4    0000000c                   : gpio.obj (.text:GPIOIntEnable)
                  00000ed0    0000000c     hw.obj (.text:hw_pneumatic_init)
                  00000edc    0000000c     hw.obj (.text:millis)
                  00000ee8    0000000c     stepper_driver.obj (.text:stepper_init)
                  00000ef4    0000000c     hw.obj (.text:wait_up2)
                  00000f00    0000000c     hw.obj (.text:wait_up)
                  00000f0c    00000008     controller.obj (.text:controller)
                  00000f14    00000006     driverlib.lib : gpio.obj (.text:GPIOIntClear)
                  00000f1a    00000006                   : gpio.obj (.text:GPIOPinWrite)
                  00000f20    00000006     startup_ccs.obj (.text:ResetISR)
                  00000f26    00000006     driverlib.lib : sysctl.obj (.text:SysCtlDelay)
                  00000f2c    00000006                   : uart.obj (.text:UARTClockSourceSet)
                  00000f32    00000004     rtsv7M4_T_le_v4SPD16_eabi.lib : pre_init.c.obj (.text:_system_pre_init)
                  00000f36    00000004                                   : exit.c.obj (.text:abort:abort)
                  00000f3a    00000002     startup_ccs.obj (.text:IntDefaultHandler)
                  00000f3c    00000002     startup_ccs.obj (.text:NmiSR)

.const     0    00000f40    000004a8     
                  00000f40    000001b0     driverlib.lib : sysctl.obj (.const:g_pppui32XTALtoVCO)
                  000010f0    000000d8                   : gpio.obj (.const:g_ppui32GPIOIntMapSnowflake)
                  000011c8    000000c0                   : gpio.obj (.const:g_ppui32GPIOIntMapBlizzard)
                  00001288    00000090                   : gpio.obj (.const:g_pui32GPIOBaseAddrs)
                  00001318    0000006c                   : sysctl.obj (.const:g_pui32Xtals)
                  00001384    00000030                   : sysctl.obj (.const:g_sXTALtoMEMTIM)
                  000013b4    00000014                   : interrupt.obj (.const:g_pui32EnRegs)
                  000013c8    0000000c     uartstdio.obj (.const:g_ui32UARTBase)
                  000013d4    0000000c     uartstdio.obj (.const:g_ui32UARTPeriph)
                  000013e0    00000008     driverlib.lib : sysctl.obj (.const:g_pui32VCOFrequencies)

.cinit     0    000013e8    00000040     
                  000013e8    0000000c     (__TI_handler_table)
                  000013f4    0000000b     (.cinit..data.load) [load image, compression = lzss]
                  000013ff    00000001     --HOLE-- [fill = 0]
                  00001400    00000008     (.cinit..bss.load) [load image, compression = zero_init]
                  00001408    00000008     (.cinit..vtable.load) [load image, compression = zero_init]
                  00001410    00000018     (__TI_cinit_table)

.init_array 
*          0    00000000    00000000     UNINITIALIZED

.vtable    0    20000000    0000026c     UNINITIALIZED
                  20000000    0000026c     driverlib.lib : interrupt.obj (.vtable)

.data      0    20000470    00000011     UNINITIALIZED
                  20000470    0000000c     hw.obj (.data)
                  2000047c    00000005     uartstdio.obj (.data)

.bss       0    20000484    0000000c     UNINITIALIZED
                  20000484    00000004     (.common:g_ui32SysClock)
                  20000488    00000004     (.common:milliseconds)
                  2000048c    00000001     (.common:Servo_homing)
                  2000048d    00000001     (.common:pod_Channel_flag)
                  2000048e    00000001     (.common:pod_tilt_flag)
                  2000048f    00000001     (.common:tilterTask_Success)

.stack     0    20000270    00000200     UNINITIALIZED
                  20000270    00000004     rtsv7M4_T_le_v4SPD16_eabi.lib : boot_cortex_m.c.obj (.stack)
                  20000274    000001fc     --HOLE--

__llvm_prf_cnts 
*          0    20000000    00000000     UNINITIALIZED

.binit     0    00000000    00000000     

MODULE SUMMARY

       Module                       code   ro data   rw data
       ------                       ----   -------   -------
    .\
       startup_ccs.obj              12     512       0      
       main.obj                     36     0         4      
    +--+----------------------------+------+---------+---------+
       Total:                       48     512       4      
                                                            
    .\src\
       hw.obj                       740    0         20     
       stepper_driver.obj           196    0         0      
       RS_232.obj                   92     0         0      
       pneumatic.obj                32     0         0      
       bicolor.obj                  28     0         0      
       controller.obj               8      0         0      
    +--+----------------------------+------+---------+---------+
       Total:                       1096   0         20     
                                                            
    .\utils\
       uartstdio.obj                96     24        5      
    +--+----------------------------+------+---------+---------+
       Total:                       96     24        5      
                                                            
    C:/ti/TivaWare_C_Series-2.2.0.295/driverlib/ccs/Debug/driverlib.lib
       gpio.obj                     772    552       0      
       sysctl.obj                   674    596       0      
       interrupt.obj                172    20        620    
       systick.obj                  84     0         0      
       cpu.obj                      12     0         0      
       uart.obj                     6      0         0      
    +--+----------------------------+------+---------+---------+
       Total:                       1720   1168      620    
                                                            
    C:\ti\ccs1031\ccs\tools\compiler\ti-cgt-arm_20.2.4.LTS\lib\rtsv7M4_T_le_v4SPD16_eabi.lib
       memcpy_t2.asm.obj            156    0         0      
       copy_decompress_lzss.c.obj   104    0         0      
       autoinit.c.obj               68     0         0      
       boot_cortex_m.c.obj          52     0         0      
       copy_zero_init.c.obj         28     0         0      
       copy_decompress_none.c.obj   14     0         0      
       exit.c.obj                   4      0         0      
       pre_init.c.obj               4      0         0      
    +--+----------------------------+------+---------+---------+
       Total:                       430    0         0      
                                                            
       Stack:                       0      0         512    
       Linker Generated:            0      63        0      
    +--+----------------------------+------+---------+---------+
       Grand Total:                 3390   1767      1161   


LINKER GENERATED COPY TABLES

__TI_cinit_table @ 00001410 records: 3, size/record: 8, table size: 24
	.data: load addr=000013f4, load size=0000000b bytes, run addr=20000470, run size=00000011 bytes, compression=lzss
	.bss: load addr=00001400, load size=00000008 bytes, run addr=20000484, run size=0000000c bytes, compression=zero_init
	.vtable: load addr=00001408, load size=00000008 bytes, run addr=20000000, run size=0000026c bytes, compression=zero_init


LINKER GENERATED HANDLER TABLE

__TI_handler_table @ 000013e8 records: 3, size/record: 4, table size: 12
	index: 0, handler: __TI_zero_init
	index: 1, handler: __TI_decompress_lzss
	index: 2, handler: __TI_decompress_none


GLOBAL SYMBOLS: SORTED ALPHABETICALLY BY Name 

address   name                          
-------   ----                          
00000f37  C$$EXIT                       
00000eb9  CPUcpsie                      
00000c39  GPIODirModeSet                
00000f15  GPIOIntClear                  
00000ec5  GPIOIntEnable                 
00000d6f  GPIOIntRegister               
00000e9d  GPIOIntStatus                 
000008c1  GPIOIntTypeSet                
00000401  GPIOPadConfigSet              
00000971  GPIOPinConfigure              
00000d87  GPIOPinTypeGPIOInput          
00000d55  GPIOPinTypeGPIOOutput         
00000d9d  GPIOPinTypeUART               
00000f1b  GPIOPinWrite                  
00000c89  Homing                        
0000072d  IntEnable                     
00000ddd  IntMasterEnable               
00000b6d  IntRegister                   
20000472  L_orient                      
00000a55  Orientator                    
00000919  PortNIntHandler               
20000471  R_orient                      
00000f21  ResetISR                      
2000048c  Servo_homing                  
00000cc9  Stepper_CCW                   
00000ce5  Stepper_CW                    
00000201  SysCtlClockFreqSet            
00000f27  SysCtlDelay                   
00000ba1  SysCtlPeripheralEnable        
00000db5  SysTickEnable                 
00000dc9  SysTickIntEnable              
00000ded  SysTickIntHandler             
00000d01  SysTickIntRegister            
00000dfd  SysTickPeriodSet              
00000c09  Systick_init                  
000009bd  UART0_init                    
00000f2d  UARTClockSourceSet            
00000861  UARTStdioConfig               
20000470  __STACK_END                   
00000200  __STACK_SIZE                  
20000470  __STACK_TOP                   
00001410  __TI_CINIT_Base               
00001428  __TI_CINIT_Limit              
000013e8  __TI_Handler_Table_Base       
000013f4  __TI_Handler_Table_Limit      
00000b29  __TI_auto_init_nobinit_nopinit
00000795  __TI_decompress_lzss          
00000eab  __TI_decompress_none          
ffffffff  __TI_pprof_out_hndl           
ffffffff  __TI_prof_data_size           
ffffffff  __TI_prof_data_start          
00000000  __TI_static_base__            
00000d39  __TI_zero_init_nomemset       
00000691  __aeabi_memcpy                
00000691  __aeabi_memcpy4               
00000691  __aeabi_memcpy8               
ffffffff  __binit__                     
ffffffff  __c_args__                    
UNDEFED   __mpu_init                    
20000270  __stack                       
20000000  __start___llvm_prf_cnts       
20000000  __stop___llvm_prf_cnts        
00000bd5  _c_int00_noargs               
UNDEFED   _system_post_cinit            
00000f33  _system_pre_init              
00000f37  abort                         
00000d1d  bicolor_init                  
ffffffff  binit                         
00000e0d  channelizer_fwd               
20000470  channelizer_pos               
00000e1d  channelizer_rev               
00000f0d  controller                    
20000474  count1                        
00000e2d  disable_servo                 
00000e3d  enable_servo                  
20000000  g_pfnRAMVectors               
00000000  g_pfnVectors                  
20000484  g_ui32SysClock                
00000a09  hw_init                       
00000ed1  hw_pneumatic_init             
000007fd  hw_proximity_init             
0000056d  hw_recall                     
00000e4d  left_turn                     
00000c65  main                          
00000691  memcpy                        
00000edd  millis                        
20000488  milliseconds                  
00000e5d  no_left_turn                  
00000e6d  no_right_turn                 
2000048d  pod_Channel_flag              
2000048e  pod_tilt_flag                 
20000478  prev_millis_tilter            
00000e7d  right_turn                    
00000e8d  rs232_init                    
00000ee9  stepper_init                  
2000048f  tilterTask_Success            
00000f01  wait_up                       
00000ef5  wait_up2                      


GLOBAL SYMBOLS: SORTED BY Symbol Address 

address   name                          
-------   ----                          
00000000  __TI_static_base__            
00000000  g_pfnVectors                  
00000200  __STACK_SIZE                  
00000201  SysCtlClockFreqSet            
00000401  GPIOPadConfigSet              
0000056d  hw_recall                     
00000691  __aeabi_memcpy                
00000691  __aeabi_memcpy4               
00000691  __aeabi_memcpy8               
00000691  memcpy                        
0000072d  IntEnable                     
00000795  __TI_decompress_lzss          
000007fd  hw_proximity_init             
00000861  UARTStdioConfig               
000008c1  GPIOIntTypeSet                
00000919  PortNIntHandler               
00000971  GPIOPinConfigure              
000009bd  UART0_init                    
00000a09  hw_init                       
00000a55  Orientator                    
00000b29  __TI_auto_init_nobinit_nopinit
00000b6d  IntRegister                   
00000ba1  SysCtlPeripheralEnable        
00000bd5  _c_int00_noargs               
00000c09  Systick_init                  
00000c39  GPIODirModeSet                
00000c65  main                          
00000c89  Homing                        
00000cc9  Stepper_CCW                   
00000ce5  Stepper_CW                    
00000d01  SysTickIntRegister            
00000d1d  bicolor_init                  
00000d39  __TI_zero_init_nomemset       
00000d55  GPIOPinTypeGPIOOutput         
00000d6f  GPIOIntRegister               
00000d87  GPIOPinTypeGPIOInput          
00000d9d  GPIOPinTypeUART               
00000db5  SysTickEnable                 
00000dc9  SysTickIntEnable              
00000ddd  IntMasterEnable               
00000ded  SysTickIntHandler             
00000dfd  SysTickPeriodSet              
00000e0d  channelizer_fwd               
00000e1d  channelizer_rev               
00000e2d  disable_servo                 
00000e3d  enable_servo                  
00000e4d  left_turn                     
00000e5d  no_left_turn                  
00000e6d  no_right_turn                 
00000e7d  right_turn                    
00000e8d  rs232_init                    
00000e9d  GPIOIntStatus                 
00000eab  __TI_decompress_none          
00000eb9  CPUcpsie                      
00000ec5  GPIOIntEnable                 
00000ed1  hw_pneumatic_init             
00000edd  millis                        
00000ee9  stepper_init                  
00000ef5  wait_up2                      
00000f01  wait_up                       
00000f0d  controller                    
00000f15  GPIOIntClear                  
00000f1b  GPIOPinWrite                  
00000f21  ResetISR                      
00000f27  SysCtlDelay                   
00000f2d  UARTClockSourceSet            
00000f33  _system_pre_init              
00000f37  C$$EXIT                       
00000f37  abort                         
000013e8  __TI_Handler_Table_Base       
000013f4  __TI_Handler_Table_Limit      
00001410  __TI_CINIT_Base               
00001428  __TI_CINIT_Limit              
20000000  __start___llvm_prf_cnts       
20000000  __stop___llvm_prf_cnts        
20000000  g_pfnRAMVectors               
20000270  __stack                       
20000470  __STACK_END                   
20000470  __STACK_TOP                   
20000470  channelizer_pos               
20000471  R_orient                      
20000472  L_orient                      
20000474  count1                        
20000478  prev_millis_tilter            
20000484  g_ui32SysClock                
20000488  milliseconds                  
2000048c  Servo_homing                  
2000048d  pod_Channel_flag              
2000048e  pod_tilt_flag                 
2000048f  tilterTask_Success            
ffffffff  __TI_pprof_out_hndl           
ffffffff  __TI_prof_data_size           
ffffffff  __TI_prof_data_start          
ffffffff  __binit__                     
ffffffff  __c_args__                    
ffffffff  binit                         
UNDEFED   __mpu_init                    
UNDEFED   _system_post_cinit            

[98 symbols]
